Archive member included to satisfy reference by file (symbol)

/usr/lib/gcc/arm-none-eabi/9.2.1/thumb/v6-m/nofp/libgcc.a(_dvmd_tls.o)
                              CMakeFiles/hello_gpout.dir/home/ivan/raspberry-pi-pico/pico/pico-sdk/src/rp2_common/pico_divider/divider.S.obj (__aeabi_idiv0)
/usr/lib/gcc/arm-none-eabi/9.2.1/../../../arm-none-eabi/lib/thumb/v6-m/nofp/libg.a(lib_a-atexit.o)
                              /usr/lib/gcc/arm-none-eabi/9.2.1/../../../arm-none-eabi/lib/thumb/v6-m/nofp/crt0.o (atexit)
/usr/lib/gcc/arm-none-eabi/9.2.1/../../../arm-none-eabi/lib/thumb/v6-m/nofp/libg.a(lib_a-calloc.o)
                              CMakeFiles/hello_gpout.dir/home/ivan/raspberry-pi-pico/pico/pico-sdk/src/rp2_common/pico_malloc/pico_malloc.c.obj (calloc)
/usr/lib/gcc/arm-none-eabi/9.2.1/../../../arm-none-eabi/lib/thumb/v6-m/nofp/libg.a(lib_a-callocr.o)
                              /usr/lib/gcc/arm-none-eabi/9.2.1/../../../arm-none-eabi/lib/thumb/v6-m/nofp/libg.a(lib_a-calloc.o) (_calloc_r)
/usr/lib/gcc/arm-none-eabi/9.2.1/../../../arm-none-eabi/lib/thumb/v6-m/nofp/libg.a(lib_a-ctype_.o)
                              CMakeFiles/hello_gpout.dir/home/ivan/raspberry-pi-pico/pico/pico-sdk/lib/tinyusb/src/tusb.c.obj (_ctype_)
/usr/lib/gcc/arm-none-eabi/9.2.1/../../../arm-none-eabi/lib/thumb/v6-m/nofp/libg.a(lib_a-fini.o)
                              /usr/lib/gcc/arm-none-eabi/9.2.1/../../../arm-none-eabi/lib/thumb/v6-m/nofp/crt0.o (__libc_fini_array)
/usr/lib/gcc/arm-none-eabi/9.2.1/../../../arm-none-eabi/lib/thumb/v6-m/nofp/libg.a(lib_a-impure.o)
                              /usr/lib/gcc/arm-none-eabi/9.2.1/../../../arm-none-eabi/lib/thumb/v6-m/nofp/libg.a(lib_a-calloc.o) (_impure_ptr)
/usr/lib/gcc/arm-none-eabi/9.2.1/../../../arm-none-eabi/lib/thumb/v6-m/nofp/libg.a(lib_a-init.o)
                              /usr/lib/gcc/arm-none-eabi/9.2.1/../../../arm-none-eabi/lib/thumb/v6-m/nofp/crt0.o (__libc_init_array)
/usr/lib/gcc/arm-none-eabi/9.2.1/../../../arm-none-eabi/lib/thumb/v6-m/nofp/libg.a(lib_a-malloc.o)
                              CMakeFiles/hello_gpout.dir/home/ivan/raspberry-pi-pico/pico/pico-sdk/src/rp2_common/pico_malloc/pico_malloc.c.obj (malloc)
/usr/lib/gcc/arm-none-eabi/9.2.1/../../../arm-none-eabi/lib/thumb/v6-m/nofp/libg.a(lib_a-mallocr.o)
                              /usr/lib/gcc/arm-none-eabi/9.2.1/../../../arm-none-eabi/lib/thumb/v6-m/nofp/libg.a(lib_a-callocr.o) (_malloc_r)
/usr/lib/gcc/arm-none-eabi/9.2.1/../../../arm-none-eabi/lib/thumb/v6-m/nofp/libg.a(lib_a-mlock.o)
                              /usr/lib/gcc/arm-none-eabi/9.2.1/../../../arm-none-eabi/lib/thumb/v6-m/nofp/libg.a(lib_a-mallocr.o) (__malloc_lock)
/usr/lib/gcc/arm-none-eabi/9.2.1/../../../arm-none-eabi/lib/thumb/v6-m/nofp/libg.a(lib_a-sbrkr.o)
                              /usr/lib/gcc/arm-none-eabi/9.2.1/../../../arm-none-eabi/lib/thumb/v6-m/nofp/libg.a(lib_a-mallocr.o) (_sbrk_r)
/usr/lib/gcc/arm-none-eabi/9.2.1/../../../arm-none-eabi/lib/thumb/v6-m/nofp/libg.a(lib_a-strlen-stub.o)
                              CMakeFiles/hello_gpout.dir/home/ivan/raspberry-pi-pico/pico/pico-sdk/src/rp2_common/pico_stdio/stdio.c.obj (strlen)
/usr/lib/gcc/arm-none-eabi/9.2.1/../../../arm-none-eabi/lib/thumb/v6-m/nofp/libg.a(lib_a-__atexit.o)
                              /usr/lib/gcc/arm-none-eabi/9.2.1/../../../arm-none-eabi/lib/thumb/v6-m/nofp/libg.a(lib_a-atexit.o) (__register_exitproc)
/usr/lib/gcc/arm-none-eabi/9.2.1/../../../arm-none-eabi/lib/thumb/v6-m/nofp/libg.a(lib_a-freer.o)
                              /usr/lib/gcc/arm-none-eabi/9.2.1/../../../arm-none-eabi/lib/thumb/v6-m/nofp/libg.a(lib_a-malloc.o) (_free_r)
/usr/lib/gcc/arm-none-eabi/9.2.1/../../../arm-none-eabi/lib/thumb/v6-m/nofp/libg.a(lib_a-reent.o)
                              /usr/lib/gcc/arm-none-eabi/9.2.1/../../../arm-none-eabi/lib/thumb/v6-m/nofp/libg.a(lib_a-sbrkr.o) (errno)

Allocating common symbols
Common symbol       size              file

sf_table            0x100             CMakeFiles/hello_gpout.dir/home/ivan/raspberry-pi-pico/pico/pico-sdk/src/rp2_common/pico_float/float_init_rom.c.obj
errno               0x4               /usr/lib/gcc/arm-none-eabi/9.2.1/../../../arm-none-eabi/lib/thumb/v6-m/nofp/libg.a(lib_a-reent.o)
_usbd_qdef_buf      0xc0              CMakeFiles/hello_gpout.dir/home/ivan/raspberry-pi-pico/pico/pico-sdk/lib/tinyusb/src/device/usbd.c.obj
sd_table            0x100             CMakeFiles/hello_gpout.dir/home/ivan/raspberry-pi-pico/pico/pico-sdk/src/rp2_common/pico_double/double_init_rom.c.obj
uart_char_to_line_feed
                    0x4               CMakeFiles/hello_gpout.dir/home/ivan/raspberry-pi-pico/pico/pico-sdk/src/rp2_common/hardware_uart/uart.c.obj

Discarded input sections

 .text          0x0000000000000000        0x0 /usr/lib/gcc/arm-none-eabi/9.2.1/thumb/v6-m/nofp/crti.o
 .data          0x0000000000000000        0x0 /usr/lib/gcc/arm-none-eabi/9.2.1/thumb/v6-m/nofp/crti.o
[...]
Memory Configuration

Name             Origin             Length             Attributes
FLASH            0x0000000010000000 0x0000000000200000 xr
RAM              0x0000000020000000 0x0000000000040000 xrw
SCRATCH_X        0x0000000020040000 0x0000000000001000 xrw
SCRATCH_Y        0x0000000020041000 0x0000000000001000 xrw
*default*        0x0000000000000000 0xffffffffffffffff

Linker script and memory map

LOAD /usr/lib/gcc/arm-none-eabi/9.2.1/thumb/v6-m/nofp/crti.o
LOAD /usr/lib/gcc/arm-none-eabi/9.2.1/thumb/v6-m/nofp/crtbegin.o
LOAD /usr/lib/gcc/arm-none-eabi/9.2.1/../../../arm-none-eabi/lib/thumb/v6-m/nofp/crt0.o

.flash_begin    0x0000000010000000        0x0
                0x0000000010000000                __flash_binary_start = .

.boot2          0x0000000010000000      0x100
                0x0000000010000000                __boot2_start__ = .
 *(.boot2)
 .boot2         0x0000000010000000      0x100 /tmp/cc38NR8n.o
                0x0000000010000100                __boot2_end__ = .
                0x0000000000000001                ASSERT (((__boot2_end__ - __boot2_start__) == 0x100), ERROR: Pico second stage bootloader must be 256 bytes in size)

.text           0x0000000010000100     0x70f0
                0x0000000010000100                __logical_binary_start = .
 *(.vectors)
 .vectors       0x0000000010000100       0xd4 CMakeFiles/hello_gpout.dir/home/ivan/raspberry-pi-pico/pico/pico-sdk/src/rp2_common/pico_standard_link/crt0.S.obj
                0x0000000010000100                __vectors
                0x0000000010000100                __VECTOR_TABLE
                0x00000000100001c0                isr_invalid
                0x00000000100001c0                __default_isrs_start
                0x00000000100001c2                isr_nmi
                0x00000000100001c4                isr_hardfault
                0x00000000100001c6                isr_svcall
                0x00000000100001c8                isr_pendsv
                0x00000000100001ca                isr_systick
                0x00000000100001cc                isr_irq30
                0x00000000100001cc                __unhandled_user_irq
                0x00000000100001cc                isr_irq13
                0x00000000100001cc                isr_irq27
                0x00000000100001cc                isr_irq31
                0x00000000100001cc                isr_irq5
                0x00000000100001cc                isr_irq11
                0x00000000100001cc                isr_irq23
                0x00000000100001cc                isr_irq18
                0x00000000100001cc                isr_irq28
                0x00000000100001cc                isr_irq19
                0x00000000100001cc                isr_irq0
                0x00000000100001cc                isr_irq6
                0x00000000100001cc                isr_irq22
                0x00000000100001cc                isr_irq17
                0x00000000100001cc                isr_irq14
                0x00000000100001cc                isr_irq2
                0x00000000100001cc                isr_irq10
                0x00000000100001cc                isr_irq8
                0x00000000100001cc                isr_irq24
                0x00000000100001cc                isr_irq1
                0x00000000100001cc                isr_irq7
                0x00000000100001cc                isr_irq21
                0x00000000100001cc                isr_irq20
                0x00000000100001cc                isr_irq15
                0x00000000100001cc                isr_irq25
                0x00000000100001cc                isr_irq4
                0x00000000100001cc                isr_irq16
                0x00000000100001cc                isr_irq29
                0x00000000100001cc                isr_irq26
                0x00000000100001cc                __default_isrs_end
                0x00000000100001cc                isr_irq3
                0x00000000100001cc                isr_irq12
                0x00000000100001cc                isr_irq9
                0x00000000100001d2                unhandled_user_irq_num_in_r0
 *(.binary_info_header)
 .binary_info_header
                0x00000000100001d4       0x14 CMakeFiles/hello_gpout.dir/home/ivan/raspberry-pi-pico/pico/pico-sdk/src/rp2_common/pico_standard_link/crt0.S.obj
                0x00000000100001e8                __binary_info_header_end = .
 *(.reset)
 .reset         0x00000000100001e8       0xa8 CMakeFiles/hello_gpout.dir/home/ivan/raspberry-pi-pico/pico/pico-sdk/src/rp2_common/pico_standard_link/crt0.S.obj
                0x00000000100001e8                _entry_point
                0x0000000010000266                __get_current_exception
 .reset         0x0000000010000290       0x30 CMakeFiles/hello_gpout.dir/home/ivan/raspberry-pi-pico/pico/pico-sdk/src/rp2_common/pico_standard_link/binary_info.c.obj
 *(.init)
 .init          0x00000000100002c0        0x4 /usr/lib/gcc/arm-none-eabi/9.2.1/thumb/v6-m/nofp/crti.o
                0x00000000100002c0                _init
 *(EXCLUDE_FILE(*libm.a: *libc.a:*lib_a-mem*.o *libgcc.a:) .text*)
 .text          0x00000000100002c4       0x98 /usr/lib/gcc/arm-none-eabi/9.2.1/thumb/v6-m/nofp/crtbegin.o
 .text.measure_freqs
                0x000000001000035c       0xb8 CMakeFiles/hello_gpout.dir/hello_gpout.c.obj
                0x000000001000035c                measure_freqs
 .text.main     0x0000000010000414       0x5c CMakeFiles/hello_gpout.dir/hello_gpout.c.obj
                0x0000000010000414                main
 .text.gpio_set_function
                0x0000000010000470       0x30 CMakeFiles/hello_gpout.dir/home/ivan/raspberry-pi-pico/pico/pico-sdk/src/rp2_common/hardware_gpio/gpio.c.obj
                0x0000000010000470                gpio_set_function
 .text.hw_claim_lock
                0x00000000100004a0       0x18 CMakeFiles/hello_gpout.dir/home/ivan/raspberry-pi-pico/pico/pico-sdk/src/rp2_common/hardware_claim/claim.c.obj
                0x00000000100004a0                hw_claim_lock
 .text.hw_claim_unlock
                0x00000000100004b8       0x14 CMakeFiles/hello_gpout.dir/home/ivan/raspberry-pi-pico/pico/pico-sdk/src/rp2_common/hardware_claim/claim.c.obj
                0x00000000100004b8                hw_claim_unlock
 .text.hw_claim_or_assert
                0x00000000100004cc       0x32 CMakeFiles/hello_gpout.dir/home/ivan/raspberry-pi-pico/pico/pico-sdk/src/rp2_common/hardware_claim/claim.c.obj
                0x00000000100004cc                hw_claim_or_assert
 .text.hw_claim_unused_from_range
                0x00000000100004fe       0x50 CMakeFiles/hello_gpout.dir/home/ivan/raspberry-pi-pico/pico/pico-sdk/src/rp2_common/hardware_claim/claim.c.obj
                0x00000000100004fe                hw_claim_unused_from_range
 *fill*         0x000000001000054e        0x2 
 .text.running_on_fpga
                0x0000000010000550       0x14 CMakeFiles/hello_gpout.dir/home/ivan/raspberry-pi-pico/pico/pico-sdk/src/rp2_common/pico_platform/platform.c.obj
                0x0000000010000550                running_on_fpga
 .text.spin_locks_reset
                0x0000000010000564       0x20 CMakeFiles/hello_gpout.dir/home/ivan/raspberry-pi-pico/pico/pico-sdk/src/rp2_common/hardware_sync/sync.c.obj
                0x0000000010000564                spin_locks_reset
 .text.next_striped_spin_lock_num
                0x0000000010000584       0x1c CMakeFiles/hello_gpout.dir/home/ivan/raspberry-pi-pico/pico/pico-sdk/src/rp2_common/hardware_sync/sync.c.obj
                0x0000000010000584                next_striped_spin_lock_num
 .text.spin_lock_claim_unused
                0x00000000100005a0       0x20 CMakeFiles/hello_gpout.dir/home/ivan/raspberry-pi-pico/pico/pico-sdk/src/rp2_common/hardware_sync/sync.c.obj
                0x00000000100005a0                spin_lock_claim_unused
 .text.uart_set_baudrate
                0x00000000100005c0       0x5c CMakeFiles/hello_gpout.dir/home/ivan/raspberry-pi-pico/pico/pico-sdk/src/rp2_common/hardware_uart/uart.c.obj
                0x00000000100005c0                uart_set_baudrate
 .text.uart_set_translate_crlf
                0x000000001000061c       0x28 CMakeFiles/hello_gpout.dir/home/ivan/raspberry-pi-pico/pico/pico-sdk/src/rp2_common/hardware_uart/uart.c.obj
                0x000000001000061c                uart_set_translate_crlf
 .text.uart_init
                0x0000000010000644       0x80 CMakeFiles/hello_gpout.dir/home/ivan/raspberry-pi-pico/pico/pico-sdk/src/rp2_common/hardware_uart/uart.c.obj
                0x0000000010000644                uart_init
 .text.alarm_pool_post_alloc_init
                0x00000000100006c4       0x40 CMakeFiles/hello_gpout.dir/home/ivan/raspberry-pi-pico/pico/pico-sdk/src/common/pico_time/time.c.obj
 .text.sleep_until_callback
                0x0000000010000704       0x30 CMakeFiles/hello_gpout.dir/home/ivan/raspberry-pi-pico/pico/pico-sdk/src/common/pico_time/time.c.obj
 .text.timer_pool_entry_comparator
                0x0000000010000734       0x7c CMakeFiles/hello_gpout.dir/home/ivan/raspberry-pi-pico/pico/pico-sdk/src/common/pico_time/time.c.obj
                0x0000000010000734                timer_pool_entry_comparator
 .text.ph_add_child_node
                0x00000000100007b0       0xa4 CMakeFiles/hello_gpout.dir/home/ivan/raspberry-pi-pico/pico/pico-sdk/src/common/pico_time/time.c.obj
 .text.ph_merge_nodes
                0x0000000010000854       0x3e CMakeFiles/hello_gpout.dir/home/ivan/raspberry-pi-pico/pico/pico-sdk/src/common/pico_time/time.c.obj
 *fill*         0x0000000010000892        0x2 
 .text.add_alarm_under_lock
                0x0000000010000894      0x174 CMakeFiles/hello_gpout.dir/home/ivan/raspberry-pi-pico/pico/pico-sdk/src/common/pico_time/time.c.obj
 .text.alarm_pool_alarm_callback
                0x0000000010000a08      0x32c CMakeFiles/hello_gpout.dir/home/ivan/raspberry-pi-pico/pico/pico-sdk/src/common/pico_time/time.c.obj
 .text.alarm_pool_init_default
                0x0000000010000d34       0x38 CMakeFiles/hello_gpout.dir/home/ivan/raspberry-pi-pico/pico/pico-sdk/src/common/pico_time/time.c.obj
                0x0000000010000d34                alarm_pool_init_default
 .text.alarm_pool_get_default
                0x0000000010000d6c       0x2c CMakeFiles/hello_gpout.dir/home/ivan/raspberry-pi-pico/pico/pico-sdk/src/common/pico_time/time.c.obj
                0x0000000010000d6c                alarm_pool_get_default
 .text.alarm_pool_add_alarm_at
                0x0000000010000d98      0x170 CMakeFiles/hello_gpout.dir/home/ivan/raspberry-pi-pico/pico/pico-sdk/src/common/pico_time/time.c.obj
                0x0000000010000d98                alarm_pool_add_alarm_at
 .text.alarm_pool_cancel_alarm
                0x0000000010000f08       0xf0 CMakeFiles/hello_gpout.dir/home/ivan/raspberry-pi-pico/pico/pico-sdk/src/common/pico_time/time.c.obj
                0x0000000010000f08                alarm_pool_cancel_alarm
 .text.best_effort_wfe_or_timeout
                0x0000000010000ff8       0x80 CMakeFiles/hello_gpout.dir/home/ivan/raspberry-pi-pico/pico/pico-sdk/src/common/pico_time/time.c.obj
                0x0000000010000ff8                best_effort_wfe_or_timeout
 .text.hardware_alarm_irq_handler
                0x0000000010001078       0x8c CMakeFiles/hello_gpout.dir/home/ivan/raspberry-pi-pico/pico/pico-sdk/src/rp2_common/hardware_timer/timer.c.obj
 .text.hardware_alarm_claim
                0x0000000010001104       0x18 CMakeFiles/hello_gpout.dir/home/ivan/raspberry-pi-pico/pico/pico-sdk/src/rp2_common/hardware_timer/timer.c.obj
                0x0000000010001104                hardware_alarm_claim
 .text.time_us_64
                0x000000001000111c       0x18 CMakeFiles/hello_gpout.dir/home/ivan/raspberry-pi-pico/pico/pico-sdk/src/rp2_common/hardware_timer/timer.c.obj
                0x000000001000111c                time_us_64
 .text.hardware_alarm_set_callback
                0x0000000010001134       0x90 CMakeFiles/hello_gpout.dir/home/ivan/raspberry-pi-pico/pico/pico-sdk/src/rp2_common/hardware_timer/timer.c.obj
                0x0000000010001134                hardware_alarm_set_callback
 .text.hardware_alarm_set_target
                0x00000000100011c4       0xe8 CMakeFiles/hello_gpout.dir/home/ivan/raspberry-pi-pico/pico/pico-sdk/src/rp2_common/hardware_timer/timer.c.obj
                0x00000000100011c4                hardware_alarm_set_target
 .text.hardware_alarm_cancel
                0x00000000100012ac       0x40 CMakeFiles/hello_gpout.dir/home/ivan/raspberry-pi-pico/pico/pico-sdk/src/rp2_common/hardware_timer/timer.c.obj
                0x00000000100012ac                hardware_alarm_cancel
 .text.lock_init
                0x00000000100012ec       0x10 CMakeFiles/hello_gpout.dir/home/ivan/raspberry-pi-pico/pico/pico-sdk/src/common/pico_sync/lock_core.c.obj
                0x00000000100012ec                lock_init
 .text.mutex_init
                0x00000000100012fc       0x1a CMakeFiles/hello_gpout.dir/home/ivan/raspberry-pi-pico/pico/pico-sdk/src/common/pico_sync/mutex.c.obj
                0x00000000100012fc                mutex_init
 .text.recursive_mutex_init
                0x0000000010001316       0x1e CMakeFiles/hello_gpout.dir/home/ivan/raspberry-pi-pico/pico/pico-sdk/src/common/pico_sync/mutex.c.obj
                0x0000000010001316                recursive_mutex_init
 .text.critical_section_init_with_lock_num
                0x0000000010001334       0x14 CMakeFiles/hello_gpout.dir/home/ivan/raspberry-pi-pico/pico/pico-sdk/src/common/pico_sync/critical_section.c.obj
                0x0000000010001334                critical_section_init_with_lock_num
 .text.critical_section_init
                0x0000000010001348       0x14 CMakeFiles/hello_gpout.dir/home/ivan/raspberry-pi-pico/pico/pico-sdk/src/common/pico_sync/critical_section.c.obj
                0x0000000010001348                critical_section_init
 .text.ph_add_child_node
                0x000000001000135c       0xa4 CMakeFiles/hello_gpout.dir/home/ivan/raspberry-pi-pico/pico/pico-sdk/src/common/pico_util/pheap.c.obj
 .text.ph_merge_nodes
                0x0000000010001400       0x3e CMakeFiles/hello_gpout.dir/home/ivan/raspberry-pi-pico/pico/pico-sdk/src/common/pico_util/pheap.c.obj
 *fill*         0x000000001000143e        0x2 
 .text.ph_clear
                0x0000000010001440       0x70 CMakeFiles/hello_gpout.dir/home/ivan/raspberry-pi-pico/pico/pico-sdk/src/common/pico_util/pheap.c.obj
                0x0000000010001440                ph_clear
 .text.ph_post_alloc_init
                0x00000000100014b0        0xe CMakeFiles/hello_gpout.dir/home/ivan/raspberry-pi-pico/pico/pico-sdk/src/common/pico_util/pheap.c.obj
                0x00000000100014b0                ph_post_alloc_init
 *fill*         0x00000000100014be        0x2 
 .text.ph_merge_two_pass
                0x00000000100014c0       0xa8 CMakeFiles/hello_gpout.dir/home/ivan/raspberry-pi-pico/pico/pico-sdk/src/common/pico_util/pheap.c.obj
                0x00000000100014c0                ph_merge_two_pass
 .text.ph_remove_any_head
                0x0000000010001568      0x108 CMakeFiles/hello_gpout.dir/home/ivan/raspberry-pi-pico/pico/pico-sdk/src/common/pico_util/pheap.c.obj
 .text.ph_remove_head
                0x0000000010001670       0x14 CMakeFiles/hello_gpout.dir/home/ivan/raspberry-pi-pico/pico/pico-sdk/src/common/pico_util/pheap.c.obj
                0x0000000010001670                ph_remove_head
 .text.ph_remove_and_free_node
                0x0000000010001684       0xf8 CMakeFiles/hello_gpout.dir/home/ivan/raspberry-pi-pico/pico/pico-sdk/src/common/pico_util/pheap.c.obj
                0x0000000010001684                ph_remove_and_free_node
 .text._exit    0x000000001000177c        0x4 CMakeFiles/hello_gpout.dir/home/ivan/raspberry-pi-pico/pico/pico-sdk/src/rp2_common/pico_runtime/runtime.c.obj
                0x000000001000177c                _exit
 .text.exit     0x0000000010001780        0x6 CMakeFiles/hello_gpout.dir/home/ivan/raspberry-pi-pico/pico/pico-sdk/src/rp2_common/pico_runtime/runtime.c.obj
                0x0000000010001780                exit
 *fill*         0x0000000010001786        0x2 
 .text.__assert_func
                0x0000000010001788       0x3c CMakeFiles/hello_gpout.dir/home/ivan/raspberry-pi-pico/pico/pico-sdk/src/rp2_common/pico_runtime/runtime.c.obj
                0x0000000010001788                __assert_func
 .text.runtime_init
                0x00000000100017c4       0xf8 CMakeFiles/hello_gpout.dir/home/ivan/raspberry-pi-pico/pico/pico-sdk/src/rp2_common/pico_runtime/runtime.c.obj
                0x00000000100017c4                runtime_init
 .text.panic    0x00000000100018bc       0x30 CMakeFiles/hello_gpout.dir/home/ivan/raspberry-pi-pico/pico/pico-sdk/src/rp2_common/pico_runtime/runtime.c.obj
                0x00000000100018bc                panic
 .text.clock_configure
                0x00000000100018ec      0x104 CMakeFiles/hello_gpout.dir/home/ivan/raspberry-pi-pico/pico/pico-sdk/src/rp2_common/hardware_clocks/clocks.c.obj
                0x00000000100018ec                clock_configure
 .text.clocks_init
                0x00000000100019f0      0x100 CMakeFiles/hello_gpout.dir/home/ivan/raspberry-pi-pico/pico/pico-sdk/src/rp2_common/hardware_clocks/clocks.c.obj
                0x00000000100019f0                clocks_init
 .text.clock_get_hz
                0x0000000010001af0        0xc CMakeFiles/hello_gpout.dir/home/ivan/raspberry-pi-pico/pico/pico-sdk/src/rp2_common/hardware_clocks/clocks.c.obj
                0x0000000010001af0                clock_get_hz
 .text.frequency_count_khz
                0x0000000010001afc       0x40 CMakeFiles/hello_gpout.dir/home/ivan/raspberry-pi-pico/pico/pico-sdk/src/rp2_common/hardware_clocks/clocks.c.obj
                0x0000000010001afc                frequency_count_khz
 .text.set_raw_irq_handler_and_unlock
                0x0000000010001b3c       0x28 CMakeFiles/hello_gpout.dir/home/ivan/raspberry-pi-pico/pico/pico-sdk/src/rp2_common/hardware_irq/irq.c.obj
 .text.make_branch
                0x0000000010001b64       0x48 CMakeFiles/hello_gpout.dir/home/ivan/raspberry-pi-pico/pico/pico-sdk/src/rp2_common/hardware_irq/irq.c.obj
 .text.insert_branch_and_link
                0x0000000010001bac       0x40 CMakeFiles/hello_gpout.dir/home/ivan/raspberry-pi-pico/pico/pico-sdk/src/rp2_common/hardware_irq/irq.c.obj
 .text.irq_is_enabled
                0x0000000010001bec       0x18 CMakeFiles/hello_gpout.dir/home/ivan/raspberry-pi-pico/pico/pico-sdk/src/rp2_common/hardware_irq/irq.c.obj
                0x0000000010001bec                irq_is_enabled
 .text.irq_set_mask_enabled
                0x0000000010001c04       0x20 CMakeFiles/hello_gpout.dir/home/ivan/raspberry-pi-pico/pico/pico-sdk/src/rp2_common/hardware_irq/irq.c.obj
                0x0000000010001c04                irq_set_mask_enabled
 .text.irq_set_enabled
                0x0000000010001c24        0xe CMakeFiles/hello_gpout.dir/home/ivan/raspberry-pi-pico/pico/pico-sdk/src/rp2_common/hardware_irq/irq.c.obj
                0x0000000010001c24                irq_set_enabled
 *fill*         0x0000000010001c32        0x2 
 .text.irq_set_pending
                0x0000000010001c34       0x10 CMakeFiles/hello_gpout.dir/home/ivan/raspberry-pi-pico/pico/pico-sdk/src/rp2_common/hardware_irq/irq.c.obj
                0x0000000010001c34                irq_set_pending
 .text.irq_get_vtable_handler
                0x0000000010001c44       0x10 CMakeFiles/hello_gpout.dir/home/ivan/raspberry-pi-pico/pico/pico-sdk/src/rp2_common/hardware_irq/irq.c.obj
                0x0000000010001c44                irq_get_vtable_handler
 .text.irq_set_exclusive_handler
                0x0000000010001c54       0x54 CMakeFiles/hello_gpout.dir/home/ivan/raspberry-pi-pico/pico/pico-sdk/src/rp2_common/hardware_irq/irq.c.obj
                0x0000000010001c54                irq_set_exclusive_handler
 .text.irq_remove_handler
                0x0000000010001ca8      0x1a8 CMakeFiles/hello_gpout.dir/home/ivan/raspberry-pi-pico/pico/pico-sdk/src/rp2_common/hardware_irq/irq.c.obj
                0x0000000010001ca8                irq_remove_handler
 .text.irq_add_tail_to_free_list
                0x0000000010001e50       0xf0 CMakeFiles/hello_gpout.dir/home/ivan/raspberry-pi-pico/pico/pico-sdk/src/rp2_common/hardware_irq/irq.c.obj
                0x0000000010001e50                irq_add_tail_to_free_list
 .text.irq_init_priorities
                0x0000000010001f40       0x1c CMakeFiles/hello_gpout.dir/home/ivan/raspberry-pi-pico/pico/pico-sdk/src/rp2_common/hardware_irq/irq.c.obj
                0x0000000010001f40                irq_init_priorities
 .text.pll_init
                0x0000000010001f5c      0x120 CMakeFiles/hello_gpout.dir/home/ivan/raspberry-pi-pico/pico/pico-sdk/src/rp2_common/hardware_pll/pll.c.obj
                0x0000000010001f5c                pll_init
 .text.pll_deinit
                0x000000001000207c        0x6 CMakeFiles/hello_gpout.dir/home/ivan/raspberry-pi-pico/pico/pico-sdk/src/rp2_common/hardware_pll/pll.c.obj
                0x000000001000207c                pll_deinit
 *fill*         0x0000000010002082        0x2 
 .text.watchdog_start_tick
                0x0000000010002084       0x10 CMakeFiles/hello_gpout.dir/home/ivan/raspberry-pi-pico/pico/pico-sdk/src/rp2_common/hardware_watchdog/watchdog.c.obj
                0x0000000010002084                watchdog_start_tick
 .text.watchdog_update
                0x0000000010002094       0x14 CMakeFiles/hello_gpout.dir/home/ivan/raspberry-pi-pico/pico/pico-sdk/src/rp2_common/hardware_watchdog/watchdog.c.obj
                0x0000000010002094                watchdog_update
 .text._watchdog_enable
                0x00000000100020a8       0x78 CMakeFiles/hello_gpout.dir/home/ivan/raspberry-pi-pico/pico/pico-sdk/src/rp2_common/hardware_watchdog/watchdog.c.obj
                0x00000000100020a8                _watchdog_enable
 .text.watchdog_reboot
                0x0000000010002120       0x48 CMakeFiles/hello_gpout.dir/home/ivan/raspberry-pi-pico/pico/pico-sdk/src/rp2_common/hardware_watchdog/watchdog.c.obj
                0x0000000010002120                watchdog_reboot
 .text.xosc_init
                0x0000000010002168       0x28 CMakeFiles/hello_gpout.dir/home/ivan/raspberry-pi-pico/pico/pico-sdk/src/rp2_common/hardware_xosc/xosc.c.obj
                0x0000000010002168                xosc_init
 .text._out_null
                0x0000000010002190        0x2 CMakeFiles/hello_gpout.dir/home/ivan/raspberry-pi-pico/pico/pico-sdk/src/rp2_common/pico_printf/printf.c.obj
 .text._out_fct
                0x0000000010002192        0xe CMakeFiles/hello_gpout.dir/home/ivan/raspberry-pi-pico/pico/pico-sdk/src/rp2_common/pico_printf/printf.c.obj
 .text._atoi    0x00000000100021a0       0x24 CMakeFiles/hello_gpout.dir/home/ivan/raspberry-pi-pico/pico/pico-sdk/src/rp2_common/pico_printf/printf.c.obj
 .text._out_rev
                0x00000000100021c4       0xae CMakeFiles/hello_gpout.dir/home/ivan/raspberry-pi-pico/pico/pico-sdk/src/rp2_common/pico_printf/printf.c.obj
 .text._ntoa_format
                0x0000000010002272      0x110 CMakeFiles/hello_gpout.dir/home/ivan/raspberry-pi-pico/pico/pico-sdk/src/rp2_common/pico_printf/printf.c.obj
 .text._ntoa_long
                0x0000000010002382       0xbc CMakeFiles/hello_gpout.dir/home/ivan/raspberry-pi-pico/pico/pico-sdk/src/rp2_common/pico_printf/printf.c.obj
 .text._ntoa_long_long
                0x000000001000243e       0xe2 CMakeFiles/hello_gpout.dir/home/ivan/raspberry-pi-pico/pico/pico-sdk/src/rp2_common/pico_printf/printf.c.obj
 .text._etoa    0x0000000010002520      0x40c CMakeFiles/hello_gpout.dir/home/ivan/raspberry-pi-pico/pico/pico-sdk/src/rp2_common/pico_printf/printf.c.obj
 .text._ftoa    0x000000001000292c      0x354 CMakeFiles/hello_gpout.dir/home/ivan/raspberry-pi-pico/pico/pico-sdk/src/rp2_common/pico_printf/printf.c.obj
 .text._vsnprintf
                0x0000000010002c80      0x628 CMakeFiles/hello_gpout.dir/home/ivan/raspberry-pi-pico/pico/pico-sdk/src/rp2_common/pico_printf/printf.c.obj
 .text.vfctprintf
                0x00000000100032a8       0x20 CMakeFiles/hello_gpout.dir/home/ivan/raspberry-pi-pico/pico/pico-sdk/src/rp2_common/pico_printf/printf.c.obj
                0x00000000100032a8                vfctprintf
 .text          0x00000000100032c8       0x10 CMakeFiles/hello_gpout.dir/home/ivan/raspberry-pi-pico/pico/pico-sdk/src/rp2_common/pico_bit_ops/bit_ops_aeabi.S.obj
 .text.rom_func_lookup
                0x00000000100032d8       0x10 CMakeFiles/hello_gpout.dir/home/ivan/raspberry-pi-pico/pico/pico-sdk/src/rp2_common/pico_bootrom/bootrom.c.obj
                0x00000000100032d8                rom_func_lookup
 .text.rom_data_lookup
                0x00000000100032e8       0x10 CMakeFiles/hello_gpout.dir/home/ivan/raspberry-pi-pico/pico/pico-sdk/src/rp2_common/pico_bootrom/bootrom.c.obj
                0x00000000100032e8                rom_data_lookup
 .text.rom_funcs_lookup
                0x00000000100032f8       0x36 CMakeFiles/hello_gpout.dir/home/ivan/raspberry-pi-pico/pico/pico-sdk/src/rp2_common/pico_bootrom/bootrom.c.obj
                0x00000000100032f8                rom_funcs_lookup
 *fill*         0x000000001000332e        0x2 
 .text.__wrap___aeabi_idiv
                0x0000000010003330       0x50 CMakeFiles/hello_gpout.dir/home/ivan/raspberry-pi-pico/pico/pico-sdk/src/rp2_common/pico_divider/divider.S.obj
                0x0000000010003330                __wrap___aeabi_idivmod
                0x0000000010003330                divmod_s32s32
                0x0000000010003330                div_s32s32
                0x0000000010003330                __wrap___aeabi_idiv
                0x0000000010003338                divmod_s32s32_unsafe
                0x0000000010003364                divmod_s32s32_savestate
 .text.__wrap___aeabi_uidiv
                0x0000000010003380       0x4c CMakeFiles/hello_gpout.dir/home/ivan/raspberry-pi-pico/pico/pico-sdk/src/rp2_common/pico_divider/divider.S.obj
                0x0000000010003380                __wrap___aeabi_uidiv
                0x0000000010003380                __wrap___aeabi_uidivmod
                0x0000000010003380                div_u32u32
                0x0000000010003380                divmod_u32u32
                0x0000000010003388                divmod_u32u32_unsafe
                0x00000000100033b0                divmod_u32u32_savestate
 .text.__wrap___aeabi_ldiv
                0x00000000100033cc      0x434 CMakeFiles/hello_gpout.dir/home/ivan/raspberry-pi-pico/pico/pico-sdk/src/rp2_common/pico_divider/divider.S.obj
                0x00000000100033cc                div_s64s64
                0x00000000100033cc                divmod_s64s64
                0x00000000100033cc                __wrap___aeabi_ldivmod
                0x0000000010003404                div_u64u64
                0x0000000010003404                divmod_u64u64
                0x0000000010003404                __wrap___aeabi_uldivmod
                0x0000000010003414                divmod_u64u64_savestate
                0x000000001000343c                divmod_s64s64_unsafe
                0x00000000100034c4                divmod_u64u64_unsafe
 .text.__wrap___aeabi_darithmetic
                0x0000000010003800       0x80 CMakeFiles/hello_gpout.dir/home/ivan/raspberry-pi-pico/pico/pico-sdk/src/rp2_common/pico_double/double_aeabi.S.obj
                0x0000000010003800                __wrap___aeabi_drsub
                0x0000000010003806                __wrap___aeabi_dsub
                0x0000000010003818                __wrap___aeabi_dadd
                0x000000001000382a                __wrap___aeabi_ddiv
                0x0000000010003866                __wrap___aeabi_dmul
 .text.__wrap___aeabi_cdcmple
                0x0000000010003880       0x6c CMakeFiles/hello_gpout.dir/home/ivan/raspberry-pi-pico/pico/pico-sdk/src/rp2_common/pico_double/double_aeabi.S.obj
                0x0000000010003880                __wrap___aeabi_cdrcmple
                0x0000000010003890                __wrap___aeabi_cdcmple
                0x0000000010003890                __wrap___aeabi_cdcmpeq
 .text.__wrap___aeabi_dcmplt
                0x00000000100038ec        0xc CMakeFiles/hello_gpout.dir/home/ivan/raspberry-pi-pico/pico/pico-sdk/src/rp2_common/pico_double/double_aeabi.S.obj
                0x00000000100038ec                __wrap___aeabi_dcmplt
 .text.__wrap___aeabi_dcmple
                0x00000000100038f8       0x10 CMakeFiles/hello_gpout.dir/home/ivan/raspberry-pi-pico/pico/pico-sdk/src/rp2_common/pico_double/double_aeabi.S.obj
                0x00000000100038f8                __wrap___aeabi_dcmple
 .text.__wrap___aeabi_dcmpge
                0x0000000010003908       0x10 CMakeFiles/hello_gpout.dir/home/ivan/raspberry-pi-pico/pico/pico-sdk/src/rp2_common/pico_double/double_aeabi.S.obj
                0x0000000010003908                __wrap___aeabi_dcmpge
 .text.__wrap___aeabi_dcmpgt
                0x0000000010003918        0xa CMakeFiles/hello_gpout.dir/home/ivan/raspberry-pi-pico/pico/pico-sdk/src/rp2_common/pico_double/double_aeabi.S.obj
                0x0000000010003918                __wrap___aeabi_dcmpgt
 .text.__wrap___aeabi_dcmpun
                0x0000000010003922       0x1c CMakeFiles/hello_gpout.dir/home/ivan/raspberry-pi-pico/pico/pico-sdk/src/rp2_common/pico_double/double_aeabi.S.obj
                0x0000000010003922                __wrap___aeabi_dcmpun
 *fill*         0x000000001000393e        0x2 
 .text.__wrap___aeabi_i2d
                0x0000000010003940       0x38 CMakeFiles/hello_gpout.dir/home/ivan/raspberry-pi-pico/pico/pico-sdk/src/rp2_common/pico_double/double_aeabi.S.obj
                0x0000000010003940                __wrap___aeabi_ui2d
                0x0000000010003948                __wrap___aeabi_i2d
 .text.__wrap___aeabi_d2iz
                0x0000000010003978       0x48 CMakeFiles/hello_gpout.dir/home/ivan/raspberry-pi-pico/pico/pico-sdk/src/rp2_common/pico_double/double_aeabi.S.obj
                0x0000000010003978                __wrap___aeabi_d2iz
                0x0000000010003978                double2int_z
 .text.__wrap___aeabi_d2uiz
                0x00000000100039c0       0x18 CMakeFiles/hello_gpout.dir/home/ivan/raspberry-pi-pico/pico/pico-sdk/src/rp2_common/pico_double/double_aeabi.S.obj
                0x00000000100039c0                double2uint
                0x00000000100039c0                __wrap___aeabi_d2uiz
 .text.__aeabi_double_init
                0x00000000100039d8       0xc8 CMakeFiles/hello_gpout.dir/home/ivan/raspberry-pi-pico/pico/pico-sdk/src/rp2_common/pico_double/double_init_rom.c.obj
                0x00000000100039d8                __aeabi_double_init
 .text.double_table_shim_on_use_helper
                0x0000000010003aa0       0x34 CMakeFiles/hello_gpout.dir/home/ivan/raspberry-pi-pico/pico/pico-sdk/src/rp2_common/pico_double/double_v1_rom_shim.S.obj
                0x0000000010003aa0                double_table_shim_on_use_helper
 .text.__wrap___aeabi_dsub
                0x0000000010003ad4       0x10 CMakeFiles/hello_gpout.dir/home/ivan/raspberry-pi-pico/pico/pico-sdk/src/rp2_common/pico_double/double_v1_rom_shim.S.obj
                0x0000000010003ad4                drsub_shim
                0x0000000010003ada                dsub_shim
 .text.dadd_shim
                0x0000000010003ae4      0x15c CMakeFiles/hello_gpout.dir/home/ivan/raspberry-pi-pico/pico/pico-sdk/src/rp2_common/pico_double/double_v1_rom_shim.S.obj
                0x0000000010003ae4                dadd_shim
 .text.dmul_shim
                0x0000000010003c40      0x15c CMakeFiles/hello_gpout.dir/home/ivan/raspberry-pi-pico/pico/pico-sdk/src/rp2_common/pico_double/double_v1_rom_shim.S.obj
                0x0000000010003c40                dmul_shim
 .text.ddiv_shim
                0x0000000010003d9c      0x1b0 CMakeFiles/hello_gpout.dir/home/ivan/raspberry-pi-pico/pico/pico-sdk/src/rp2_common/pico_double/double_v1_rom_shim.S.obj
                0x0000000010003d9c                ddiv_shim
 .text.double2uint_shim
                0x0000000010003f4c        0xe CMakeFiles/hello_gpout.dir/home/ivan/raspberry-pi-pico/pico/pico-sdk/src/rp2_common/pico_double/double_v1_rom_shim.S.obj
                0x0000000010003f4c                double2uint_shim
                0x0000000010003f4e                double2ufix_shim
 *fill*         0x0000000010003f5a        0x2 
 .text.double2uint64_shim
                0x0000000010003f5c       0x70 CMakeFiles/hello_gpout.dir/home/ivan/raspberry-pi-pico/pico/pico-sdk/src/rp2_common/pico_double/double_v1_rom_shim.S.obj
                0x0000000010003f5c                double2uint64_shim
                0x0000000010003f5e                double2ufix64_shim
                0x0000000010003f7e                d2fix_a
 .text.dunpacks
                0x0000000010003fcc       0x3c CMakeFiles/hello_gpout.dir/home/ivan/raspberry-pi-pico/pico/pico-sdk/src/rp2_common/pico_double/double_v1_rom_shim.S.obj
                0x0000000010003fcc                dunpacks
 .text.__aeabi_lmul
                0x0000000010004008       0x32 CMakeFiles/hello_gpout.dir/home/ivan/raspberry-pi-pico/pico/pico-sdk/src/rp2_common/pico_int64_ops/pico_int64_ops_aeabi.S.obj
                0x0000000010004008                __wrap___aeabi_lmul
 *fill*         0x000000001000403a        0x2 
 .text.__aeabi_float_init
                0x000000001000403c       0xfc CMakeFiles/hello_gpout.dir/home/ivan/raspberry-pi-pico/pico/pico-sdk/src/rp2_common/pico_float/float_init_rom.c.obj
                0x000000001000403c                __aeabi_float_init
 .text.float_table_shim_on_use_helper
                0x0000000010004138       0x34 CMakeFiles/hello_gpout.dir/home/ivan/raspberry-pi-pico/pico/pico-sdk/src/rp2_common/pico_float/float_v1_rom_shim.S.obj
                0x0000000010004138                float_table_shim_on_use_helper
 .text          0x000000001000416c       0x10 CMakeFiles/hello_gpout.dir/home/ivan/raspberry-pi-pico/pico/pico-sdk/src/rp2_common/pico_mem_ops/mem_ops_aeabi.S.obj
                0x000000001000416c                __aeabi_mem_init
 .text.memset   0x000000001000417c        0xc CMakeFiles/hello_gpout.dir/home/ivan/raspberry-pi-pico/pico/pico-sdk/src/rp2_common/pico_mem_ops/mem_ops_aeabi.S.obj
                0x000000001000417c                __wrap_memset
 .text.memcpy   0x0000000010004188        0xc CMakeFiles/hello_gpout.dir/home/ivan/raspberry-pi-pico/pico/pico-sdk/src/rp2_common/pico_mem_ops/mem_ops_aeabi.S.obj
                0x0000000010004188                __wrap___aeabi_memcpy
                0x0000000010004188                __wrap_memcpy
 .text.stdio_out_chars_no_crlf
                0x0000000010004194        0xe CMakeFiles/hello_gpout.dir/home/ivan/raspberry-pi-pico/pico/pico-sdk/src/rp2_common/pico_stdio/stdio.c.obj
 *fill*         0x00000000100041a2        0x2 
 .text.stdio_out_chars_crlf
                0x00000000100041a4       0x80 CMakeFiles/hello_gpout.dir/home/ivan/raspberry-pi-pico/pico/pico-sdk/src/rp2_common/pico_stdio/stdio.c.obj
 .text.stdio_stack_buffer_flush
                0x0000000010004224       0x44 CMakeFiles/hello_gpout.dir/home/ivan/raspberry-pi-pico/pico/pico-sdk/src/rp2_common/pico_stdio/stdio.c.obj
 .text.stdio_buffered_printer
                0x0000000010004268       0x20 CMakeFiles/hello_gpout.dir/home/ivan/raspberry-pi-pico/pico/pico-sdk/src/rp2_common/pico_stdio/stdio.c.obj
 .text.stdout_serialize_begin
                0x0000000010004288       0x30 CMakeFiles/hello_gpout.dir/home/ivan/raspberry-pi-pico/pico/pico-sdk/src/rp2_common/pico_stdio/stdio.c.obj
                0x0000000010004288                stdout_serialize_begin
 .text.stdout_serialize_end
                0x00000000100042b8       0x10 CMakeFiles/hello_gpout.dir/home/ivan/raspberry-pi-pico/pico/pico-sdk/src/rp2_common/pico_stdio/stdio.c.obj
                0x00000000100042b8                stdout_serialize_end
 .text.stdio_put_string
                0x00000000100042c8       0x98 CMakeFiles/hello_gpout.dir/home/ivan/raspberry-pi-pico/pico/pico-sdk/src/rp2_common/pico_stdio/stdio.c.obj
 .text.stdio_set_driver_enabled
                0x0000000010004360       0x2c CMakeFiles/hello_gpout.dir/home/ivan/raspberry-pi-pico/pico/pico-sdk/src/rp2_common/pico_stdio/stdio.c.obj
                0x0000000010004360                stdio_set_driver_enabled
 .text.stdio_flush
                0x000000001000438c       0x20 CMakeFiles/hello_gpout.dir/home/ivan/raspberry-pi-pico/pico/pico-sdk/src/rp2_common/pico_stdio/stdio.c.obj
                0x000000001000438c                stdio_flush
 .text.__wrap_puts
                0x00000000100043ac       0x1e CMakeFiles/hello_gpout.dir/home/ivan/raspberry-pi-pico/pico/pico-sdk/src/rp2_common/pico_stdio/stdio.c.obj
                0x00000000100043ac                __wrap_puts
 *fill*         0x00000000100043ca        0x2 
 .text.__wrap_vprintf
                0x00000000100043cc       0x44 CMakeFiles/hello_gpout.dir/home/ivan/raspberry-pi-pico/pico/pico-sdk/src/rp2_common/pico_stdio/stdio.c.obj
                0x00000000100043cc                __wrap_vprintf
 .text.__wrap_printf
                0x0000000010004410       0x18 CMakeFiles/hello_gpout.dir/home/ivan/raspberry-pi-pico/pico/pico-sdk/src/rp2_common/pico_stdio/stdio.c.obj
                0x0000000010004410                __wrap_printf
 .text.stdio_init_all
                0x0000000010004428        0xc CMakeFiles/hello_gpout.dir/home/ivan/raspberry-pi-pico/pico/pico-sdk/src/rp2_common/pico_stdio/stdio.c.obj
                0x0000000010004428                stdio_init_all
 .text.stdio_uart_out_chars
                0x0000000010004434       0x74 CMakeFiles/hello_gpout.dir/home/ivan/raspberry-pi-pico/pico/pico-sdk/src/rp2_common/pico_stdio_uart/stdio_uart.c.obj
 .text.stdio_uart_in_chars
                0x00000000100044a8       0x54 CMakeFiles/hello_gpout.dir/home/ivan/raspberry-pi-pico/pico/pico-sdk/src/rp2_common/pico_stdio_uart/stdio_uart.c.obj
                0x00000000100044a8                stdio_uart_in_chars
 .text.stdio_uart_init_full
                0x00000000100044fc       0x3c CMakeFiles/hello_gpout.dir/home/ivan/raspberry-pi-pico/pico/pico-sdk/src/rp2_common/pico_stdio_uart/stdio_uart.c.obj
                0x00000000100044fc                stdio_uart_init_full
 .text.stdio_uart_init
                0x0000000010004538       0x28 CMakeFiles/hello_gpout.dir/home/ivan/raspberry-pi-pico/pico/pico-sdk/src/rp2_common/pico_stdio_uart/stdio_uart.c.obj
                0x0000000010004538                stdio_uart_init
 .text.resetd_init
                0x0000000010004560        0x2 CMakeFiles/hello_gpout.dir/home/ivan/raspberry-pi-pico/pico/pico-sdk/src/rp2_common/pico_stdio_usb/reset_interface.c.obj
 *fill*         0x0000000010004562        0x2 
 .text.resetd_reset
                0x0000000010004564        0xc CMakeFiles/hello_gpout.dir/home/ivan/raspberry-pi-pico/pico/pico-sdk/src/rp2_common/pico_stdio_usb/reset_interface.c.obj
 .text.resetd_open
                0x0000000010004570       0x34 CMakeFiles/hello_gpout.dir/home/ivan/raspberry-pi-pico/pico/pico-sdk/src/rp2_common/pico_stdio_usb/reset_interface.c.obj
 .text.resetd_xfer_cb
                0x00000000100045a4        0x4 CMakeFiles/hello_gpout.dir/home/ivan/raspberry-pi-pico/pico/pico-sdk/src/rp2_common/pico_stdio_usb/reset_interface.c.obj
 .text.resetd_control_xfer_cb
                0x00000000100045a8       0x6c CMakeFiles/hello_gpout.dir/home/ivan/raspberry-pi-pico/pico/pico-sdk/src/rp2_common/pico_stdio_usb/reset_interface.c.obj
 .text.usbd_app_driver_get_cb
                0x0000000010004614        0xc CMakeFiles/hello_gpout.dir/home/ivan/raspberry-pi-pico/pico/pico-sdk/src/rp2_common/pico_stdio_usb/reset_interface.c.obj
                0x0000000010004614                usbd_app_driver_get_cb
 .text.tud_cdc_line_coding_cb
                0x0000000010004620       0x34 CMakeFiles/hello_gpout.dir/home/ivan/raspberry-pi-pico/pico/pico-sdk/src/rp2_common/pico_stdio_usb/reset_interface.c.obj
                0x0000000010004620                tud_cdc_line_coding_cb
 .text.stdio_usb_in_chars
                0x0000000010004654       0x70 CMakeFiles/hello_gpout.dir/home/ivan/raspberry-pi-pico/pico/pico-sdk/src/rp2_common/pico_stdio_usb/stdio_usb.c.obj
                0x0000000010004654                stdio_usb_in_chars
 .text.low_priority_worker_irq
                0x00000000100046c4       0x20 CMakeFiles/hello_gpout.dir/home/ivan/raspberry-pi-pico/pico/pico-sdk/src/rp2_common/pico_stdio_usb/stdio_usb.c.obj
 .text.stdio_usb_out_chars
                0x00000000100046e4       0xd4 CMakeFiles/hello_gpout.dir/home/ivan/raspberry-pi-pico/pico/pico-sdk/src/rp2_common/pico_stdio_usb/stdio_usb.c.obj
 .text.timer_task
                0x00000000100047b8       0x10 CMakeFiles/hello_gpout.dir/home/ivan/raspberry-pi-pico/pico/pico-sdk/src/rp2_common/pico_stdio_usb/stdio_usb.c.obj
 .text.stdio_usb_init
                0x00000000100047c8       0xb8 CMakeFiles/hello_gpout.dir/home/ivan/raspberry-pi-pico/pico/pico-sdk/src/rp2_common/pico_stdio_usb/stdio_usb.c.obj
                0x00000000100047c8                stdio_usb_init
 .text.tud_descriptor_device_cb
                0x0000000010004880        0x8 CMakeFiles/hello_gpout.dir/home/ivan/raspberry-pi-pico/pico/pico-sdk/src/rp2_common/pico_stdio_usb/stdio_usb_descriptors.c.obj
                0x0000000010004880                tud_descriptor_device_cb
 .text.tud_descriptor_configuration_cb
                0x0000000010004888        0x8 CMakeFiles/hello_gpout.dir/home/ivan/raspberry-pi-pico/pico/pico-sdk/src/rp2_common/pico_stdio_usb/stdio_usb_descriptors.c.obj
                0x0000000010004888                tud_descriptor_configuration_cb
 .text.tud_descriptor_string_cb
                0x0000000010004890       0x6c CMakeFiles/hello_gpout.dir/home/ivan/raspberry-pi-pico/pico/pico-sdk/src/rp2_common/pico_stdio_usb/stdio_usb_descriptors.c.obj
                0x0000000010004890                tud_descriptor_string_cb
 .text.hw_endpoint_get_by_addr
                0x00000000100048fc       0x18 CMakeFiles/hello_gpout.dir/home/ivan/raspberry-pi-pico/pico/pico-sdk/lib/tinyusb/src/portable/raspberrypi/rp2040/dcd_rp2040.c.obj
 .text.reset_ep0_pid
                0x0000000010004914       0x28 CMakeFiles/hello_gpout.dir/home/ivan/raspberry-pi-pico/pico/pico-sdk/lib/tinyusb/src/portable/raspberrypi/rp2040/dcd_rp2040.c.obj
 .text._hw_endpoint_alloc
                0x000000001000493c       0x70 CMakeFiles/hello_gpout.dir/home/ivan/raspberry-pi-pico/pico/pico-sdk/lib/tinyusb/src/portable/raspberrypi/rp2040/dcd_rp2040.c.obj
 .text.hw_endpoint_init
                0x00000000100049ac       0x88 CMakeFiles/hello_gpout.dir/home/ivan/raspberry-pi-pico/pico/pico-sdk/lib/tinyusb/src/portable/raspberrypi/rp2040/dcd_rp2040.c.obj
 .text.reset_non_control_endpoints
                0x0000000010004a34       0x40 CMakeFiles/hello_gpout.dir/home/ivan/raspberry-pi-pico/pico/pico-sdk/lib/tinyusb/src/portable/raspberrypi/rp2040/dcd_rp2040.c.obj
 .text.hw_handle_buff_status
                0x0000000010004a74       0x8c CMakeFiles/hello_gpout.dir/home/ivan/raspberry-pi-pico/pico/pico-sdk/lib/tinyusb/src/portable/raspberrypi/rp2040/dcd_rp2040.c.obj
 .text.dcd_rp2040_irq
                0x0000000010004b00       0xc0 CMakeFiles/hello_gpout.dir/home/ivan/raspberry-pi-pico/pico/pico-sdk/lib/tinyusb/src/portable/raspberrypi/rp2040/dcd_rp2040.c.obj
 .text.hw_endpoint_xfer
                0x0000000010004bc0       0x14 CMakeFiles/hello_gpout.dir/home/ivan/raspberry-pi-pico/pico/pico-sdk/lib/tinyusb/src/portable/raspberrypi/rp2040/dcd_rp2040.c.obj
 .text.dcd_int_enable
                0x0000000010004bd4       0x2c CMakeFiles/hello_gpout.dir/home/ivan/raspberry-pi-pico/pico/pico-sdk/lib/tinyusb/src/portable/raspberrypi/rp2040/dcd_rp2040.c.obj
                0x0000000010004bd4                dcd_int_enable
 .text.dcd_set_address
                0x0000000010004c00       0x2c CMakeFiles/hello_gpout.dir/home/ivan/raspberry-pi-pico/pico/pico-sdk/lib/tinyusb/src/portable/raspberrypi/rp2040/dcd_rp2040.c.obj
                0x0000000010004c00                dcd_set_address
 .text.dcd_connect
                0x0000000010004c2c       0x10 CMakeFiles/hello_gpout.dir/home/ivan/raspberry-pi-pico/pico/pico-sdk/lib/tinyusb/src/portable/raspberrypi/rp2040/dcd_rp2040.c.obj
                0x0000000010004c2c                dcd_connect
 .text.dcd_init
                0x0000000010004c3c       0x7c CMakeFiles/hello_gpout.dir/home/ivan/raspberry-pi-pico/pico/pico-sdk/lib/tinyusb/src/portable/raspberrypi/rp2040/dcd_rp2040.c.obj
                0x0000000010004c3c                dcd_init
 .text.dcd_edpt0_status_complete
                0x0000000010004cb8       0x1c CMakeFiles/hello_gpout.dir/home/ivan/raspberry-pi-pico/pico/pico-sdk/lib/tinyusb/src/portable/raspberrypi/rp2040/dcd_rp2040.c.obj
                0x0000000010004cb8                dcd_edpt0_status_complete
 .text.dcd_edpt_open
                0x0000000010004cd4       0x40 CMakeFiles/hello_gpout.dir/home/ivan/raspberry-pi-pico/pico/pico-sdk/lib/tinyusb/src/portable/raspberrypi/rp2040/dcd_rp2040.c.obj
                0x0000000010004cd4                dcd_edpt_open
 .text.dcd_edpt_close_all
                0x0000000010004d14        0x8 CMakeFiles/hello_gpout.dir/home/ivan/raspberry-pi-pico/pico/pico-sdk/lib/tinyusb/src/portable/raspberrypi/rp2040/dcd_rp2040.c.obj
                0x0000000010004d14                dcd_edpt_close_all
 .text.dcd_edpt_xfer
                0x0000000010004d1c       0x30 CMakeFiles/hello_gpout.dir/home/ivan/raspberry-pi-pico/pico/pico-sdk/lib/tinyusb/src/portable/raspberrypi/rp2040/dcd_rp2040.c.obj
                0x0000000010004d1c                dcd_edpt_xfer
 .text.dcd_edpt_stall
                0x0000000010004d4c       0x2c CMakeFiles/hello_gpout.dir/home/ivan/raspberry-pi-pico/pico/pico-sdk/lib/tinyusb/src/portable/raspberrypi/rp2040/dcd_rp2040.c.obj
                0x0000000010004d4c                dcd_edpt_stall
 .text.dcd_edpt_clear_stall
                0x0000000010004d78       0x20 CMakeFiles/hello_gpout.dir/home/ivan/raspberry-pi-pico/pico/pico-sdk/lib/tinyusb/src/portable/raspberrypi/rp2040/dcd_rp2040.c.obj
                0x0000000010004d78                dcd_edpt_clear_stall
 .text.prepare_ep_buffer
                0x0000000010004d98       0x70 CMakeFiles/hello_gpout.dir/home/ivan/raspberry-pi-pico/pico/pico-sdk/lib/tinyusb/src/portable/raspberrypi/rp2040/rp2040_usb.c.obj
 .text.sync_ep_buffer
                0x0000000010004e08       0x7c CMakeFiles/hello_gpout.dir/home/ivan/raspberry-pi-pico/pico/pico-sdk/lib/tinyusb/src/portable/raspberrypi/rp2040/rp2040_usb.c.obj
 .text._hw_endpoint_xfer_sync
                0x0000000010004e84       0x28 CMakeFiles/hello_gpout.dir/home/ivan/raspberry-pi-pico/pico/pico-sdk/lib/tinyusb/src/portable/raspberrypi/rp2040/rp2040_usb.c.obj
 .text.rp2040_usb_init
                0x0000000010004eac       0x4c CMakeFiles/hello_gpout.dir/home/ivan/raspberry-pi-pico/pico/pico-sdk/lib/tinyusb/src/portable/raspberrypi/rp2040/rp2040_usb.c.obj
                0x0000000010004eac                rp2040_usb_init
 .text.hw_endpoint_reset_transfer
                0x0000000010004ef8        0xc CMakeFiles/hello_gpout.dir/home/ivan/raspberry-pi-pico/pico/pico-sdk/lib/tinyusb/src/portable/raspberrypi/rp2040/rp2040_usb.c.obj
                0x0000000010004ef8                hw_endpoint_reset_transfer
 .text._hw_endpoint_buffer_control_update32
                0x0000000010004f04       0x58 CMakeFiles/hello_gpout.dir/home/ivan/raspberry-pi-pico/pico/pico-sdk/lib/tinyusb/src/portable/raspberrypi/rp2040/rp2040_usb.c.obj
                0x0000000010004f04                _hw_endpoint_buffer_control_update32
 .text._hw_endpoint_start_next_buffer
                0x0000000010004f5c       0x74 CMakeFiles/hello_gpout.dir/home/ivan/raspberry-pi-pico/pico/pico-sdk/lib/tinyusb/src/portable/raspberrypi/rp2040/rp2040_usb.c.obj
 .text.hw_endpoint_xfer_start
                0x0000000010004fd0       0x48 CMakeFiles/hello_gpout.dir/home/ivan/raspberry-pi-pico/pico/pico-sdk/lib/tinyusb/src/portable/raspberrypi/rp2040/rp2040_usb.c.obj
                0x0000000010004fd0                hw_endpoint_xfer_start
 .text.hw_endpoint_xfer_continue
                0x0000000010005018       0x38 CMakeFiles/hello_gpout.dir/home/ivan/raspberry-pi-pico/pico/pico-sdk/lib/tinyusb/src/portable/raspberrypi/rp2040/rp2040_usb.c.obj
                0x0000000010005018                hw_endpoint_xfer_continue
 .text.configuration_reset
                0x0000000010005050       0x84 CMakeFiles/hello_gpout.dir/home/ivan/raspberry-pi-pico/pico/pico-sdk/lib/tinyusb/src/device/usbd.c.obj
 .text.usbd_reset
                0x00000000100050d4        0xc CMakeFiles/hello_gpout.dir/home/ivan/raspberry-pi-pico/pico/pico-sdk/lib/tinyusb/src/device/usbd.c.obj
 .text.invoke_class_control
                0x00000000100050e0       0x1a CMakeFiles/hello_gpout.dir/home/ivan/raspberry-pi-pico/pico/pico-sdk/lib/tinyusb/src/device/usbd.c.obj
 *fill*         0x00000000100050fa        0x2 
 .text.process_set_config
                0x00000000100050fc      0x1ac CMakeFiles/hello_gpout.dir/home/ivan/raspberry-pi-pico/pico/pico-sdk/lib/tinyusb/src/device/usbd.c.obj
 .text.process_get_descriptor
                0x00000000100052a8       0xec CMakeFiles/hello_gpout.dir/home/ivan/raspberry-pi-pico/pico/pico-sdk/lib/tinyusb/src/device/usbd.c.obj
 .text.tud_mounted
                0x0000000010005394       0x10 CMakeFiles/hello_gpout.dir/home/ivan/raspberry-pi-pico/pico/pico-sdk/lib/tinyusb/src/device/usbd.c.obj
                0x0000000010005394                tud_mounted
 .text.tud_suspended
                0x00000000100053a4       0x10 CMakeFiles/hello_gpout.dir/home/ivan/raspberry-pi-pico/pico/pico-sdk/lib/tinyusb/src/device/usbd.c.obj
                0x00000000100053a4                tud_suspended
 .text.tud_inited
                0x00000000100053b4        0xc CMakeFiles/hello_gpout.dir/home/ivan/raspberry-pi-pico/pico/pico-sdk/lib/tinyusb/src/device/usbd.c.obj
                0x00000000100053b4                tud_inited
 .text.tud_init
                0x00000000100053c0       0xcc CMakeFiles/hello_gpout.dir/home/ivan/raspberry-pi-pico/pico/pico-sdk/lib/tinyusb/src/device/usbd.c.obj
                0x00000000100053c0                tud_init
 .text.dcd_event_handler
                0x000000001000548c      0x1e0 CMakeFiles/hello_gpout.dir/home/ivan/raspberry-pi-pico/pico/pico-sdk/lib/tinyusb/src/device/usbd.c.obj
                0x000000001000548c                dcd_event_handler
 .text.dcd_event_bus_signal
                0x000000001000566c       0x26 CMakeFiles/hello_gpout.dir/home/ivan/raspberry-pi-pico/pico/pico-sdk/lib/tinyusb/src/device/usbd.c.obj
                0x000000001000566c                dcd_event_bus_signal
 .text.dcd_event_bus_reset
                0x0000000010005692       0x2a CMakeFiles/hello_gpout.dir/home/ivan/raspberry-pi-pico/pico/pico-sdk/lib/tinyusb/src/device/usbd.c.obj
                0x0000000010005692                dcd_event_bus_reset
 .text.dcd_event_setup_received
                0x00000000100056bc       0x34 CMakeFiles/hello_gpout.dir/home/ivan/raspberry-pi-pico/pico/pico-sdk/lib/tinyusb/src/device/usbd.c.obj
                0x00000000100056bc                dcd_event_setup_received
 .text.dcd_event_xfer_complete
                0x00000000100056f0       0x44 CMakeFiles/hello_gpout.dir/home/ivan/raspberry-pi-pico/pico/pico-sdk/lib/tinyusb/src/device/usbd.c.obj
                0x00000000100056f0                dcd_event_xfer_complete
 .text.usbd_edpt_open
                0x0000000010005734       0x58 CMakeFiles/hello_gpout.dir/home/ivan/raspberry-pi-pico/pico/pico-sdk/lib/tinyusb/src/device/usbd.c.obj
                0x0000000010005734                usbd_edpt_open
 .text.usbd_open_edpt_pair
                0x000000001000578c       0x8c CMakeFiles/hello_gpout.dir/home/ivan/raspberry-pi-pico/pico/pico-sdk/lib/tinyusb/src/device/usbd.c.obj
                0x000000001000578c                usbd_open_edpt_pair
 .text.usbd_edpt_claim
                0x0000000010005818       0x8c CMakeFiles/hello_gpout.dir/home/ivan/raspberry-pi-pico/pico/pico-sdk/lib/tinyusb/src/device/usbd.c.obj
                0x0000000010005818                usbd_edpt_claim
 .text.usbd_edpt_release
                0x00000000100058a4       0x68 CMakeFiles/hello_gpout.dir/home/ivan/raspberry-pi-pico/pico/pico-sdk/lib/tinyusb/src/device/usbd.c.obj
                0x00000000100058a4                usbd_edpt_release
 .text.usbd_edpt_xfer
                0x000000001000590c       0x80 CMakeFiles/hello_gpout.dir/home/ivan/raspberry-pi-pico/pico/pico-sdk/lib/tinyusb/src/device/usbd.c.obj
                0x000000001000590c                usbd_edpt_xfer
 .text.usbd_edpt_stall
                0x000000001000598c       0x40 CMakeFiles/hello_gpout.dir/home/ivan/raspberry-pi-pico/pico/pico-sdk/lib/tinyusb/src/device/usbd.c.obj
                0x000000001000598c                usbd_edpt_stall
 .text.usbd_edpt_clear_stall
                0x00000000100059cc       0x40 CMakeFiles/hello_gpout.dir/home/ivan/raspberry-pi-pico/pico/pico-sdk/lib/tinyusb/src/device/usbd.c.obj
                0x00000000100059cc                usbd_edpt_clear_stall
 .text.usbd_edpt_stalled
                0x0000000010005a0c       0x1c CMakeFiles/hello_gpout.dir/home/ivan/raspberry-pi-pico/pico/pico-sdk/lib/tinyusb/src/device/usbd.c.obj
                0x0000000010005a0c                usbd_edpt_stalled
 .text.process_control_request
                0x0000000010005a28      0x3b8 CMakeFiles/hello_gpout.dir/home/ivan/raspberry-pi-pico/pico/pico-sdk/lib/tinyusb/src/device/usbd.c.obj
 .text.tud_task
                0x0000000010005de0      0x218 CMakeFiles/hello_gpout.dir/home/ivan/raspberry-pi-pico/pico/pico-sdk/lib/tinyusb/src/device/usbd.c.obj
                0x0000000010005de0                tud_task
 .text._data_stage_xact
                0x0000000010005ff8       0x58 CMakeFiles/hello_gpout.dir/home/ivan/raspberry-pi-pico/pico/pico-sdk/lib/tinyusb/src/device/usbd_control.c.obj
 .text.tud_control_status
                0x0000000010006050       0x38 CMakeFiles/hello_gpout.dir/home/ivan/raspberry-pi-pico/pico/pico-sdk/lib/tinyusb/src/device/usbd_control.c.obj
                0x0000000010006050                tud_control_status
 .text.tud_control_xfer
                0x0000000010006088       0xa8 CMakeFiles/hello_gpout.dir/home/ivan/raspberry-pi-pico/pico/pico-sdk/lib/tinyusb/src/device/usbd_control.c.obj
                0x0000000010006088                tud_control_xfer
 .text.usbd_control_reset
                0x0000000010006130       0x14 CMakeFiles/hello_gpout.dir/home/ivan/raspberry-pi-pico/pico/pico-sdk/lib/tinyusb/src/device/usbd_control.c.obj
                0x0000000010006130                usbd_control_reset
 .text.usbd_control_set_complete_callback
                0x0000000010006144        0xc CMakeFiles/hello_gpout.dir/home/ivan/raspberry-pi-pico/pico/pico-sdk/lib/tinyusb/src/device/usbd_control.c.obj
                0x0000000010006144                usbd_control_set_complete_callback
 .text.usbd_control_set_request
                0x0000000010006150       0x1c CMakeFiles/hello_gpout.dir/home/ivan/raspberry-pi-pico/pico/pico-sdk/lib/tinyusb/src/device/usbd_control.c.obj
                0x0000000010006150                usbd_control_set_request
 .text.usbd_control_xfer_cb
                0x000000001000616c       0xfc CMakeFiles/hello_gpout.dir/home/ivan/raspberry-pi-pico/pico/pico-sdk/lib/tinyusb/src/device/usbd_control.c.obj
                0x000000001000616c                usbd_control_xfer_cb
 .text._prep_out_transaction
                0x0000000010006268       0x46 CMakeFiles/hello_gpout.dir/home/ivan/raspberry-pi-pico/pico/pico-sdk/lib/tinyusb/src/class/cdc/cdc_device.c.obj
 *fill*         0x00000000100062ae        0x2 
 .text.tud_cdc_n_connected
                0x00000000100062b0       0x44 CMakeFiles/hello_gpout.dir/home/ivan/raspberry-pi-pico/pico/pico-sdk/lib/tinyusb/src/class/cdc/cdc_device.c.obj
                0x00000000100062b0                tud_cdc_n_connected
 .text.tud_cdc_n_available
                0x00000000100062f4       0x18 CMakeFiles/hello_gpout.dir/home/ivan/raspberry-pi-pico/pico/pico-sdk/lib/tinyusb/src/class/cdc/cdc_device.c.obj
                0x00000000100062f4                tud_cdc_n_available
 .text.tud_cdc_n_read
                0x000000001000630c       0x28 CMakeFiles/hello_gpout.dir/home/ivan/raspberry-pi-pico/pico/pico-sdk/lib/tinyusb/src/class/cdc/cdc_device.c.obj
                0x000000001000630c                tud_cdc_n_read
 .text.tud_cdc_n_write_flush
                0x0000000010006334       0xcc CMakeFiles/hello_gpout.dir/home/ivan/raspberry-pi-pico/pico/pico-sdk/lib/tinyusb/src/class/cdc/cdc_device.c.obj
                0x0000000010006334                tud_cdc_n_write_flush
 .text.tud_cdc_n_write
                0x0000000010006400       0x38 CMakeFiles/hello_gpout.dir/home/ivan/raspberry-pi-pico/pico/pico-sdk/lib/tinyusb/src/class/cdc/cdc_device.c.obj
                0x0000000010006400                tud_cdc_n_write
 .text.tud_cdc_n_write_available
                0x0000000010006438       0x1c CMakeFiles/hello_gpout.dir/home/ivan/raspberry-pi-pico/pico/pico-sdk/lib/tinyusb/src/class/cdc/cdc_device.c.obj
                0x0000000010006438                tud_cdc_n_write_available
 .text.cdcd_init
                0x0000000010006454       0xbc CMakeFiles/hello_gpout.dir/home/ivan/raspberry-pi-pico/pico/pico-sdk/lib/tinyusb/src/class/cdc/cdc_device.c.obj
                0x0000000010006454                cdcd_init
 .text.cdcd_reset
                0x0000000010006510       0x44 CMakeFiles/hello_gpout.dir/home/ivan/raspberry-pi-pico/pico/pico-sdk/lib/tinyusb/src/class/cdc/cdc_device.c.obj
                0x0000000010006510                cdcd_reset
 .text.cdcd_open
                0x0000000010006554       0xf8 CMakeFiles/hello_gpout.dir/home/ivan/raspberry-pi-pico/pico/pico-sdk/lib/tinyusb/src/class/cdc/cdc_device.c.obj
                0x0000000010006554                cdcd_open
 .text.cdcd_control_xfer_cb
                0x000000001000664c      0x134 CMakeFiles/hello_gpout.dir/home/ivan/raspberry-pi-pico/pico/pico-sdk/lib/tinyusb/src/class/cdc/cdc_device.c.obj
                0x000000001000664c                cdcd_control_xfer_cb
 .text.cdcd_xfer_cb
                0x0000000010006780      0x144 CMakeFiles/hello_gpout.dir/home/ivan/raspberry-pi-pico/pico/pico-sdk/lib/tinyusb/src/class/cdc/cdc_device.c.obj
                0x0000000010006780                cdcd_xfer_cb
 .text.tusb_init
                0x00000000100068c4       0x24 CMakeFiles/hello_gpout.dir/home/ivan/raspberry-pi-pico/pico/pico-sdk/lib/tinyusb/src/tusb.c.obj
                0x00000000100068c4                tusb_init
 .text.tusb_inited
                0x00000000100068e8        0xe CMakeFiles/hello_gpout.dir/home/ivan/raspberry-pi-pico/pico/pico-sdk/lib/tinyusb/src/tusb.c.obj
                0x00000000100068e8                tusb_inited
 *fill*         0x00000000100068f6        0x2 
 .text.tu_edpt_validate
                0x00000000100068f8       0xa8 CMakeFiles/hello_gpout.dir/home/ivan/raspberry-pi-pico/pico/pico-sdk/lib/tinyusb/src/tusb.c.obj
                0x00000000100068f8                tu_edpt_validate
 .text.tu_edpt_bind_driver
                0x00000000100069a0       0x2a CMakeFiles/hello_gpout.dir/home/ivan/raspberry-pi-pico/pico/pico-sdk/lib/tinyusb/src/tusb.c.obj
                0x00000000100069a0                tu_edpt_bind_driver
 .text.advance_pointer
                0x00000000100069ca       0x18 CMakeFiles/hello_gpout.dir/home/ivan/raspberry-pi-pico/pico/pico-sdk/lib/tinyusb/src/common/tusb_fifo.c.obj
 .text.backward_pointer
                0x00000000100069e2       0x1e CMakeFiles/hello_gpout.dir/home/ivan/raspberry-pi-pico/pico/pico-sdk/lib/tinyusb/src/common/tusb_fifo.c.obj
 .text.get_relative_pointer
                0x0000000010006a00       0x10 CMakeFiles/hello_gpout.dir/home/ivan/raspberry-pi-pico/pico/pico-sdk/lib/tinyusb/src/common/tusb_fifo.c.obj
 .text._tu_fifo_peek
                0x0000000010006a10       0x50 CMakeFiles/hello_gpout.dir/home/ivan/raspberry-pi-pico/pico/pico-sdk/lib/tinyusb/src/common/tusb_fifo.c.obj
 .text._ff_pull_const_addr
                0x0000000010006a60       0x4c CMakeFiles/hello_gpout.dir/home/ivan/raspberry-pi-pico/pico/pico-sdk/lib/tinyusb/src/common/tusb_fifo.c.obj
 .text._ff_pull_n
                0x0000000010006aac      0x10c CMakeFiles/hello_gpout.dir/home/ivan/raspberry-pi-pico/pico/pico-sdk/lib/tinyusb/src/common/tusb_fifo.c.obj
 .text._tu_fifo_peek_n
                0x0000000010006bb8       0x5e CMakeFiles/hello_gpout.dir/home/ivan/raspberry-pi-pico/pico/pico-sdk/lib/tinyusb/src/common/tusb_fifo.c.obj
 .text._tu_fifo_read_n
                0x0000000010006c16       0x4e CMakeFiles/hello_gpout.dir/home/ivan/raspberry-pi-pico/pico/pico-sdk/lib/tinyusb/src/common/tusb_fifo.c.obj
 .text._ff_push_const_addr
                0x0000000010006c64       0x40 CMakeFiles/hello_gpout.dir/home/ivan/raspberry-pi-pico/pico/pico-sdk/lib/tinyusb/src/common/tusb_fifo.c.obj
 .text._ff_push_n
                0x0000000010006ca4      0x106 CMakeFiles/hello_gpout.dir/home/ivan/raspberry-pi-pico/pico/pico-sdk/lib/tinyusb/src/common/tusb_fifo.c.obj
 .text._tu_fifo_write_n
                0x0000000010006daa       0x9e CMakeFiles/hello_gpout.dir/home/ivan/raspberry-pi-pico/pico/pico-sdk/lib/tinyusb/src/common/tusb_fifo.c.obj
 .text.tu_fifo_config
                0x0000000010006e48       0x72 CMakeFiles/hello_gpout.dir/home/ivan/raspberry-pi-pico/pico/pico-sdk/lib/tinyusb/src/common/tusb_fifo.c.obj
                0x0000000010006e48                tu_fifo_config
 .text.tu_fifo_count
                0x0000000010006eba       0x26 CMakeFiles/hello_gpout.dir/home/ivan/raspberry-pi-pico/pico/pico-sdk/lib/tinyusb/src/common/tusb_fifo.c.obj
                0x0000000010006eba                tu_fifo_count
 .text.tu_fifo_empty
                0x0000000010006ee0        0xe CMakeFiles/hello_gpout.dir/home/ivan/raspberry-pi-pico/pico/pico-sdk/lib/tinyusb/src/common/tusb_fifo.c.obj
                0x0000000010006ee0                tu_fifo_empty
 .text.tu_fifo_remaining
                0x0000000010006eee       0x20 CMakeFiles/hello_gpout.dir/home/ivan/raspberry-pi-pico/pico/pico-sdk/lib/tinyusb/src/common/tusb_fifo.c.obj
                0x0000000010006eee                tu_fifo_remaining
 .text.tu_fifo_read
                0x0000000010006f0e       0x42 CMakeFiles/hello_gpout.dir/home/ivan/raspberry-pi-pico/pico/pico-sdk/lib/tinyusb/src/common/tusb_fifo.c.obj
                0x0000000010006f0e                tu_fifo_read
 .text.tu_fifo_read_n
                0x0000000010006f50        0xa CMakeFiles/hello_gpout.dir/home/ivan/raspberry-pi-pico/pico/pico-sdk/lib/tinyusb/src/common/tusb_fifo.c.obj
                0x0000000010006f50                tu_fifo_read_n
 .text.tu_fifo_write
                0x0000000010006f5a       0x6c CMakeFiles/hello_gpout.dir/home/ivan/raspberry-pi-pico/pico/pico-sdk/lib/tinyusb/src/common/tusb_fifo.c.obj
                0x0000000010006f5a                tu_fifo_write
 .text.tu_fifo_write_n
                0x0000000010006fc6        0xa CMakeFiles/hello_gpout.dir/home/ivan/raspberry-pi-pico/pico/pico-sdk/lib/tinyusb/src/common/tusb_fifo.c.obj
                0x0000000010006fc6                tu_fifo_write_n
 .text.tu_fifo_clear
                0x0000000010006fd0       0x4c CMakeFiles/hello_gpout.dir/home/ivan/raspberry-pi-pico/pico/pico-sdk/lib/tinyusb/src/common/tusb_fifo.c.obj
                0x0000000010006fd0                tu_fifo_clear
 .text.tu_fifo_set_overwritable
                0x000000001000701c       0x3c CMakeFiles/hello_gpout.dir/home/ivan/raspberry-pi-pico/pico/pico-sdk/lib/tinyusb/src/common/tusb_fifo.c.obj
                0x000000001000701c                tu_fifo_set_overwritable
 .text._retrieve_unique_id_on_boot
                0x0000000010007058       0x10 CMakeFiles/hello_gpout.dir/home/ivan/raspberry-pi-pico/pico/pico-sdk/src/rp2_common/pico_unique_id/unique_id.c.obj
 .text.pico_get_unique_board_id_string
                0x0000000010007068       0x60 CMakeFiles/hello_gpout.dir/home/ivan/raspberry-pi-pico/pico/pico-sdk/src/rp2_common/pico_unique_id/unique_id.c.obj
                0x0000000010007068                pico_get_unique_board_id_string
 .text.flash_get_unique_id
                0x00000000100070c8       0x46 CMakeFiles/hello_gpout.dir/home/ivan/raspberry-pi-pico/pico/pico-sdk/src/rp2_common/hardware_flash/flash.c.obj
                0x00000000100070c8                flash_get_unique_id
 *fill*         0x000000001000710e        0x2 
 .text          0x0000000010007110       0x68 /usr/lib/gcc/arm-none-eabi/9.2.1/../../../arm-none-eabi/lib/thumb/v6-m/nofp/libg.a(lib_a-strlen-stub.o)
                0x0000000010007110                strlen
 *(.fini)
 .fini          0x0000000010007178        0x4 /usr/lib/gcc/arm-none-eabi/9.2.1/thumb/v6-m/nofp/crti.o
                0x0000000010007178                _fini
 *fill*         0x000000001000717c        0x4 
 .fini.__stub   0x0000000010007180       0x70 linker stubs
 *crtbegin.o(.ctors)
 *crtbegin?.o(.ctors)
 *(EXCLUDE_FILE(*crtend.o *crtend?.o) .ctors)
 *(SORT_BY_NAME(.ctors.*))
 *(.ctors)
 *crtbegin.o(.dtors)
 *crtbegin?.o(.dtors)
 *(EXCLUDE_FILE(*crtend.o *crtend?.o) .dtors)
 *(SORT_BY_NAME(.dtors.*))
 *(.dtors)
 *(.eh_frame*)
 .eh_frame      0x00000000100071f0        0x0 /usr/lib/gcc/arm-none-eabi/9.2.1/thumb/v6-m/nofp/crtbegin.o
                0x00000000100071f0                . = ALIGN (0x4)

.glue_7         0x00000000100071f0        0x0
 .glue_7        0x00000000100071f0        0x0 linker stubs

.glue_7t        0x00000000100071f0        0x0
 .glue_7t       0x00000000100071f0        0x0 linker stubs

.vfp11_veneer   0x00000000100071f0        0x0
 .vfp11_veneer  0x00000000100071f0        0x0 linker stubs

.v4_bx          0x00000000100071f0        0x0
 .v4_bx         0x00000000100071f0        0x0 linker stubs

.iplt           0x00000000100071f0        0x0
 .iplt          0x00000000100071f0        0x0 /usr/lib/gcc/arm-none-eabi/9.2.1/thumb/v6-m/nofp/crtbegin.o

.rodata         0x00000000100071f0     0x176c
 *(EXCLUDE_FILE(*libm.a: *libc.a:*lib_a-mem*.o *libgcc.a:) .rodata*)
 .rodata.measure_freqs.str1.4
                0x00000000100071f0       0x9e CMakeFiles/hello_gpout.dir/hello_gpout.c.obj
 *fill*         0x000000001000728e        0x2 
 .rodata.main.str1.4
                0x0000000010007290       0x1d CMakeFiles/hello_gpout.dir/hello_gpout.c.obj
 *fill*         0x00000000100072ad        0x3 
 .rodata.spin_lock_claim_unused.str1.4
                0x00000000100072b0       0x1b CMakeFiles/hello_gpout.dir/home/ivan/raspberry-pi-pico/pico/pico-sdk/src/rp2_common/hardware_sync/sync.c.obj
 *fill*         0x00000000100072cb        0x1 
 .rodata.repeating_timer_callback.str1.4
                0x00000000100072cc       0x5b CMakeFiles/hello_gpout.dir/home/ivan/raspberry-pi-pico/pico/pico-sdk/src/common/pico_time/time.c.obj
 *fill*         0x0000000010007327        0x1 
 .rodata.alarm_pool_dump_key.str1.4
                0x0000000010007328       0x33 CMakeFiles/hello_gpout.dir/home/ivan/raspberry-pi-pico/pico/pico-sdk/src/common/pico_time/time.c.obj
 *fill*         0x000000001000735b        0x1 
 .rodata.ph_add_child_node.str1.4
                0x000000001000735c       0xa6 CMakeFiles/hello_gpout.dir/home/ivan/raspberry-pi-pico/pico/pico-sdk/src/common/pico_time/time.c.obj
 *fill*         0x0000000010007402        0x2 
 .rodata.add_alarm_under_lock.str1.4
                0x0000000010007404       0x28 CMakeFiles/hello_gpout.dir/home/ivan/raspberry-pi-pico/pico/pico-sdk/src/common/pico_time/time.c.obj
                                         0x2b (size before relaxing)
 .rodata.alarm_pool_alarm_callback.str1.4
                0x000000001000742c       0xf6 CMakeFiles/hello_gpout.dir/home/ivan/raspberry-pi-pico/pico/pico-sdk/src/common/pico_time/time.c.obj
 *fill*         0x0000000010007522        0x2 
 .rodata.alarm_pool_get_default.str1.4
                0x0000000010007524       0x21 CMakeFiles/hello_gpout.dir/home/ivan/raspberry-pi-pico/pico/pico-sdk/src/common/pico_time/time.c.obj
 *fill*         0x0000000010007545        0x3 
 .rodata.alarm_pool_cancel_alarm.str1.4
                0x0000000010007548       0x27 CMakeFiles/hello_gpout.dir/home/ivan/raspberry-pi-pico/pico/pico-sdk/src/common/pico_time/time.c.obj
 *fill*         0x000000001000756f        0x1 
 .rodata.__func__.5701
                0x0000000010007570       0x15 CMakeFiles/hello_gpout.dir/home/ivan/raspberry-pi-pico/pico/pico-sdk/src/common/pico_time/time.c.obj
 *fill*         0x0000000010007585        0x3 
 .rodata.__func__.6013
                0x0000000010007588        0xc CMakeFiles/hello_gpout.dir/home/ivan/raspberry-pi-pico/pico/pico-sdk/src/common/pico_time/time.c.obj
 .rodata.__func__.6020
                0x0000000010007594       0x12 CMakeFiles/hello_gpout.dir/home/ivan/raspberry-pi-pico/pico/pico-sdk/src/common/pico_time/time.c.obj
 *fill*         0x00000000100075a6        0x2 
 .rodata.__func__.6036
                0x00000000100075a8        0xf CMakeFiles/hello_gpout.dir/home/ivan/raspberry-pi-pico/pico/pico-sdk/src/common/pico_time/time.c.obj
 *fill*         0x00000000100075b7        0x1 
 .rodata.__func__.6058
                0x00000000100075b8        0xd CMakeFiles/hello_gpout.dir/home/ivan/raspberry-pi-pico/pico/pico-sdk/src/common/pico_time/time.c.obj
 *fill*         0x00000000100075c5        0x3 
 .rodata.__func__.6282
                0x00000000100075c8        0xa CMakeFiles/hello_gpout.dir/home/ivan/raspberry-pi-pico/pico/pico-sdk/src/common/pico_time/time.c.obj
 *fill*         0x00000000100075d2        0x2 
 .rodata.__func__.6287
                0x00000000100075d4       0x12 CMakeFiles/hello_gpout.dir/home/ivan/raspberry-pi-pico/pico/pico-sdk/src/common/pico_time/time.c.obj
 *fill*         0x00000000100075e6        0x2 
 .rodata.__func__.6302
                0x00000000100075e8       0x17 CMakeFiles/hello_gpout.dir/home/ivan/raspberry-pi-pico/pico/pico-sdk/src/common/pico_time/time.c.obj
 *fill*         0x00000000100075ff        0x1 
 .rodata.__func__.6313
                0x0000000010007600       0x15 CMakeFiles/hello_gpout.dir/home/ivan/raspberry-pi-pico/pico/pico-sdk/src/common/pico_time/time.c.obj
 *fill*         0x0000000010007615        0x3 
 .rodata.__func__.6330
                0x0000000010007618       0x1a CMakeFiles/hello_gpout.dir/home/ivan/raspberry-pi-pico/pico/pico-sdk/src/common/pico_time/time.c.obj
 *fill*         0x0000000010007632        0x2 
 .rodata.__func__.6369
                0x0000000010007634       0x18 CMakeFiles/hello_gpout.dir/home/ivan/raspberry-pi-pico/pico/pico-sdk/src/common/pico_time/time.c.obj
 .rodata.hardware_alarm_claim.str1.4
                0x000000001000764c       0x22 CMakeFiles/hello_gpout.dir/home/ivan/raspberry-pi-pico/pico/pico-sdk/src/rp2_common/hardware_timer/timer.c.obj
 *fill*         0x000000001000766e        0x2 
 .rodata.hardware_alarm_set_target.str1.4
                0x0000000010007670       0x75 CMakeFiles/hello_gpout.dir/home/ivan/raspberry-pi-pico/pico/pico-sdk/src/rp2_common/hardware_timer/timer.c.obj
 *fill*         0x00000000100076e5        0x3 
 .rodata.__func__.4562
                0x00000000100076e8       0x1a CMakeFiles/hello_gpout.dir/home/ivan/raspberry-pi-pico/pico/pico-sdk/src/rp2_common/hardware_timer/timer.c.obj
 *fill*         0x0000000010007702        0x2 
 .rodata.str1.4
                0x0000000010007704       0x99 CMakeFiles/hello_gpout.dir/home/ivan/raspberry-pi-pico/pico/pico-sdk/src/common/pico_sync/mutex.c.obj
                                        0x10d (size before relaxing)
 *fill*         0x000000001000779d        0x3 
 .rodata.__func__.4193
                0x00000000100077a0       0x15 CMakeFiles/hello_gpout.dir/home/ivan/raspberry-pi-pico/pico/pico-sdk/src/common/pico_sync/mutex.c.obj
 *fill*         0x00000000100077b5        0x3 
 .rodata.__func__.4687
                0x00000000100077b8       0x18 CMakeFiles/hello_gpout.dir/home/ivan/raspberry-pi-pico/pico/pico-sdk/src/common/pico_sync/mutex.c.obj
 .rodata.__func__.4706
                0x00000000100077d0        0xb CMakeFiles/hello_gpout.dir/home/ivan/raspberry-pi-pico/pico/pico-sdk/src/common/pico_sync/mutex.c.obj
 .rodata.ph_add_child_node.str1.4
                0x00000000100077db       0xa6 CMakeFiles/hello_gpout.dir/home/ivan/raspberry-pi-pico/pico/pico-sdk/src/common/pico_util/pheap.c.obj
 *fill*         0x00000000100077db        0x1 
 .rodata.ph_remove_any_head.str1.4
                0x00000000100077dc       0x9c CMakeFiles/hello_gpout.dir/home/ivan/raspberry-pi-pico/pico/pico-sdk/src/common/pico_util/pheap.c.obj
 .rodata.ph_remove_and_free_node.str1.4
                0x0000000010007878       0x26 CMakeFiles/hello_gpout.dir/home/ivan/raspberry-pi-pico/pico/pico-sdk/src/common/pico_util/pheap.c.obj
 *fill*         0x000000001000789e        0x2 
 .rodata.__func__.5711
                0x00000000100078a0        0xc CMakeFiles/hello_gpout.dir/home/ivan/raspberry-pi-pico/pico/pico-sdk/src/common/pico_util/pheap.c.obj
 .rodata.__func__.5718
                0x00000000100078ac       0x12 CMakeFiles/hello_gpout.dir/home/ivan/raspberry-pi-pico/pico/pico-sdk/src/common/pico_util/pheap.c.obj
 *fill*         0x00000000100078be        0x2 
 .rodata.__func__.5804
                0x00000000100078c0       0x13 CMakeFiles/hello_gpout.dir/home/ivan/raspberry-pi-pico/pico/pico-sdk/src/common/pico_util/pheap.c.obj
 *fill*         0x00000000100078d3        0x1 
 .rodata.__func__.5822
                0x00000000100078d4       0x18 CMakeFiles/hello_gpout.dir/home/ivan/raspberry-pi-pico/pico/pico-sdk/src/common/pico_util/pheap.c.obj
 .rodata.__assert_func.str1.4
                0x00000000100078ec       0x3f CMakeFiles/hello_gpout.dir/home/ivan/raspberry-pi-pico/pico/pico-sdk/src/rp2_common/pico_runtime/runtime.c.obj
                                         0x43 (size before relaxing)
 *fill*         0x000000001000792b        0x1 
 .rodata.runtime_init.str1.4
                0x000000001000792c       0x71 CMakeFiles/hello_gpout.dir/home/ivan/raspberry-pi-pico/pico/pico-sdk/src/rp2_common/pico_runtime/runtime.c.obj
 *fill*         0x000000001000799d        0x3 
 .rodata.panic.str1.4
                0x00000000100079a0       0x10 CMakeFiles/hello_gpout.dir/home/ivan/raspberry-pi-pico/pico/pico-sdk/src/rp2_common/pico_runtime/runtime.c.obj
                                         0x12 (size before relaxing)
 .rodata.__func__.5822
                0x00000000100079b0        0xd CMakeFiles/hello_gpout.dir/home/ivan/raspberry-pi-pico/pico/pico-sdk/src/rp2_common/pico_runtime/runtime.c.obj
 *fill*         0x00000000100079bd        0x3 
 .rodata.clock_configure.str1.4
                0x00000000100079c0       0x67 CMakeFiles/hello_gpout.dir/home/ivan/raspberry-pi-pico/pico/pico-sdk/src/rp2_common/hardware_clocks/clocks.c.obj
 *fill*         0x0000000010007a27        0x1 
 .rodata.__func__.4709
                0x0000000010007a28       0x10 CMakeFiles/hello_gpout.dir/home/ivan/raspberry-pi-pico/pico/pico-sdk/src/rp2_common/hardware_clocks/clocks.c.obj
 .rodata.make_branch.str1.4
                0x0000000010007a38       0x7d CMakeFiles/hello_gpout.dir/home/ivan/raspberry-pi-pico/pico/pico-sdk/src/rp2_common/hardware_irq/irq.c.obj
 *fill*         0x0000000010007ab5        0x3 
 .rodata.insert_branch_and_link.str1.4
                0x0000000010007ab8       0x10 CMakeFiles/hello_gpout.dir/home/ivan/raspberry-pi-pico/pico/pico-sdk/src/rp2_common/hardware_irq/irq.c.obj
 .rodata.irq_set_exclusive_handler.str1.4
                0x0000000010007ac8       0x36 CMakeFiles/hello_gpout.dir/home/ivan/raspberry-pi-pico/pico/pico-sdk/src/rp2_common/hardware_irq/irq.c.obj
 *fill*         0x0000000010007afe        0x2 
 .rodata.irq_add_shared_handler.str1.4
                0x0000000010007b00       0xd9 CMakeFiles/hello_gpout.dir/home/ivan/raspberry-pi-pico/pico/pico-sdk/src/rp2_common/hardware_irq/irq.c.obj
 *fill*         0x0000000010007bd9        0x3 
 .rodata.irq_remove_handler.str1.4
                0x0000000010007bdc       0x2a CMakeFiles/hello_gpout.dir/home/ivan/raspberry-pi-pico/pico/pico-sdk/src/rp2_common/hardware_irq/irq.c.obj
 *fill*         0x0000000010007c06        0x2 
 .rodata.irq_add_tail_to_free_list.str1.4
                0x0000000010007c08       0x32 CMakeFiles/hello_gpout.dir/home/ivan/raspberry-pi-pico/pico/pico-sdk/src/rp2_common/hardware_irq/irq.c.obj
                                         0x3a (size before relaxing)
 *fill*         0x0000000010007c3a        0x2 
 .rodata.__func__.4739
                0x0000000010007c3c       0x1a CMakeFiles/hello_gpout.dir/home/ivan/raspberry-pi-pico/pico/pico-sdk/src/rp2_common/hardware_irq/irq.c.obj
 *fill*         0x0000000010007c56        0x2 
 .rodata.__func__.4753
                0x0000000010007c58        0xc CMakeFiles/hello_gpout.dir/home/ivan/raspberry-pi-pico/pico/pico-sdk/src/rp2_common/hardware_irq/irq.c.obj
 .rodata.__func__.4761
                0x0000000010007c64       0x17 CMakeFiles/hello_gpout.dir/home/ivan/raspberry-pi-pico/pico/pico-sdk/src/rp2_common/hardware_irq/irq.c.obj
 *fill*         0x0000000010007c7b        0x1 
 .rodata.__func__.4765
                0x0000000010007c7c        0xf CMakeFiles/hello_gpout.dir/home/ivan/raspberry-pi-pico/pico/pico-sdk/src/rp2_common/hardware_irq/irq.c.obj
 *fill*         0x0000000010007c8b        0x1 
 .rodata.__func__.4804
                0x0000000010007c8c       0x13 CMakeFiles/hello_gpout.dir/home/ivan/raspberry-pi-pico/pico/pico-sdk/src/rp2_common/hardware_irq/irq.c.obj
 *fill*         0x0000000010007c9f        0x1 
 .rodata.__func__.4826
                0x0000000010007ca0       0x1a CMakeFiles/hello_gpout.dir/home/ivan/raspberry-pi-pico/pico/pico-sdk/src/rp2_common/hardware_irq/irq.c.obj
 *fill*         0x0000000010007cba        0x2 
 .rodata.pll_init.str1.4
                0x0000000010007cbc       0xeb CMakeFiles/hello_gpout.dir/home/ivan/raspberry-pi-pico/pico/pico-sdk/src/rp2_common/hardware_pll/pll.c.obj
 *fill*         0x0000000010007da7        0x1 
 .rodata.__func__.4411
                0x0000000010007da8        0x9 CMakeFiles/hello_gpout.dir/home/ivan/raspberry-pi-pico/pico/pico-sdk/src/rp2_common/hardware_pll/pll.c.obj
 *fill*         0x0000000010007db1        0x3 
 .rodata._ftoa.str1.4
                0x0000000010007db4       0x15 CMakeFiles/hello_gpout.dir/home/ivan/raspberry-pi-pico/pico/pico-sdk/src/rp2_common/pico_printf/printf.c.obj
 *fill*         0x0000000010007dc9        0x3 
 .rodata._vsnprintf
                0x0000000010007dcc      0x1e0 CMakeFiles/hello_gpout.dir/home/ivan/raspberry-pi-pico/pico/pico-sdk/src/rp2_common/pico_printf/printf.c.obj
 *fill*         0x0000000010007fac        0x4 
 .rodata.pow10.5425
                0x0000000010007fb0       0x50 CMakeFiles/hello_gpout.dir/home/ivan/raspberry-pi-pico/pico/pico-sdk/src/rp2_common/pico_printf/printf.c.obj
 .rodata.__aeabi_double_init.str1.4
                0x0000000010008000       0xb8 CMakeFiles/hello_gpout.dir/home/ivan/raspberry-pi-pico/pico/pico-sdk/src/rp2_common/pico_double/double_init_rom.c.obj
 .rodata.__func__.4722
                0x00000000100080b8       0x14 CMakeFiles/hello_gpout.dir/home/ivan/raspberry-pi-pico/pico/pico-sdk/src/rp2_common/pico_double/double_init_rom.c.obj
 .rodata.__aeabi_float_init.str1.4
                0x00000000100080cc       0x8a CMakeFiles/hello_gpout.dir/home/ivan/raspberry-pi-pico/pico/pico-sdk/src/rp2_common/pico_float/float_init_rom.c.obj
                                         0x8e (size before relaxing)
 *fill*         0x0000000010008156        0x2 
 .rodata.__func__.4723
                0x0000000010008158       0x13 CMakeFiles/hello_gpout.dir/home/ivan/raspberry-pi-pico/pico/pico-sdk/src/rp2_common/pico_float/float_init_rom.c.obj
 *fill*         0x000000001000816b        0x1 
 .rodata.str1.4
                0x000000001000816c       0x40 CMakeFiles/hello_gpout.dir/home/ivan/raspberry-pi-pico/pico/pico-sdk/src/rp2_common/pico_standard_link/binary_info.c.obj
 .rodata.__bi_44
                0x00000000100081ac        0xc CMakeFiles/hello_gpout.dir/home/ivan/raspberry-pi-pico/pico/pico-sdk/src/rp2_common/pico_standard_link/binary_info.c.obj
 .rodata.__bi_75
                0x00000000100081b8        0xc CMakeFiles/hello_gpout.dir/home/ivan/raspberry-pi-pico/pico/pico-sdk/src/rp2_common/pico_standard_link/binary_info.c.obj
 .rodata.__bi_81
                0x00000000100081c4        0xc CMakeFiles/hello_gpout.dir/home/ivan/raspberry-pi-pico/pico/pico-sdk/src/rp2_common/pico_standard_link/binary_info.c.obj
 .rodata.crlf_str.6062
                0x00000000100081d0        0x2 CMakeFiles/hello_gpout.dir/home/ivan/raspberry-pi-pico/pico/pico-sdk/src/rp2_common/pico_stdio/stdio.c.obj
 *fill*         0x00000000100081d2        0x2 
 .rodata.str1.4
                0x00000000100081d4       0x2c CMakeFiles/hello_gpout.dir/home/ivan/raspberry-pi-pico/pico/pico-sdk/src/rp2_common/pico_stdio_uart/stdio_uart.c.obj
 .rodata.__bi_28.4773
                0x0000000010008200        0xc CMakeFiles/hello_gpout.dir/home/ivan/raspberry-pi-pico/pico/pico-sdk/src/rp2_common/pico_stdio_uart/stdio_uart.c.obj
 .rodata.__bi_29.4777
                0x000000001000820c        0x8 CMakeFiles/hello_gpout.dir/home/ivan/raspberry-pi-pico/pico/pico-sdk/src/rp2_common/pico_stdio_uart/stdio_uart.c.obj
 .rodata._resetd_driver
                0x0000000010008214       0x18 CMakeFiles/hello_gpout.dir/home/ivan/raspberry-pi-pico/pico/pico-sdk/src/rp2_common/pico_stdio_usb/reset_interface.c.obj
 .rodata.stdio_usb_init.str1.4
                0x000000001000822c       0x71 CMakeFiles/hello_gpout.dir/home/ivan/raspberry-pi-pico/pico/pico-sdk/src/rp2_common/pico_stdio_usb/stdio_usb.c.obj
 .rodata.str1.4
                0x000000001000822c       0x13 CMakeFiles/hello_gpout.dir/home/ivan/raspberry-pi-pico/pico/pico-sdk/src/rp2_common/pico_stdio_usb/stdio_usb.c.obj
 *fill*         0x000000001000823f        0x1 
 .rodata.__bi_93.7222
                0x0000000010008240        0xc CMakeFiles/hello_gpout.dir/home/ivan/raspberry-pi-pico/pico/pico-sdk/src/rp2_common/pico_stdio_usb/stdio_usb.c.obj
 .rodata.__func__.5424
                0x000000001000824c       0x15 CMakeFiles/hello_gpout.dir/home/ivan/raspberry-pi-pico/pico/pico-sdk/src/rp2_common/pico_stdio_usb/stdio_usb.c.obj
 *fill*         0x0000000010008261        0x3 
 .rodata.str1.4
                0x0000000010008264       0x2a CMakeFiles/hello_gpout.dir/home/ivan/raspberry-pi-pico/pico/pico-sdk/src/rp2_common/pico_stdio_usb/stdio_usb_descriptors.c.obj
 *fill*         0x000000001000828e        0x2 
 .rodata.usbd_desc_cfg
                0x0000000010008290       0x54 CMakeFiles/hello_gpout.dir/home/ivan/raspberry-pi-pico/pico/pico-sdk/src/rp2_common/pico_stdio_usb/stdio_usb_descriptors.c.obj
 .rodata.usbd_desc_device
                0x00000000100082e4       0x12 CMakeFiles/hello_gpout.dir/home/ivan/raspberry-pi-pico/pico/pico-sdk/src/rp2_common/pico_stdio_usb/stdio_usb_descriptors.c.obj
 *fill*         0x00000000100082f6        0x2 
 .rodata.usbd_desc_str
                0x00000000100082f8       0x18 CMakeFiles/hello_gpout.dir/home/ivan/raspberry-pi-pico/pico/pico-sdk/src/rp2_common/pico_stdio_usb/stdio_usb_descriptors.c.obj
 .rodata._hw_endpoint_alloc.str1.4
                0x0000000010008310       0xc5 CMakeFiles/hello_gpout.dir/home/ivan/raspberry-pi-pico/pico/pico-sdk/lib/tinyusb/src/portable/raspberrypi/rp2040/dcd_rp2040.c.obj
 *fill*         0x00000000100083d5        0x3 
 .rodata.dcd_rp2040_irq.str1.4
                0x00000000100083d8       0x14 CMakeFiles/hello_gpout.dir/home/ivan/raspberry-pi-pico/pico/pico-sdk/lib/tinyusb/src/portable/raspberrypi/rp2040/dcd_rp2040.c.obj
 .rodata.dcd_int_enable.str1.4
                0x00000000100083ec        0xc CMakeFiles/hello_gpout.dir/home/ivan/raspberry-pi-pico/pico/pico-sdk/lib/tinyusb/src/portable/raspberrypi/rp2040/dcd_rp2040.c.obj
 .rodata.__func__.6894
                0x00000000100083f8       0x13 CMakeFiles/hello_gpout.dir/home/ivan/raspberry-pi-pico/pico/pico-sdk/lib/tinyusb/src/portable/raspberrypi/rp2040/dcd_rp2040.c.obj
 *fill*         0x000000001000840b        0x1 
 .rodata.__func__.6947
                0x000000001000840c        0x9 CMakeFiles/hello_gpout.dir/home/ivan/raspberry-pi-pico/pico/pico-sdk/lib/tinyusb/src/portable/raspberrypi/rp2040/dcd_rp2040.c.obj
 *fill*         0x0000000010008415        0x3 
 .rodata.__func__.6951
                0x0000000010008418        0xf CMakeFiles/hello_gpout.dir/home/ivan/raspberry-pi-pico/pico/pico-sdk/lib/tinyusb/src/portable/raspberrypi/rp2040/dcd_rp2040.c.obj
 *fill*         0x0000000010008427        0x1 
 .rodata.__func__.6960
                0x0000000010008428       0x10 CMakeFiles/hello_gpout.dir/home/ivan/raspberry-pi-pico/pico/pico-sdk/lib/tinyusb/src/portable/raspberrypi/rp2040/dcd_rp2040.c.obj
 .rodata.__func__.6979
                0x0000000010008438        0xe CMakeFiles/hello_gpout.dir/home/ivan/raspberry-pi-pico/pico/pico-sdk/lib/tinyusb/src/portable/raspberrypi/rp2040/dcd_rp2040.c.obj
 *fill*         0x0000000010008446        0x2 
 .rodata.__func__.6989
                0x0000000010008448        0xe CMakeFiles/hello_gpout.dir/home/ivan/raspberry-pi-pico/pico/pico-sdk/lib/tinyusb/src/portable/raspberrypi/rp2040/dcd_rp2040.c.obj
 *fill*         0x0000000010008456        0x2 
 .rodata.sync_ep_buffer.str1.4
                0x0000000010008458       0xa1 CMakeFiles/hello_gpout.dir/home/ivan/raspberry-pi-pico/pico/pico-sdk/lib/tinyusb/src/portable/raspberrypi/rp2040/rp2040_usb.c.obj
 *fill*         0x00000000100084f9        0x3 
 .rodata._hw_endpoint_buffer_control_update32.str1.4
                0x00000000100084fc       0x1f CMakeFiles/hello_gpout.dir/home/ivan/raspberry-pi-pico/pico/pico-sdk/lib/tinyusb/src/portable/raspberrypi/rp2040/rp2040_usb.c.obj
 *fill*         0x000000001000851b        0x1 
 .rodata.hw_endpoint_xfer_start.str1.4
                0x000000001000851c       0x38 CMakeFiles/hello_gpout.dir/home/ivan/raspberry-pi-pico/pico/pico-sdk/lib/tinyusb/src/portable/raspberrypi/rp2040/rp2040_usb.c.obj
 .rodata.hw_endpoint_xfer_continue.str1.4
                0x0000000010008554       0x29 CMakeFiles/hello_gpout.dir/home/ivan/raspberry-pi-pico/pico/pico-sdk/lib/tinyusb/src/portable/raspberrypi/rp2040/rp2040_usb.c.obj
 .rodata.str1.4
                0x000000001000857d       0x29 CMakeFiles/hello_gpout.dir/home/ivan/raspberry-pi-pico/pico/pico-sdk/lib/tinyusb/src/portable/raspberrypi/rp2040/rp2040_usb.c.obj
                                          0x7 (size before relaxing)
 *fill*         0x000000001000857d        0x3 
 .rodata.__func__.6658
                0x0000000010008580        0xf CMakeFiles/hello_gpout.dir/home/ivan/raspberry-pi-pico/pico/pico-sdk/lib/tinyusb/src/portable/raspberrypi/rp2040/rp2040_usb.c.obj
 *fill*         0x000000001000858f        0x1 
 .rodata.process_set_config.str1.4
                0x0000000010008590       0x17 CMakeFiles/hello_gpout.dir/home/ivan/raspberry-pi-pico/pico/pico-sdk/lib/tinyusb/src/device/usbd.c.obj
 *fill*         0x00000000100085a7        0x1 
 .rodata.process_get_descriptor
                0x00000000100085a8       0x40 CMakeFiles/hello_gpout.dir/home/ivan/raspberry-pi-pico/pico/pico-sdk/lib/tinyusb/src/device/usbd.c.obj
 .rodata.process_control_request
                0x00000000100085e8       0x28 CMakeFiles/hello_gpout.dir/home/ivan/raspberry-pi-pico/pico/pico-sdk/lib/tinyusb/src/device/usbd.c.obj
 .rodata.tud_task
                0x0000000010008610       0x24 CMakeFiles/hello_gpout.dir/home/ivan/raspberry-pi-pico/pico/pico-sdk/lib/tinyusb/src/device/usbd.c.obj
 .rodata.__func__.6570
                0x0000000010008634       0x10 CMakeFiles/hello_gpout.dir/home/ivan/raspberry-pi-pico/pico/pico-sdk/lib/tinyusb/src/device/usbd.c.obj
 .rodata.__func__.7368
                0x0000000010008644        0x9 CMakeFiles/hello_gpout.dir/home/ivan/raspberry-pi-pico/pico/pico-sdk/lib/tinyusb/src/device/usbd.c.obj
 *fill*         0x000000001000864d        0x3 
 .rodata.__func__.7389
                0x0000000010008650       0x18 CMakeFiles/hello_gpout.dir/home/ivan/raspberry-pi-pico/pico/pico-sdk/lib/tinyusb/src/device/usbd.c.obj
 .rodata.__func__.7432
                0x0000000010008668       0x13 CMakeFiles/hello_gpout.dir/home/ivan/raspberry-pi-pico/pico/pico-sdk/lib/tinyusb/src/device/usbd.c.obj
 *fill*         0x000000001000867b        0x1 
 .rodata.__func__.7467
                0x000000001000867c       0x17 CMakeFiles/hello_gpout.dir/home/ivan/raspberry-pi-pico/pico/pico-sdk/lib/tinyusb/src/device/usbd.c.obj
 *fill*         0x0000000010008693        0x1 
 .rodata.__func__.7521
                0x0000000010008694       0x14 CMakeFiles/hello_gpout.dir/home/ivan/raspberry-pi-pico/pico/pico-sdk/lib/tinyusb/src/device/usbd.c.obj
 .rodata.__func__.7535
                0x00000000100086a8        0xf CMakeFiles/hello_gpout.dir/home/ivan/raspberry-pi-pico/pico/pico-sdk/lib/tinyusb/src/device/usbd.c.obj
 *fill*         0x00000000100086b7        0x1 
 .rodata.__func__.7558
                0x00000000100086b8        0xf CMakeFiles/hello_gpout.dir/home/ivan/raspberry-pi-pico/pico/pico-sdk/lib/tinyusb/src/device/usbd.c.obj
 *fill*         0x00000000100086c7        0x1 
 .rodata._usbd_driver
                0x00000000100086c8       0x18 CMakeFiles/hello_gpout.dir/home/ivan/raspberry-pi-pico/pico/pico-sdk/lib/tinyusb/src/device/usbd.c.obj
 .rodata.tud_control_xfer.str1.4
                0x00000000100086e0       0x17 CMakeFiles/hello_gpout.dir/home/ivan/raspberry-pi-pico/pico/pico-sdk/lib/tinyusb/src/device/usbd_control.c.obj
 .rodata.__func__.7283
                0x00000000100086e0       0x11 CMakeFiles/hello_gpout.dir/home/ivan/raspberry-pi-pico/pico/pico-sdk/lib/tinyusb/src/device/usbd_control.c.obj
 *fill*         0x00000000100086f1        0x3 
 .rodata.__func__.7310
                0x00000000100086f4       0x15 CMakeFiles/hello_gpout.dir/home/ivan/raspberry-pi-pico/pico/pico-sdk/lib/tinyusb/src/device/usbd_control.c.obj
 .rodata.tud_cdc_n_write_flush.str1.4
                0x0000000010008709       0x17 CMakeFiles/hello_gpout.dir/home/ivan/raspberry-pi-pico/pico/pico-sdk/lib/tinyusb/src/class/cdc/cdc_device.c.obj
 *fill*         0x0000000010008709        0x3 
 .rodata.__func__.7219
                0x000000001000870c       0x16 CMakeFiles/hello_gpout.dir/home/ivan/raspberry-pi-pico/pico/pico-sdk/lib/tinyusb/src/class/cdc/cdc_device.c.obj
 *fill*         0x0000000010008722        0x2 
 .rodata.__func__.7252
                0x0000000010008724        0xa CMakeFiles/hello_gpout.dir/home/ivan/raspberry-pi-pico/pico/pico-sdk/lib/tinyusb/src/class/cdc/cdc_device.c.obj
 *fill*         0x000000001000872e        0x2 
 .rodata.__func__.7287
                0x0000000010008730        0xd CMakeFiles/hello_gpout.dir/home/ivan/raspberry-pi-pico/pico/pico-sdk/lib/tinyusb/src/class/cdc/cdc_device.c.obj
 .rodata.tusb_init.str1.4
                0x000000001000873d       0x17 CMakeFiles/hello_gpout.dir/home/ivan/raspberry-pi-pico/pico/pico-sdk/lib/tinyusb/src/tusb.c.obj
 *fill*         0x000000001000873d        0x3 
 .rodata.__func__.7156
                0x0000000010008740        0xa CMakeFiles/hello_gpout.dir/home/ivan/raspberry-pi-pico/pico/pico-sdk/lib/tinyusb/src/tusb.c.obj
 *fill*         0x000000001000874a        0x2 
 .rodata.__func__.7168
                0x000000001000874c       0x11 CMakeFiles/hello_gpout.dir/home/ivan/raspberry-pi-pico/pico/pico-sdk/lib/tinyusb/src/tusb.c.obj
 *fill*         0x000000001000875d        0x3 
 .rodata.pico_get_unique_board_id_string.str1.4
                0x0000000010008760       0x5d CMakeFiles/hello_gpout.dir/home/ivan/raspberry-pi-pico/pico/pico-sdk/src/rp2_common/pico_unique_id/unique_id.c.obj
 *fill*         0x00000000100087bd        0x3 
 .rodata.__func__.4290
                0x00000000100087c0       0x20 CMakeFiles/hello_gpout.dir/home/ivan/raspberry-pi-pico/pico/pico-sdk/src/rp2_common/pico_unique_id/unique_id.c.obj
 .rodata.str1.4
                0x00000000100087e0      0x16a CMakeFiles/hello_gpout.dir/home/ivan/raspberry-pi-pico/pico/pico-sdk/src/rp2_common/hardware_flash/flash.c.obj
 *fill*         0x000000001000894a        0x2 
 .rodata.__func__.4464
                0x000000001000894c        0xd CMakeFiles/hello_gpout.dir/home/ivan/raspberry-pi-pico/pico/pico-sdk/src/rp2_common/hardware_flash/flash.c.obj
                0x000000001000895c                . = ALIGN (0x4)
 *fill*         0x0000000010008959        0x3 
 *(SORT_BY_ALIGNMENT(SORT_BY_NAME(.flashdata*)))
                0x000000001000895c                . = ALIGN (0x4)

.rel.dyn        0x000000001000895c        0x0
 .rel.iplt      0x000000001000895c        0x0 /usr/lib/gcc/arm-none-eabi/9.2.1/thumb/v6-m/nofp/crtbegin.o

.ARM.extab
 *(.ARM.extab* .gnu.linkonce.armextab.*)
                0x000000001000895c                __exidx_start = .

.ARM.exidx
 *(.ARM.exidx* .gnu.linkonce.armexidx.*)
                0x000000001000895c                __exidx_end = .
                0x000000001000895c                . = ALIGN (0x4)
                0x000000001000895c                __binary_info_start = .

.binary_info    0x000000001000895c       0x28
 *(.binary_info.keep.*)
 .binary_info.keep.__bi_ptr22
                0x000000001000895c        0x4 CMakeFiles/hello_gpout.dir/home/ivan/raspberry-pi-pico/pico/pico-sdk/src/rp2_common/pico_standard_link/binary_info.c.obj
 .binary_info.keep.__bi_ptr30
                0x0000000010008960        0x4 CMakeFiles/hello_gpout.dir/home/ivan/raspberry-pi-pico/pico/pico-sdk/src/rp2_common/pico_standard_link/binary_info.c.obj
 .binary_info.keep.__bi_ptr38
                0x0000000010008964        0x4 CMakeFiles/hello_gpout.dir/home/ivan/raspberry-pi-pico/pico/pico-sdk/src/rp2_common/pico_standard_link/binary_info.c.obj
 .binary_info.keep.__bi_ptr44
                0x0000000010008968        0x4 CMakeFiles/hello_gpout.dir/home/ivan/raspberry-pi-pico/pico/pico-sdk/src/rp2_common/pico_standard_link/binary_info.c.obj
 .binary_info.keep.__bi_ptr50
                0x000000001000896c        0x4 CMakeFiles/hello_gpout.dir/home/ivan/raspberry-pi-pico/pico/pico-sdk/src/rp2_common/pico_standard_link/binary_info.c.obj
 .binary_info.keep.__bi_ptr75
                0x0000000010008970        0x4 CMakeFiles/hello_gpout.dir/home/ivan/raspberry-pi-pico/pico/pico-sdk/src/rp2_common/pico_standard_link/binary_info.c.obj
 .binary_info.keep.__bi_ptr81