Archive member included to satisfy reference by file (symbol)

/usr/lib/gcc/arm-none-eabi/9.2.1/thumb/v6-m/nofp/libgcc.a(_dvmd_tls.o)
                              CMakeFiles/vasper_mic.dir/home/ivan/raspberry-pi-pico/pico/pico-sdk/src/rp2_common/pico_divider/divider.S.obj (__aeabi_idiv0)
/usr/lib/gcc/arm-none-eabi/9.2.1/../../../arm-none-eabi/lib/thumb/v6-m/nofp/libg.a(lib_a-atexit.o)
                              /usr/lib/gcc/arm-none-eabi/9.2.1/../../../arm-none-eabi/lib/thumb/v6-m/nofp/crt0.o (atexit)
/usr/lib/gcc/arm-none-eabi/9.2.1/../../../arm-none-eabi/lib/thumb/v6-m/nofp/libg.a(lib_a-calloc.o)
                              CMakeFiles/vasper_mic.dir/home/ivan/raspberry-pi-pico/pico/pico-sdk/src/rp2_common/pico_malloc/pico_malloc.c.obj (calloc)
/usr/lib/gcc/arm-none-eabi/9.2.1/../../../arm-none-eabi/lib/thumb/v6-m/nofp/libg.a(lib_a-callocr.o)
                              /usr/lib/gcc/arm-none-eabi/9.2.1/../../../arm-none-eabi/lib/thumb/v6-m/nofp/libg.a(lib_a-calloc.o) (_calloc_r)
/usr/lib/gcc/arm-none-eabi/9.2.1/../../../arm-none-eabi/lib/thumb/v6-m/nofp/libg.a(lib_a-ctype_.o)
                              CMakeFiles/vasper_mic.dir/home/ivan/raspberry-pi-pico/pico/pico-sdk/lib/tinyusb/src/tusb.c.obj (_ctype_)
/usr/lib/gcc/arm-none-eabi/9.2.1/../../../arm-none-eabi/lib/thumb/v6-m/nofp/libg.a(lib_a-fini.o)
                              /usr/lib/gcc/arm-none-eabi/9.2.1/../../../arm-none-eabi/lib/thumb/v6-m/nofp/crt0.o (__libc_fini_array)
/usr/lib/gcc/arm-none-eabi/9.2.1/../../../arm-none-eabi/lib/thumb/v6-m/nofp/libg.a(lib_a-impure.o)
                              /usr/lib/gcc/arm-none-eabi/9.2.1/../../../arm-none-eabi/lib/thumb/v6-m/nofp/libg.a(lib_a-calloc.o) (_impure_ptr)
/usr/lib/gcc/arm-none-eabi/9.2.1/../../../arm-none-eabi/lib/thumb/v6-m/nofp/libg.a(lib_a-init.o)
                              /usr/lib/gcc/arm-none-eabi/9.2.1/../../../arm-none-eabi/lib/thumb/v6-m/nofp/crt0.o (__libc_init_array)
/usr/lib/gcc/arm-none-eabi/9.2.1/../../../arm-none-eabi/lib/thumb/v6-m/nofp/libg.a(lib_a-malloc.o)
                              CMakeFiles/vasper_mic.dir/home/ivan/raspberry-pi-pico/pico/pico-sdk/src/rp2_common/pico_malloc/pico_malloc.c.obj (malloc)
/usr/lib/gcc/arm-none-eabi/9.2.1/../../../arm-none-eabi/lib/thumb/v6-m/nofp/libg.a(lib_a-mallocr.o)
                              /usr/lib/gcc/arm-none-eabi/9.2.1/../../../arm-none-eabi/lib/thumb/v6-m/nofp/libg.a(lib_a-callocr.o) (_malloc_r)
/usr/lib/gcc/arm-none-eabi/9.2.1/../../../arm-none-eabi/lib/thumb/v6-m/nofp/libg.a(lib_a-mlock.o)
                              /usr/lib/gcc/arm-none-eabi/9.2.1/../../../arm-none-eabi/lib/thumb/v6-m/nofp/libg.a(lib_a-mallocr.o) (__malloc_lock)
/usr/lib/gcc/arm-none-eabi/9.2.1/../../../arm-none-eabi/lib/thumb/v6-m/nofp/libg.a(lib_a-sbrkr.o)
                              /usr/lib/gcc/arm-none-eabi/9.2.1/../../../arm-none-eabi/lib/thumb/v6-m/nofp/libg.a(lib_a-mallocr.o) (_sbrk_r)
/usr/lib/gcc/arm-none-eabi/9.2.1/../../../arm-none-eabi/lib/thumb/v6-m/nofp/libg.a(lib_a-strlen-stub.o)
                              CMakeFiles/vasper_mic.dir/home/ivan/raspberry-pi-pico/pico/pico-sdk/src/rp2_common/pico_stdio/stdio.c.obj (strlen)
/usr/lib/gcc/arm-none-eabi/9.2.1/../../../arm-none-eabi/lib/thumb/v6-m/nofp/libg.a(lib_a-__atexit.o)
                              /usr/lib/gcc/arm-none-eabi/9.2.1/../../../arm-none-eabi/lib/thumb/v6-m/nofp/libg.a(lib_a-atexit.o) (__register_exitproc)
/usr/lib/gcc/arm-none-eabi/9.2.1/../../../arm-none-eabi/lib/thumb/v6-m/nofp/libg.a(lib_a-freer.o)
                              /usr/lib/gcc/arm-none-eabi/9.2.1/../../../arm-none-eabi/lib/thumb/v6-m/nofp/libg.a(lib_a-malloc.o) (_free_r)
/usr/lib/gcc/arm-none-eabi/9.2.1/../../../arm-none-eabi/lib/thumb/v6-m/nofp/libg.a(lib_a-reent.o)
                              /usr/lib/gcc/arm-none-eabi/9.2.1/../../../arm-none-eabi/lib/thumb/v6-m/nofp/libg.a(lib_a-sbrkr.o) (errno)

Allocating common symbols
Common symbol       size              file

sf_table            0x100             CMakeFiles/vasper_mic.dir/home/ivan/raspberry-pi-pico/pico/pico-sdk/src/rp2_common/pico_float/float_init_rom.c.obj
errno               0x4               /usr/lib/gcc/arm-none-eabi/9.2.1/../../../arm-none-eabi/lib/thumb/v6-m/nofp/libg.a(lib_a-reent.o)
_usbd_qdef_buf      0xc0              CMakeFiles/vasper_mic.dir/home/ivan/raspberry-pi-pico/pico/pico-sdk/lib/tinyusb/src/device/usbd.c.obj
sd_table            0x100             CMakeFiles/vasper_mic.dir/home/ivan/raspberry-pi-pico/pico/pico-sdk/src/rp2_common/pico_double/double_init_rom.c.obj
uart_char_to_line_feed
                    0x4               CMakeFiles/vasper_mic.dir/home/ivan/raspberry-pi-pico/pico/pico-sdk/src/rp2_common/hardware_uart/uart.c.obj

Discarded input sections

 .text          0x0000000000000000        0x0 /usr/lib/gcc/arm-none-eabi/9.2.1/thumb/v6-m/nofp/crti.o
 .data          0x0000000000000000        0x0 /usr/lib/gcc/arm-none-eabi/9.2.1/thumb/v6-m/nofp/crti.o
[...]
Memory Configuration

Name             Origin             Length             Attributes
FLASH            0x0000000010000000 0x0000000000200000 xr
RAM              0x0000000020000000 0x0000000000040000 xrw
SCRATCH_X        0x0000000020040000 0x0000000000001000 xrw
SCRATCH_Y        0x0000000020041000 0x0000000000001000 xrw
*default*        0x0000000000000000 0xffffffffffffffff

Linker script and memory map

LOAD /usr/lib/gcc/arm-none-eabi/9.2.1/thumb/v6-m/nofp/crti.o
LOAD /usr/lib/gcc/arm-none-eabi/9.2.1/thumb/v6-m/nofp/crtbegin.o
LOAD /usr/lib/gcc/arm-none-eabi/9.2.1/../../../arm-none-eabi/lib/thumb/v6-m/nofp/crt0.o

.flash_begin    0x0000000010000000        0x0
                0x0000000010000000                __flash_binary_start = .

.boot2          0x0000000010000000      0x100
                0x0000000010000000                __boot2_start__ = .
 *(.boot2)
 .boot2         0x0000000010000000      0x100 /tmp/ccg367Fx.o
                0x0000000010000100                __boot2_end__ = .
                0x0000000000000001                ASSERT (((__boot2_end__ - __boot2_start__) == 0x100), ERROR: Pico second stage bootloader must be 256 bytes in size)

.text           0x0000000010000100     0x7368
                0x0000000010000100                __logical_binary_start = .
 *(.vectors)
 .vectors       0x0000000010000100       0xd4 CMakeFiles/vasper_mic.dir/home/ivan/raspberry-pi-pico/pico/pico-sdk/src/rp2_common/pico_standard_link/crt0.S.obj
                0x0000000010000100                __vectors
                0x0000000010000100                __VECTOR_TABLE
                0x00000000100001c0                isr_invalid
                0x00000000100001c0                __default_isrs_start
                0x00000000100001c2                isr_nmi
                0x00000000100001c4                isr_hardfault
                0x00000000100001c6                isr_svcall
                0x00000000100001c8                isr_pendsv
                0x00000000100001ca                isr_systick
                0x00000000100001cc                isr_irq30
                0x00000000100001cc                __unhandled_user_irq
                0x00000000100001cc                isr_irq13
                0x00000000100001cc                isr_irq27
                0x00000000100001cc                isr_irq31
                0x00000000100001cc                isr_irq5
                0x00000000100001cc                isr_irq11
                0x00000000100001cc                isr_irq23
                0x00000000100001cc                isr_irq18
                0x00000000100001cc                isr_irq28
                0x00000000100001cc                isr_irq19
                0x00000000100001cc                isr_irq0
                0x00000000100001cc                isr_irq6
                0x00000000100001cc                isr_irq22
                0x00000000100001cc                isr_irq17
                0x00000000100001cc                isr_irq14
                0x00000000100001cc                isr_irq2
                0x00000000100001cc                isr_irq10
                0x00000000100001cc                isr_irq8
                0x00000000100001cc                isr_irq24
                0x00000000100001cc                isr_irq1
                0x00000000100001cc                isr_irq7
                0x00000000100001cc                isr_irq21
                0x00000000100001cc                isr_irq20
                0x00000000100001cc                isr_irq15
                0x00000000100001cc                isr_irq25
                0x00000000100001cc                isr_irq4
                0x00000000100001cc                isr_irq16
                0x00000000100001cc                isr_irq29
                0x00000000100001cc                isr_irq26
                0x00000000100001cc                __default_isrs_end
                0x00000000100001cc                isr_irq3
                0x00000000100001cc                isr_irq12
                0x00000000100001cc                isr_irq9
                0x00000000100001d2                unhandled_user_irq_num_in_r0
 *(.binary_info_header)
 .binary_info_header
                0x00000000100001d4       0x14 CMakeFiles/vasper_mic.dir/home/ivan/raspberry-pi-pico/pico/pico-sdk/src/rp2_common/pico_standard_link/crt0.S.obj
                0x00000000100001e8                __binary_info_header_end = .
 *(.reset)
 .reset         0x00000000100001e8       0xa8 CMakeFiles/vasper_mic.dir/home/ivan/raspberry-pi-pico/pico/pico-sdk/src/rp2_common/pico_standard_link/crt0.S.obj
                0x00000000100001e8                _entry_point
                0x0000000010000266                __get_current_exception
 .reset         0x0000000010000290       0x30 CMakeFiles/vasper_mic.dir/home/ivan/raspberry-pi-pico/pico/pico-sdk/src/rp2_common/pico_standard_link/binary_info.c.obj
 *(.init)
 .init          0x00000000100002c0        0x4 /usr/lib/gcc/arm-none-eabi/9.2.1/thumb/v6-m/nofp/crti.o
                0x00000000100002c0                _init
 *(EXCLUDE_FILE(*libm.a: *libc.a:*lib_a-mem*.o *libgcc.a:) .text*)
 .text          0x00000000100002c4       0x98 /usr/lib/gcc/arm-none-eabi/9.2.1/thumb/v6-m/nofp/crtbegin.o
 .text.recover_from_sleep
                0x000000001000035c       0x70 CMakeFiles/vasper_mic.dir/vasper_mic.c.obj
                0x000000001000035c                recover_from_sleep
 .text.main     0x00000000100003cc       0x90 CMakeFiles/vasper_mic.dir/vasper_mic.c.obj
                0x00000000100003cc                main
 .text.setup_default_uart
                0x000000001000045c       0x2c CMakeFiles/vasper_mic.dir/home/ivan/raspberry-pi-pico/pico/pico-sdk/src/rp2_common/pico_stdlib/stdlib.c.obj
                0x000000001000045c                setup_default_uart
 .text.gpio_set_function
                0x0000000010000488       0x30 CMakeFiles/vasper_mic.dir/home/ivan/raspberry-pi-pico/pico/pico-sdk/src/rp2_common/hardware_gpio/gpio.c.obj
                0x0000000010000488                gpio_set_function
 .text.gpio_set_pulls
                0x00000000100004b8       0x34 CMakeFiles/vasper_mic.dir/home/ivan/raspberry-pi-pico/pico/pico-sdk/src/rp2_common/hardware_gpio/gpio.c.obj
                0x00000000100004b8                gpio_set_pulls
 .text.gpio_acknowledge_irq
                0x00000000100004ec       0x18 CMakeFiles/vasper_mic.dir/home/ivan/raspberry-pi-pico/pico/pico-sdk/src/rp2_common/hardware_gpio/gpio.c.obj
                0x00000000100004ec                gpio_acknowledge_irq
 .text._gpio_set_irq_enabled
                0x0000000010000504       0x34 CMakeFiles/vasper_mic.dir/home/ivan/raspberry-pi-pico/pico/pico-sdk/src/rp2_common/hardware_gpio/gpio.c.obj
 .text.gpio_set_dormant_irq_enabled
                0x0000000010000538       0x10 CMakeFiles/vasper_mic.dir/home/ivan/raspberry-pi-pico/pico/pico-sdk/src/rp2_common/hardware_gpio/gpio.c.obj
                0x0000000010000538                gpio_set_dormant_irq_enabled
 .text.gpio_set_input_enabled
                0x0000000010000548       0x30 CMakeFiles/vasper_mic.dir/home/ivan/raspberry-pi-pico/pico/pico-sdk/src/rp2_common/hardware_gpio/gpio.c.obj
                0x0000000010000548                gpio_set_input_enabled
 .text.gpio_init
                0x0000000010000578       0x16 CMakeFiles/vasper_mic.dir/home/ivan/raspberry-pi-pico/pico/pico-sdk/src/rp2_common/hardware_gpio/gpio.c.obj
                0x0000000010000578                gpio_init
 *fill*         0x000000001000058e        0x2 
 .text.hw_claim_lock
                0x0000000010000590       0x18 CMakeFiles/vasper_mic.dir/home/ivan/raspberry-pi-pico/pico/pico-sdk/src/rp2_common/hardware_claim/claim.c.obj
                0x0000000010000590                hw_claim_lock
 .text.hw_claim_unlock
                0x00000000100005a8       0x14 CMakeFiles/vasper_mic.dir/home/ivan/raspberry-pi-pico/pico/pico-sdk/src/rp2_common/hardware_claim/claim.c.obj
                0x00000000100005a8                hw_claim_unlock
 .text.hw_claim_or_assert
                0x00000000100005bc       0x32 CMakeFiles/vasper_mic.dir/home/ivan/raspberry-pi-pico/pico/pico-sdk/src/rp2_common/hardware_claim/claim.c.obj
                0x00000000100005bc                hw_claim_or_assert
 .text.hw_claim_unused_from_range
                0x00000000100005ee       0x50 CMakeFiles/vasper_mic.dir/home/ivan/raspberry-pi-pico/pico/pico-sdk/src/rp2_common/hardware_claim/claim.c.obj
                0x00000000100005ee                hw_claim_unused_from_range
 *fill*         0x000000001000063e        0x2 
 .text.running_on_fpga
                0x0000000010000640       0x14 CMakeFiles/vasper_mic.dir/home/ivan/raspberry-pi-pico/pico/pico-sdk/src/rp2_common/pico_platform/platform.c.obj
                0x0000000010000640                running_on_fpga
 .text.spin_locks_reset
                0x0000000010000654       0x20 CMakeFiles/vasper_mic.dir/home/ivan/raspberry-pi-pico/pico/pico-sdk/src/rp2_common/hardware_sync/sync.c.obj
                0x0000000010000654                spin_locks_reset
 .text.next_striped_spin_lock_num
                0x0000000010000674       0x1c CMakeFiles/vasper_mic.dir/home/ivan/raspberry-pi-pico/pico/pico-sdk/src/rp2_common/hardware_sync/sync.c.obj
                0x0000000010000674                next_striped_spin_lock_num
 .text.spin_lock_claim_unused
                0x0000000010000690       0x20 CMakeFiles/vasper_mic.dir/home/ivan/raspberry-pi-pico/pico/pico-sdk/src/rp2_common/hardware_sync/sync.c.obj
                0x0000000010000690                spin_lock_claim_unused
 .text.uart_set_baudrate
                0x00000000100006b0       0x5c CMakeFiles/vasper_mic.dir/home/ivan/raspberry-pi-pico/pico/pico-sdk/src/rp2_common/hardware_uart/uart.c.obj
                0x00000000100006b0                uart_set_baudrate
 .text.uart_set_translate_crlf
                0x000000001000070c       0x28 CMakeFiles/vasper_mic.dir/home/ivan/raspberry-pi-pico/pico/pico-sdk/src/rp2_common/hardware_uart/uart.c.obj
                0x000000001000070c                uart_set_translate_crlf
 .text.uart_init
                0x0000000010000734       0x80 CMakeFiles/vasper_mic.dir/home/ivan/raspberry-pi-pico/pico/pico-sdk/src/rp2_common/hardware_uart/uart.c.obj
                0x0000000010000734                uart_init
 .text.alarm_pool_post_alloc_init
                0x00000000100007b4       0x40 CMakeFiles/vasper_mic.dir/home/ivan/raspberry-pi-pico/pico/pico-sdk/src/common/pico_time/time.c.obj
 .text.sleep_until_callback
                0x00000000100007f4       0x30 CMakeFiles/vasper_mic.dir/home/ivan/raspberry-pi-pico/pico/pico-sdk/src/common/pico_time/time.c.obj
 .text.timer_pool_entry_comparator
                0x0000000010000824       0x7c CMakeFiles/vasper_mic.dir/home/ivan/raspberry-pi-pico/pico/pico-sdk/src/common/pico_time/time.c.obj
                0x0000000010000824                timer_pool_entry_comparator
 .text.ph_add_child_node
                0x00000000100008a0       0xa4 CMakeFiles/vasper_mic.dir/home/ivan/raspberry-pi-pico/pico/pico-sdk/src/common/pico_time/time.c.obj
 .text.ph_merge_nodes
                0x0000000010000944       0x3e CMakeFiles/vasper_mic.dir/home/ivan/raspberry-pi-pico/pico/pico-sdk/src/common/pico_time/time.c.obj
 *fill*         0x0000000010000982        0x2 
 .text.add_alarm_under_lock
                0x0000000010000984      0x174 CMakeFiles/vasper_mic.dir/home/ivan/raspberry-pi-pico/pico/pico-sdk/src/common/pico_time/time.c.obj
 .text.alarm_pool_alarm_callback
                0x0000000010000af8      0x32c CMakeFiles/vasper_mic.dir/home/ivan/raspberry-pi-pico/pico/pico-sdk/src/common/pico_time/time.c.obj
 .text.alarm_pool_init_default
                0x0000000010000e24       0x38 CMakeFiles/vasper_mic.dir/home/ivan/raspberry-pi-pico/pico/pico-sdk/src/common/pico_time/time.c.obj
                0x0000000010000e24                alarm_pool_init_default
 .text.alarm_pool_get_default
                0x0000000010000e5c       0x2c CMakeFiles/vasper_mic.dir/home/ivan/raspberry-pi-pico/pico/pico-sdk/src/common/pico_time/time.c.obj
                0x0000000010000e5c                alarm_pool_get_default
 .text.alarm_pool_add_alarm_at
                0x0000000010000e88      0x170 CMakeFiles/vasper_mic.dir/home/ivan/raspberry-pi-pico/pico/pico-sdk/src/common/pico_time/time.c.obj
                0x0000000010000e88                alarm_pool_add_alarm_at
 .text.alarm_pool_cancel_alarm
                0x0000000010000ff8       0xf0 CMakeFiles/vasper_mic.dir/home/ivan/raspberry-pi-pico/pico/pico-sdk/src/common/pico_time/time.c.obj
                0x0000000010000ff8                alarm_pool_cancel_alarm
 .text.best_effort_wfe_or_timeout
                0x00000000100010e8       0x80 CMakeFiles/vasper_mic.dir/home/ivan/raspberry-pi-pico/pico/pico-sdk/src/common/pico_time/time.c.obj
                0x00000000100010e8                best_effort_wfe_or_timeout
 .text.hardware_alarm_irq_handler
                0x0000000010001168       0x8c CMakeFiles/vasper_mic.dir/home/ivan/raspberry-pi-pico/pico/pico-sdk/src/rp2_common/hardware_timer/timer.c.obj
 .text.hardware_alarm_claim
                0x00000000100011f4       0x18 CMakeFiles/vasper_mic.dir/home/ivan/raspberry-pi-pico/pico/pico-sdk/src/rp2_common/hardware_timer/timer.c.obj
                0x00000000100011f4                hardware_alarm_claim
 .text.time_us_64
                0x000000001000120c       0x18 CMakeFiles/vasper_mic.dir/home/ivan/raspberry-pi-pico/pico/pico-sdk/src/rp2_common/hardware_timer/timer.c.obj
                0x000000001000120c                time_us_64
 .text.hardware_alarm_set_callback
                0x0000000010001224       0x90 CMakeFiles/vasper_mic.dir/home/ivan/raspberry-pi-pico/pico/pico-sdk/src/rp2_common/hardware_timer/timer.c.obj
                0x0000000010001224                hardware_alarm_set_callback
 .text.hardware_alarm_set_target
                0x00000000100012b4       0xe8 CMakeFiles/vasper_mic.dir/home/ivan/raspberry-pi-pico/pico/pico-sdk/src/rp2_common/hardware_timer/timer.c.obj
                0x00000000100012b4                hardware_alarm_set_target
 .text.hardware_alarm_cancel
                0x000000001000139c       0x40 CMakeFiles/vasper_mic.dir/home/ivan/raspberry-pi-pico/pico/pico-sdk/src/rp2_common/hardware_timer/timer.c.obj
                0x000000001000139c                hardware_alarm_cancel
 .text.lock_init
                0x00000000100013dc       0x10 CMakeFiles/vasper_mic.dir/home/ivan/raspberry-pi-pico/pico/pico-sdk/src/common/pico_sync/lock_core.c.obj
                0x00000000100013dc                lock_init
 .text.mutex_init
                0x00000000100013ec       0x1a CMakeFiles/vasper_mic.dir/home/ivan/raspberry-pi-pico/pico/pico-sdk/src/common/pico_sync/mutex.c.obj
                0x00000000100013ec                mutex_init
 .text.recursive_mutex_init
                0x0000000010001406       0x1e CMakeFiles/vasper_mic.dir/home/ivan/raspberry-pi-pico/pico/pico-sdk/src/common/pico_sync/mutex.c.obj
                0x0000000010001406                recursive_mutex_init
 .text.critical_section_init_with_lock_num
                0x0000000010001424       0x14 CMakeFiles/vasper_mic.dir/home/ivan/raspberry-pi-pico/pico/pico-sdk/src/common/pico_sync/critical_section.c.obj
                0x0000000010001424                critical_section_init_with_lock_num
 .text.critical_section_init
                0x0000000010001438       0x14 CMakeFiles/vasper_mic.dir/home/ivan/raspberry-pi-pico/pico/pico-sdk/src/common/pico_sync/critical_section.c.obj
                0x0000000010001438                critical_section_init
 .text.ph_add_child_node
                0x000000001000144c       0xa4 CMakeFiles/vasper_mic.dir/home/ivan/raspberry-pi-pico/pico/pico-sdk/src/common/pico_util/pheap.c.obj
 .text.ph_merge_nodes
                0x00000000100014f0       0x3e CMakeFiles/vasper_mic.dir/home/ivan/raspberry-pi-pico/pico/pico-sdk/src/common/pico_util/pheap.c.obj
 *fill*         0x000000001000152e        0x2 
 .text.ph_clear
                0x0000000010001530       0x70 CMakeFiles/vasper_mic.dir/home/ivan/raspberry-pi-pico/pico/pico-sdk/src/common/pico_util/pheap.c.obj
                0x0000000010001530                ph_clear
 .text.ph_post_alloc_init
                0x00000000100015a0        0xe CMakeFiles/vasper_mic.dir/home/ivan/raspberry-pi-pico/pico/pico-sdk/src/common/pico_util/pheap.c.obj
                0x00000000100015a0                ph_post_alloc_init
 *fill*         0x00000000100015ae        0x2 
 .text.ph_merge_two_pass
                0x00000000100015b0       0xa8 CMakeFiles/vasper_mic.dir/home/ivan/raspberry-pi-pico/pico/pico-sdk/src/common/pico_util/pheap.c.obj
                0x00000000100015b0                ph_merge_two_pass
 .text.ph_remove_any_head
                0x0000000010001658      0x108 CMakeFiles/vasper_mic.dir/home/ivan/raspberry-pi-pico/pico/pico-sdk/src/common/pico_util/pheap.c.obj
 .text.ph_remove_head
                0x0000000010001760       0x14 CMakeFiles/vasper_mic.dir/home/ivan/raspberry-pi-pico/pico/pico-sdk/src/common/pico_util/pheap.c.obj
                0x0000000010001760                ph_remove_head
 .text.ph_remove_and_free_node
                0x0000000010001774       0xf8 CMakeFiles/vasper_mic.dir/home/ivan/raspberry-pi-pico/pico/pico-sdk/src/common/pico_util/pheap.c.obj
                0x0000000010001774                ph_remove_and_free_node
 .text._exit    0x000000001000186c        0x4 CMakeFiles/vasper_mic.dir/home/ivan/raspberry-pi-pico/pico/pico-sdk/src/rp2_common/pico_runtime/runtime.c.obj
                0x000000001000186c                _exit
 .text.exit     0x0000000010001870        0x6 CMakeFiles/vasper_mic.dir/home/ivan/raspberry-pi-pico/pico/pico-sdk/src/rp2_common/pico_runtime/runtime.c.obj
                0x0000000010001870                exit
 *fill*         0x0000000010001876        0x2 
 .text.__assert_func
                0x0000000010001878       0x3c CMakeFiles/vasper_mic.dir/home/ivan/raspberry-pi-pico/pico/pico-sdk/src/rp2_common/pico_runtime/runtime.c.obj
                0x0000000010001878                __assert_func
 .text.runtime_init
                0x00000000100018b4       0xf8 CMakeFiles/vasper_mic.dir/home/ivan/raspberry-pi-pico/pico/pico-sdk/src/rp2_common/pico_runtime/runtime.c.obj
                0x00000000100018b4                runtime_init
 .text.panic    0x00000000100019ac       0x30 CMakeFiles/vasper_mic.dir/home/ivan/raspberry-pi-pico/pico/pico-sdk/src/rp2_common/pico_runtime/runtime.c.obj
                0x00000000100019ac                panic
 .text.clock_stop
                0x00000000100019dc       0x2c CMakeFiles/vasper_mic.dir/home/ivan/raspberry-pi-pico/pico/pico-sdk/src/rp2_common/hardware_clocks/clocks.c.obj
                0x00000000100019dc                clock_stop
 .text.clock_configure
                0x0000000010001a08      0x104 CMakeFiles/vasper_mic.dir/home/ivan/raspberry-pi-pico/pico/pico-sdk/src/rp2_common/hardware_clocks/clocks.c.obj
                0x0000000010001a08                clock_configure
 .text.clocks_init
                0x0000000010001b0c      0x100 CMakeFiles/vasper_mic.dir/home/ivan/raspberry-pi-pico/pico/pico-sdk/src/rp2_common/hardware_clocks/clocks.c.obj
                0x0000000010001b0c                clocks_init
 .text.clock_get_hz
                0x0000000010001c0c        0xc CMakeFiles/vasper_mic.dir/home/ivan/raspberry-pi-pico/pico/pico-sdk/src/rp2_common/hardware_clocks/clocks.c.obj
                0x0000000010001c0c                clock_get_hz
 .text.clock_gpio_init
                0x0000000010001c18       0x4c CMakeFiles/vasper_mic.dir/home/ivan/raspberry-pi-pico/pico/pico-sdk/src/rp2_common/hardware_clocks/clocks.c.obj
                0x0000000010001c18                clock_gpio_init
 .text.set_raw_irq_handler_and_unlock
                0x0000000010001c64       0x28 CMakeFiles/vasper_mic.dir/home/ivan/raspberry-pi-pico/pico/pico-sdk/src/rp2_common/hardware_irq/irq.c.obj
 .text.make_branch
                0x0000000010001c8c       0x48 CMakeFiles/vasper_mic.dir/home/ivan/raspberry-pi-pico/pico/pico-sdk/src/rp2_common/hardware_irq/irq.c.obj
 .text.insert_branch_and_link
                0x0000000010001cd4       0x40 CMakeFiles/vasper_mic.dir/home/ivan/raspberry-pi-pico/pico/pico-sdk/src/rp2_common/hardware_irq/irq.c.obj
 .text.irq_is_enabled
                0x0000000010001d14       0x18 CMakeFiles/vasper_mic.dir/home/ivan/raspberry-pi-pico/pico/pico-sdk/src/rp2_common/hardware_irq/irq.c.obj
                0x0000000010001d14                irq_is_enabled
 .text.irq_set_mask_enabled
                0x0000000010001d2c       0x20 CMakeFiles/vasper_mic.dir/home/ivan/raspberry-pi-pico/pico/pico-sdk/src/rp2_common/hardware_irq/irq.c.obj
                0x0000000010001d2c                irq_set_mask_enabled
 .text.irq_set_enabled
                0x0000000010001d4c        0xe CMakeFiles/vasper_mic.dir/home/ivan/raspberry-pi-pico/pico/pico-sdk/src/rp2_common/hardware_irq/irq.c.obj
                0x0000000010001d4c                irq_set_enabled
 *fill*         0x0000000010001d5a        0x2 
 .text.irq_set_pending
                0x0000000010001d5c       0x10 CMakeFiles/vasper_mic.dir/home/ivan/raspberry-pi-pico/pico/pico-sdk/src/rp2_common/hardware_irq/irq.c.obj
                0x0000000010001d5c                irq_set_pending
 .text.irq_get_vtable_handler
                0x0000000010001d6c       0x10 CMakeFiles/vasper_mic.dir/home/ivan/raspberry-pi-pico/pico/pico-sdk/src/rp2_common/hardware_irq/irq.c.obj
                0x0000000010001d6c                irq_get_vtable_handler
 .text.irq_set_exclusive_handler
                0x0000000010001d7c       0x54 CMakeFiles/vasper_mic.dir/home/ivan/raspberry-pi-pico/pico/pico-sdk/src/rp2_common/hardware_irq/irq.c.obj
                0x0000000010001d7c                irq_set_exclusive_handler
 .text.irq_remove_handler
                0x0000000010001dd0      0x1a8 CMakeFiles/vasper_mic.dir/home/ivan/raspberry-pi-pico/pico/pico-sdk/src/rp2_common/hardware_irq/irq.c.obj
                0x0000000010001dd0                irq_remove_handler
 .text.irq_add_tail_to_free_list
                0x0000000010001f78       0xf0 CMakeFiles/vasper_mic.dir/home/ivan/raspberry-pi-pico/pico/pico-sdk/src/rp2_common/hardware_irq/irq.c.obj
                0x0000000010001f78                irq_add_tail_to_free_list
 .text.irq_init_priorities
                0x0000000010002068       0x1c CMakeFiles/vasper_mic.dir/home/ivan/raspberry-pi-pico/pico/pico-sdk/src/rp2_common/hardware_irq/irq.c.obj
                0x0000000010002068                irq_init_priorities
 .text.pll_init
                0x0000000010002084      0x120 CMakeFiles/vasper_mic.dir/home/ivan/raspberry-pi-pico/pico/pico-sdk/src/rp2_common/hardware_pll/pll.c.obj
                0x0000000010002084                pll_init
 .text.pll_deinit
                0x00000000100021a4        0x6 CMakeFiles/vasper_mic.dir/home/ivan/raspberry-pi-pico/pico/pico-sdk/src/rp2_common/hardware_pll/pll.c.obj
                0x00000000100021a4                pll_deinit
 *fill*         0x00000000100021aa        0x2 
 .text.watchdog_start_tick
                0x00000000100021ac       0x10 CMakeFiles/vasper_mic.dir/home/ivan/raspberry-pi-pico/pico/pico-sdk/src/rp2_common/hardware_watchdog/watchdog.c.obj
                0x00000000100021ac                watchdog_start_tick
 .text.watchdog_update
                0x00000000100021bc       0x14 CMakeFiles/vasper_mic.dir/home/ivan/raspberry-pi-pico/pico/pico-sdk/src/rp2_common/hardware_watchdog/watchdog.c.obj
                0x00000000100021bc                watchdog_update
 .text._watchdog_enable
                0x00000000100021d0       0x78 CMakeFiles/vasper_mic.dir/home/ivan/raspberry-pi-pico/pico/pico-sdk/src/rp2_common/hardware_watchdog/watchdog.c.obj
                0x00000000100021d0                _watchdog_enable
 .text.watchdog_reboot
                0x0000000010002248       0x48 CMakeFiles/vasper_mic.dir/home/ivan/raspberry-pi-pico/pico/pico-sdk/src/rp2_common/hardware_watchdog/watchdog.c.obj
                0x0000000010002248                watchdog_reboot
 .text.xosc_init
                0x0000000010002290       0x28 CMakeFiles/vasper_mic.dir/home/ivan/raspberry-pi-pico/pico/pico-sdk/src/rp2_common/hardware_xosc/xosc.c.obj
                0x0000000010002290                xosc_init
 .text.xosc_disable
                0x00000000100022b8       0x24 CMakeFiles/vasper_mic.dir/home/ivan/raspberry-pi-pico/pico/pico-sdk/src/rp2_common/hardware_xosc/xosc.c.obj
                0x00000000100022b8                xosc_disable
 .text.xosc_dormant
                0x00000000100022dc       0x18 CMakeFiles/vasper_mic.dir/home/ivan/raspberry-pi-pico/pico/pico-sdk/src/rp2_common/hardware_xosc/xosc.c.obj
                0x00000000100022dc                xosc_dormant
 .text._out_null
                0x00000000100022f4        0x2 CMakeFiles/vasper_mic.dir/home/ivan/raspberry-pi-pico/pico/pico-sdk/src/rp2_common/pico_printf/printf.c.obj
 .text._out_fct
                0x00000000100022f6        0xe CMakeFiles/vasper_mic.dir/home/ivan/raspberry-pi-pico/pico/pico-sdk/src/rp2_common/pico_printf/printf.c.obj
 .text._atoi    0x0000000010002304       0x24 CMakeFiles/vasper_mic.dir/home/ivan/raspberry-pi-pico/pico/pico-sdk/src/rp2_common/pico_printf/printf.c.obj
 .text._out_rev
                0x0000000010002328       0xae CMakeFiles/vasper_mic.dir/home/ivan/raspberry-pi-pico/pico/pico-sdk/src/rp2_common/pico_printf/printf.c.obj
 .text._ntoa_format
                0x00000000100023d6      0x110 CMakeFiles/vasper_mic.dir/home/ivan/raspberry-pi-pico/pico/pico-sdk/src/rp2_common/pico_printf/printf.c.obj
 .text._ntoa_long
                0x00000000100024e6       0xbc CMakeFiles/vasper_mic.dir/home/ivan/raspberry-pi-pico/pico/pico-sdk/src/rp2_common/pico_printf/printf.c.obj
 .text._ntoa_long_long
                0x00000000100025a2       0xe2 CMakeFiles/vasper_mic.dir/home/ivan/raspberry-pi-pico/pico/pico-sdk/src/rp2_common/pico_printf/printf.c.obj
 .text._etoa    0x0000000010002684      0x40c CMakeFiles/vasper_mic.dir/home/ivan/raspberry-pi-pico/pico/pico-sdk/src/rp2_common/pico_printf/printf.c.obj
 .text._ftoa    0x0000000010002a90      0x354 CMakeFiles/vasper_mic.dir/home/ivan/raspberry-pi-pico/pico/pico-sdk/src/rp2_common/pico_printf/printf.c.obj
 .text._vsnprintf
                0x0000000010002de4      0x628 CMakeFiles/vasper_mic.dir/home/ivan/raspberry-pi-pico/pico/pico-sdk/src/rp2_common/pico_printf/printf.c.obj
 .text.vfctprintf
                0x000000001000340c       0x20 CMakeFiles/vasper_mic.dir/home/ivan/raspberry-pi-pico/pico/pico-sdk/src/rp2_common/pico_printf/printf.c.obj
                0x000000001000340c                vfctprintf
 .text          0x000000001000342c       0x10 CMakeFiles/vasper_mic.dir/home/ivan/raspberry-pi-pico/pico/pico-sdk/src/rp2_common/pico_bit_ops/bit_ops_aeabi.S.obj
 .text.rom_func_lookup
                0x000000001000343c       0x10 CMakeFiles/vasper_mic.dir/home/ivan/raspberry-pi-pico/pico/pico-sdk/src/rp2_common/pico_bootrom/bootrom.c.obj
                0x000000001000343c                rom_func_lookup
 .text.rom_data_lookup
                0x000000001000344c       0x10 CMakeFiles/vasper_mic.dir/home/ivan/raspberry-pi-pico/pico/pico-sdk/src/rp2_common/pico_bootrom/bootrom.c.obj
                0x000000001000344c                rom_data_lookup
 .text.rom_funcs_lookup
                0x000000001000345c       0x36 CMakeFiles/vasper_mic.dir/home/ivan/raspberry-pi-pico/pico/pico-sdk/src/rp2_common/pico_bootrom/bootrom.c.obj
                0x000000001000345c                rom_funcs_lookup
 *fill*         0x0000000010003492        0x2 
 .text.__wrap___aeabi_idiv
                0x0000000010003494       0x50 CMakeFiles/vasper_mic.dir/home/ivan/raspberry-pi-pico/pico/pico-sdk/src/rp2_common/pico_divider/divider.S.obj
                0x0000000010003494                __wrap___aeabi_idivmod
                0x0000000010003494                divmod_s32s32
                0x0000000010003494                div_s32s32
                0x0000000010003494                __wrap___aeabi_idiv
                0x000000001000349c                divmod_s32s32_unsafe
                0x00000000100034c8                divmod_s32s32_savestate
 .text.__wrap___aeabi_uidiv
                0x00000000100034e4       0x4c CMakeFiles/vasper_mic.dir/home/ivan/raspberry-pi-pico/pico/pico-sdk/src/rp2_common/pico_divider/divider.S.obj
                0x00000000100034e4                __wrap___aeabi_uidiv
                0x00000000100034e4                __wrap___aeabi_uidivmod
                0x00000000100034e4                div_u32u32
                0x00000000100034e4                divmod_u32u32
                0x00000000100034ec                divmod_u32u32_unsafe
                0x0000000010003514                divmod_u32u32_savestate
 .text.__wrap___aeabi_ldiv
                0x0000000010003530      0x434 CMakeFiles/vasper_mic.dir/home/ivan/raspberry-pi-pico/pico/pico-sdk/src/rp2_common/pico_divider/divider.S.obj
                0x0000000010003530                div_s64s64
                0x0000000010003530                divmod_s64s64
                0x0000000010003530                __wrap___aeabi_ldivmod
                0x0000000010003568                div_u64u64
                0x0000000010003568                divmod_u64u64
                0x0000000010003568                __wrap___aeabi_uldivmod
                0x0000000010003578                divmod_u64u64_savestate
                0x00000000100035a0                divmod_s64s64_unsafe
                0x0000000010003628                divmod_u64u64_unsafe
 .text.__wrap___aeabi_darithmetic
                0x0000000010003964       0x80 CMakeFiles/vasper_mic.dir/home/ivan/raspberry-pi-pico/pico/pico-sdk/src/rp2_common/pico_double/double_aeabi.S.obj
                0x0000000010003964                __wrap___aeabi_drsub
                0x000000001000396a                __wrap___aeabi_dsub
                0x000000001000397c                __wrap___aeabi_dadd
                0x000000001000398e                __wrap___aeabi_ddiv
                0x00000000100039ca                __wrap___aeabi_dmul
 .text.__wrap___aeabi_cdcmple
                0x00000000100039e4       0x6c CMakeFiles/vasper_mic.dir/home/ivan/raspberry-pi-pico/pico/pico-sdk/src/rp2_common/pico_double/double_aeabi.S.obj
                0x00000000100039e4                __wrap___aeabi_cdrcmple
                0x00000000100039f4                __wrap___aeabi_cdcmple
                0x00000000100039f4                __wrap___aeabi_cdcmpeq
 .text.__wrap___aeabi_dcmplt
                0x0000000010003a50        0xc CMakeFiles/vasper_mic.dir/home/ivan/raspberry-pi-pico/pico/pico-sdk/src/rp2_common/pico_double/double_aeabi.S.obj
                0x0000000010003a50                __wrap___aeabi_dcmplt
 .text.__wrap___aeabi_dcmple
                0x0000000010003a5c       0x10 CMakeFiles/vasper_mic.dir/home/ivan/raspberry-pi-pico/pico/pico-sdk/src/rp2_common/pico_double/double_aeabi.S.obj
                0x0000000010003a5c                __wrap___aeabi_dcmple
 .text.__wrap___aeabi_dcmpge
                0x0000000010003a6c       0x10 CMakeFiles/vasper_mic.dir/home/ivan/raspberry-pi-pico/pico/pico-sdk/src/rp2_common/pico_double/double_aeabi.S.obj
                0x0000000010003a6c                __wrap___aeabi_dcmpge
 .text.__wrap___aeabi_dcmpgt
                0x0000000010003a7c        0xa CMakeFiles/vasper_mic.dir/home/ivan/raspberry-pi-pico/pico/pico-sdk/src/rp2_common/pico_double/double_aeabi.S.obj
                0x0000000010003a7c                __wrap___aeabi_dcmpgt
 .text.__wrap___aeabi_dcmpun
                0x0000000010003a86       0x1c CMakeFiles/vasper_mic.dir/home/ivan/raspberry-pi-pico/pico/pico-sdk/src/rp2_common/pico_double/double_aeabi.S.obj
                0x0000000010003a86                __wrap___aeabi_dcmpun
 *fill*         0x0000000010003aa2        0x2 
 .text.__wrap___aeabi_i2d
                0x0000000010003aa4       0x38 CMakeFiles/vasper_mic.dir/home/ivan/raspberry-pi-pico/pico/pico-sdk/src/rp2_common/pico_double/double_aeabi.S.obj
                0x0000000010003aa4                __wrap___aeabi_ui2d
                0x0000000010003aac                __wrap___aeabi_i2d
 .text.__wrap___aeabi_d2iz
                0x0000000010003adc       0x48 CMakeFiles/vasper_mic.dir/home/ivan/raspberry-pi-pico/pico/pico-sdk/src/rp2_common/pico_double/double_aeabi.S.obj
                0x0000000010003adc                __wrap___aeabi_d2iz
                0x0000000010003adc                double2int_z
 .text.__wrap___aeabi_d2uiz
                0x0000000010003b24       0x18 CMakeFiles/vasper_mic.dir/home/ivan/raspberry-pi-pico/pico/pico-sdk/src/rp2_common/pico_double/double_aeabi.S.obj
                0x0000000010003b24                double2uint
                0x0000000010003b24                __wrap___aeabi_d2uiz
 .text.__aeabi_double_init
                0x0000000010003b3c       0xc8 CMakeFiles/vasper_mic.dir/home/ivan/raspberry-pi-pico/pico/pico-sdk/src/rp2_common/pico_double/double_init_rom.c.obj
                0x0000000010003b3c                __aeabi_double_init
 .text.double_table_shim_on_use_helper
                0x0000000010003c04       0x34 CMakeFiles/vasper_mic.dir/home/ivan/raspberry-pi-pico/pico/pico-sdk/src/rp2_common/pico_double/double_v1_rom_shim.S.obj
                0x0000000010003c04                double_table_shim_on_use_helper
 .text.__wrap___aeabi_dsub
                0x0000000010003c38       0x10 CMakeFiles/vasper_mic.dir/home/ivan/raspberry-pi-pico/pico/pico-sdk/src/rp2_common/pico_double/double_v1_rom_shim.S.obj
                0x0000000010003c38                drsub_shim
                0x0000000010003c3e                dsub_shim
 .text.dadd_shim
                0x0000000010003c48      0x15c CMakeFiles/vasper_mic.dir/home/ivan/raspberry-pi-pico/pico/pico-sdk/src/rp2_common/pico_double/double_v1_rom_shim.S.obj
                0x0000000010003c48                dadd_shim
 .text.dmul_shim
                0x0000000010003da4      0x15c CMakeFiles/vasper_mic.dir/home/ivan/raspberry-pi-pico/pico/pico-sdk/src/rp2_common/pico_double/double_v1_rom_shim.S.obj
                0x0000000010003da4                dmul_shim
 .text.ddiv_shim
                0x0000000010003f00      0x1b0 CMakeFiles/vasper_mic.dir/home/ivan/raspberry-pi-pico/pico/pico-sdk/src/rp2_common/pico_double/double_v1_rom_shim.S.obj
                0x0000000010003f00                ddiv_shim
 .text.double2uint_shim
                0x00000000100040b0        0xe CMakeFiles/vasper_mic.dir/home/ivan/raspberry-pi-pico/pico/pico-sdk/src/rp2_common/pico_double/double_v1_rom_shim.S.obj
                0x00000000100040b0                double2uint_shim
                0x00000000100040b2                double2ufix_shim
 *fill*         0x00000000100040be        0x2 
 .text.double2uint64_shim
                0x00000000100040c0       0x70 CMakeFiles/vasper_mic.dir/home/ivan/raspberry-pi-pico/pico/pico-sdk/src/rp2_common/pico_double/double_v1_rom_shim.S.obj
                0x00000000100040c0                double2uint64_shim
                0x00000000100040c2                double2ufix64_shim
                0x00000000100040e2                d2fix_a
 .text.dunpacks
                0x0000000010004130       0x3c CMakeFiles/vasper_mic.dir/home/ivan/raspberry-pi-pico/pico/pico-sdk/src/rp2_common/pico_double/double_v1_rom_shim.S.obj
                0x0000000010004130                dunpacks
 .text.__aeabi_lmul
                0x000000001000416c       0x32 CMakeFiles/vasper_mic.dir/home/ivan/raspberry-pi-pico/pico/pico-sdk/src/rp2_common/pico_int64_ops/pico_int64_ops_aeabi.S.obj
                0x000000001000416c                __wrap___aeabi_lmul
 *fill*         0x000000001000419e        0x2 
 .text.__aeabi_float_init
                0x00000000100041a0       0xfc CMakeFiles/vasper_mic.dir/home/ivan/raspberry-pi-pico/pico/pico-sdk/src/rp2_common/pico_float/float_init_rom.c.obj
                0x00000000100041a0                __aeabi_float_init
 .text.float_table_shim_on_use_helper
                0x000000001000429c       0x34 CMakeFiles/vasper_mic.dir/home/ivan/raspberry-pi-pico/pico/pico-sdk/src/rp2_common/pico_float/float_v1_rom_shim.S.obj
                0x000000001000429c                float_table_shim_on_use_helper
 .text          0x00000000100042d0       0x10 CMakeFiles/vasper_mic.dir/home/ivan/raspberry-pi-pico/pico/pico-sdk/src/rp2_common/pico_mem_ops/mem_ops_aeabi.S.obj
                0x00000000100042d0                __aeabi_mem_init
 .text.memset   0x00000000100042e0        0xc CMakeFiles/vasper_mic.dir/home/ivan/raspberry-pi-pico/pico/pico-sdk/src/rp2_common/pico_mem_ops/mem_ops_aeabi.S.obj
                0x00000000100042e0                __wrap_memset
 .text.memcpy   0x00000000100042ec        0xc CMakeFiles/vasper_mic.dir/home/ivan/raspberry-pi-pico/pico/pico-sdk/src/rp2_common/pico_mem_ops/mem_ops_aeabi.S.obj
                0x00000000100042ec                __wrap___aeabi_memcpy
                0x00000000100042ec                __wrap_memcpy
 .text.stdio_out_chars_no_crlf
                0x00000000100042f8        0xe CMakeFiles/vasper_mic.dir/home/ivan/raspberry-pi-pico/pico/pico-sdk/src/rp2_common/pico_stdio/stdio.c.obj
 *fill*         0x0000000010004306        0x2 
 .text.stdio_out_chars_crlf
                0x0000000010004308       0x80 CMakeFiles/vasper_mic.dir/home/ivan/raspberry-pi-pico/pico/pico-sdk/src/rp2_common/pico_stdio/stdio.c.obj
 .text.stdio_stack_buffer_flush
                0x0000000010004388       0x44 CMakeFiles/vasper_mic.dir/home/ivan/raspberry-pi-pico/pico/pico-sdk/src/rp2_common/pico_stdio/stdio.c.obj
 .text.stdio_buffered_printer
                0x00000000100043cc       0x20 CMakeFiles/vasper_mic.dir/home/ivan/raspberry-pi-pico/pico/pico-sdk/src/rp2_common/pico_stdio/stdio.c.obj
 .text.stdout_serialize_begin
                0x00000000100043ec       0x30 CMakeFiles/vasper_mic.dir/home/ivan/raspberry-pi-pico/pico/pico-sdk/src/rp2_common/pico_stdio/stdio.c.obj
                0x00000000100043ec                stdout_serialize_begin
 .text.stdout_serialize_end
                0x000000001000441c       0x10 CMakeFiles/vasper_mic.dir/home/ivan/raspberry-pi-pico/pico/pico-sdk/src/rp2_common/pico_stdio/stdio.c.obj
                0x000000001000441c                stdout_serialize_end
 .text.stdio_put_string
                0x000000001000442c       0x98 CMakeFiles/vasper_mic.dir/home/ivan/raspberry-pi-pico/pico/pico-sdk/src/rp2_common/pico_stdio/stdio.c.obj
 .text.stdio_set_driver_enabled
                0x00000000100044c4       0x2c CMakeFiles/vasper_mic.dir/home/ivan/raspberry-pi-pico/pico/pico-sdk/src/rp2_common/pico_stdio/stdio.c.obj
                0x00000000100044c4                stdio_set_driver_enabled
 .text.stdio_flush
                0x00000000100044f0       0x20 CMakeFiles/vasper_mic.dir/home/ivan/raspberry-pi-pico/pico/pico-sdk/src/rp2_common/pico_stdio/stdio.c.obj
                0x00000000100044f0                stdio_flush
 .text.__wrap_puts
                0x0000000010004510       0x1e CMakeFiles/vasper_mic.dir/home/ivan/raspberry-pi-pico/pico/pico-sdk/src/rp2_common/pico_stdio/stdio.c.obj
                0x0000000010004510                __wrap_puts
 *fill*         0x000000001000452e        0x2 
 .text.__wrap_vprintf
                0x0000000010004530       0x44 CMakeFiles/vasper_mic.dir/home/ivan/raspberry-pi-pico/pico/pico-sdk/src/rp2_common/pico_stdio/stdio.c.obj
                0x0000000010004530                __wrap_vprintf
 .text.__wrap_printf
                0x0000000010004574       0x18 CMakeFiles/vasper_mic.dir/home/ivan/raspberry-pi-pico/pico/pico-sdk/src/rp2_common/pico_stdio/stdio.c.obj
                0x0000000010004574                __wrap_printf
 .text.stdio_init_all
                0x000000001000458c        0x8 CMakeFiles/vasper_mic.dir/home/ivan/raspberry-pi-pico/pico/pico-sdk/src/rp2_common/pico_stdio/stdio.c.obj
                0x000000001000458c                stdio_init_all
 .text.resetd_init
                0x0000000010004594        0x2 CMakeFiles/vasper_mic.dir/home/ivan/raspberry-pi-pico/pico/pico-sdk/src/rp2_common/pico_stdio_usb/reset_interface.c.obj
 *fill*         0x0000000010004596        0x2 
 .text.resetd_reset
                0x0000000010004598        0xc CMakeFiles/vasper_mic.dir/home/ivan/raspberry-pi-pico/pico/pico-sdk/src/rp2_common/pico_stdio_usb/reset_interface.c.obj
 .text.resetd_open
                0x00000000100045a4       0x34 CMakeFiles/vasper_mic.dir/home/ivan/raspberry-pi-pico/pico/pico-sdk/src/rp2_common/pico_stdio_usb/reset_interface.c.obj
 .text.resetd_xfer_cb
                0x00000000100045d8        0x4 CMakeFiles/vasper_mic.dir/home/ivan/raspberry-pi-pico/pico/pico-sdk/src/rp2_common/pico_stdio_usb/reset_interface.c.obj
 .text.resetd_control_xfer_cb
                0x00000000100045dc       0x6c CMakeFiles/vasper_mic.dir/home/ivan/raspberry-pi-pico/pico/pico-sdk/src/rp2_common/pico_stdio_usb/reset_interface.c.obj
 .text.usbd_app_driver_get_cb
                0x0000000010004648        0xc CMakeFiles/vasper_mic.dir/home/ivan/raspberry-pi-pico/pico/pico-sdk/src/rp2_common/pico_stdio_usb/reset_interface.c.obj
                0x0000000010004648                usbd_app_driver_get_cb
 .text.tud_cdc_line_coding_cb
                0x0000000010004654       0x34 CMakeFiles/vasper_mic.dir/home/ivan/raspberry-pi-pico/pico/pico-sdk/src/rp2_common/pico_stdio_usb/reset_interface.c.obj
                0x0000000010004654                tud_cdc_line_coding_cb
 .text.stdio_usb_in_chars
                0x0000000010004688       0x70 CMakeFiles/vasper_mic.dir/home/ivan/raspberry-pi-pico/pico/pico-sdk/src/rp2_common/pico_stdio_usb/stdio_usb.c.obj
                0x0000000010004688                stdio_usb_in_chars
 .text.low_priority_worker_irq
                0x00000000100046f8       0x20 CMakeFiles/vasper_mic.dir/home/ivan/raspberry-pi-pico/pico/pico-sdk/src/rp2_common/pico_stdio_usb/stdio_usb.c.obj
 .text.stdio_usb_out_chars
                0x0000000010004718       0xd4 CMakeFiles/vasper_mic.dir/home/ivan/raspberry-pi-pico/pico/pico-sdk/src/rp2_common/pico_stdio_usb/stdio_usb.c.obj
 .text.timer_task
                0x00000000100047ec       0x10 CMakeFiles/vasper_mic.dir/home/ivan/raspberry-pi-pico/pico/pico-sdk/src/rp2_common/pico_stdio_usb/stdio_usb.c.obj
 .text.stdio_usb_init
                0x00000000100047fc       0xb8 CMakeFiles/vasper_mic.dir/home/ivan/raspberry-pi-pico/pico/pico-sdk/src/rp2_common/pico_stdio_usb/stdio_usb.c.obj
                0x00000000100047fc                stdio_usb_init
 .text.tud_descriptor_device_cb
                0x00000000100048b4        0x8 CMakeFiles/vasper_mic.dir/home/ivan/raspberry-pi-pico/pico/pico-sdk/src/rp2_common/pico_stdio_usb/stdio_usb_descriptors.c.obj
                0x00000000100048b4                tud_descriptor_device_cb
 .text.tud_descriptor_configuration_cb
                0x00000000100048bc        0x8 CMakeFiles/vasper_mic.dir/home/ivan/raspberry-pi-pico/pico/pico-sdk/src/rp2_common/pico_stdio_usb/stdio_usb_descriptors.c.obj
                0x00000000100048bc                tud_descriptor_configuration_cb
 .text.tud_descriptor_string_cb
                0x00000000100048c4       0x6c CMakeFiles/vasper_mic.dir/home/ivan/raspberry-pi-pico/pico/pico-sdk/src/rp2_common/pico_stdio_usb/stdio_usb_descriptors.c.obj
                0x00000000100048c4                tud_descriptor_string_cb
 .text.hw_endpoint_get_by_addr
                0x0000000010004930       0x18 CMakeFiles/vasper_mic.dir/home/ivan/raspberry-pi-pico/pico/pico-sdk/lib/tinyusb/src/portable/raspberrypi/rp2040/dcd_rp2040.c.obj
 .text.reset_ep0_pid
                0x0000000010004948       0x28 CMakeFiles/vasper_mic.dir/home/ivan/raspberry-pi-pico/pico/pico-sdk/lib/tinyusb/src/portable/raspberrypi/rp2040/dcd_rp2040.c.obj
 .text._hw_endpoint_alloc
                0x0000000010004970       0x70 CMakeFiles/vasper_mic.dir/home/ivan/raspberry-pi-pico/pico/pico-sdk/lib/tinyusb/src/portable/raspberrypi/rp2040/dcd_rp2040.c.obj
 .text.hw_endpoint_init
                0x00000000100049e0       0x88 CMakeFiles/vasper_mic.dir/home/ivan/raspberry-pi-pico/pico/pico-sdk/lib/tinyusb/src/portable/raspberrypi/rp2040/dcd_rp2040.c.obj
 .text.reset_non_control_endpoints
                0x0000000010004a68       0x40 CMakeFiles/vasper_mic.dir/home/ivan/raspberry-pi-pico/pico/pico-sdk/lib/tinyusb/src/portable/raspberrypi/rp2040/dcd_rp2040.c.obj
 .text.hw_handle_buff_status
                0x0000000010004aa8       0x8c CMakeFiles/vasper_mic.dir/home/ivan/raspberry-pi-pico/pico/pico-sdk/lib/tinyusb/src/portable/raspberrypi/rp2040/dcd_rp2040.c.obj
 .text.dcd_rp2040_irq
                0x0000000010004b34       0xc0 CMakeFiles/vasper_mic.dir/home/ivan/raspberry-pi-pico/pico/pico-sdk/lib/tinyusb/src/portable/raspberrypi/rp2040/dcd_rp2040.c.obj
 .text.hw_endpoint_xfer
                0x0000000010004bf4       0x14 CMakeFiles/vasper_mic.dir/home/ivan/raspberry-pi-pico/pico/pico-sdk/lib/tinyusb/src/portable/raspberrypi/rp2040/dcd_rp2040.c.obj
 .text.dcd_int_enable
                0x0000000010004c08       0x2c CMakeFiles/vasper_mic.dir/home/ivan/raspberry-pi-pico/pico/pico-sdk/lib/tinyusb/src/portable/raspberrypi/rp2040/dcd_rp2040.c.obj
                0x0000000010004c08                dcd_int_enable
 .text.dcd_set_address
                0x0000000010004c34       0x2c CMakeFiles/vasper_mic.dir/home/ivan/raspberry-pi-pico/pico/pico-sdk/lib/tinyusb/src/portable/raspberrypi/rp2040/dcd_rp2040.c.obj
                0x0000000010004c34                dcd_set_address
 .text.dcd_connect
                0x0000000010004c60       0x10 CMakeFiles/vasper_mic.dir/home/ivan/raspberry-pi-pico/pico/pico-sdk/lib/tinyusb/src/portable/raspberrypi/rp2040/dcd_rp2040.c.obj
                0x0000000010004c60                dcd_connect
 .text.dcd_init
                0x0000000010004c70       0x7c CMakeFiles/vasper_mic.dir/home/ivan/raspberry-pi-pico/pico/pico-sdk/lib/tinyusb/src/portable/raspberrypi/rp2040/dcd_rp2040.c.obj
                0x0000000010004c70                dcd_init
 .text.dcd_edpt0_status_complete
                0x0000000010004cec       0x1c CMakeFiles/vasper_mic.dir/home/ivan/raspberry-pi-pico/pico/pico-sdk/lib/tinyusb/src/portable/raspberrypi/rp2040/dcd_rp2040.c.obj
                0x0000000010004cec                dcd_edpt0_status_complete
 .text.dcd_edpt_open
                0x0000000010004d08       0x40 CMakeFiles/vasper_mic.dir/home/ivan/raspberry-pi-pico/pico/pico-sdk/lib/tinyusb/src/portable/raspberrypi/rp2040/dcd_rp2040.c.obj
                0x0000000010004d08                dcd_edpt_open
 .text.dcd_edpt_close_all
                0x0000000010004d48        0x8 CMakeFiles/vasper_mic.dir/home/ivan/raspberry-pi-pico/pico/pico-sdk/lib/tinyusb/src/portable/raspberrypi/rp2040/dcd_rp2040.c.obj
                0x0000000010004d48                dcd_edpt_close_all
 .text.dcd_edpt_xfer
                0x0000000010004d50       0x30 CMakeFiles/vasper_mic.dir/home/ivan/raspberry-pi-pico/pico/pico-sdk/lib/tinyusb/src/portable/raspberrypi/rp2040/dcd_rp2040.c.obj
                0x0000000010004d50                dcd_edpt_xfer
 .text.dcd_edpt_stall
                0x0000000010004d80       0x2c CMakeFiles/vasper_mic.dir/home/ivan/raspberry-pi-pico/pico/pico-sdk/lib/tinyusb/src/portable/raspberrypi/rp2040/dcd_rp2040.c.obj
                0x0000000010004d80                dcd_edpt_stall
 .text.dcd_edpt_clear_stall
                0x0000000010004dac       0x20 CMakeFiles/vasper_mic.dir/home/ivan/raspberry-pi-pico/pico/pico-sdk/lib/tinyusb/src/portable/raspberrypi/rp2040/dcd_rp2040.c.obj
                0x0000000010004dac                dcd_edpt_clear_stall
 .text.prepare_ep_buffer
                0x0000000010004dcc       0x70 CMakeFiles/vasper_mic.dir/home/ivan/raspberry-pi-pico/pico/pico-sdk/lib/tinyusb/src/portable/raspberrypi/rp2040/rp2040_usb.c.obj
 .text.sync_ep_buffer
                0x0000000010004e3c       0x7c CMakeFiles/vasper_mic.dir/home/ivan/raspberry-pi-pico/pico/pico-sdk/lib/tinyusb/src/portable/raspberrypi/rp2040/rp2040_usb.c.obj
 .text._hw_endpoint_xfer_sync
                0x0000000010004eb8       0x28 CMakeFiles/vasper_mic.dir/home/ivan/raspberry-pi-pico/pico/pico-sdk/lib/tinyusb/src/portable/raspberrypi/rp2040/rp2040_usb.c.obj
 .text.rp2040_usb_init
                0x0000000010004ee0       0x4c CMakeFiles/vasper_mic.dir/home/ivan/raspberry-pi-pico/pico/pico-sdk/lib/tinyusb/src/portable/raspberrypi/rp2040/rp2040_usb.c.obj
                0x0000000010004ee0                rp2040_usb_init
 .text.hw_endpoint_reset_transfer
                0x0000000010004f2c        0xc CMakeFiles/vasper_mic.dir/home/ivan/raspberry-pi-pico/pico/pico-sdk/lib/tinyusb/src/portable/raspberrypi/rp2040/rp2040_usb.c.obj
                0x0000000010004f2c                hw_endpoint_reset_transfer
 .text._hw_endpoint_buffer_control_update32
                0x0000000010004f38       0x58 CMakeFiles/vasper_mic.dir/home/ivan/raspberry-pi-pico/pico/pico-sdk/lib/tinyusb/src/portable/raspberrypi/rp2040/rp2040_usb.c.obj
                0x0000000010004f38                _hw_endpoint_buffer_control_update32
 .text._hw_endpoint_start_next_buffer
                0x0000000010004f90       0x74 CMakeFiles/vasper_mic.dir/home/ivan/raspberry-pi-pico/pico/pico-sdk/lib/tinyusb/src/portable/raspberrypi/rp2040/rp2040_usb.c.obj
 .text.hw_endpoint_xfer_start
                0x0000000010005004       0x48 CMakeFiles/vasper_mic.dir/home/ivan/raspberry-pi-pico/pico/pico-sdk/lib/tinyusb/src/portable/raspberrypi/rp2040/rp2040_usb.c.obj
                0x0000000010005004                hw_endpoint_xfer_start
 .text.hw_endpoint_xfer_continue
                0x000000001000504c       0x38 CMakeFiles/vasper_mic.dir/home/ivan/raspberry-pi-pico/pico/pico-sdk/lib/tinyusb/src/portable/raspberrypi/rp2040/rp2040_usb.c.obj
                0x000000001000504c                hw_endpoint_xfer_continue
 .text.configuration_reset
                0x0000000010005084       0x84 CMakeFiles/vasper_mic.dir/home/ivan/raspberry-pi-pico/pico/pico-sdk/lib/tinyusb/src/device/usbd.c.obj
 .text.usbd_reset
                0x0000000010005108        0xc CMakeFiles/vasper_mic.dir/home/ivan/raspberry-pi-pico/pico/pico-sdk/lib/tinyusb/src/device/usbd.c.obj
 .text.invoke_class_control
                0x0000000010005114       0x1a CMakeFiles/vasper_mic.dir/home/ivan/raspberry-pi-pico/pico/pico-sdk/lib/tinyusb/src/device/usbd.c.obj
 *fill*         0x000000001000512e        0x2 
 .text.process_set_config
                0x0000000010005130      0x1ac CMakeFiles/vasper_mic.dir/home/ivan/raspberry-pi-pico/pico/pico-sdk/lib/tinyusb/src/device/usbd.c.obj
 .text.process_get_descriptor
                0x00000000100052dc       0xec CMakeFiles/vasper_mic.dir/home/ivan/raspberry-pi-pico/pico/pico-sdk/lib/tinyusb/src/device/usbd.c.obj
 .text.tud_mounted
                0x00000000100053c8       0x10 CMakeFiles/vasper_mic.dir/home/ivan/raspberry-pi-pico/pico/pico-sdk/lib/tinyusb/src/device/usbd.c.obj
                0x00000000100053c8                tud_mounted
 .text.tud_suspended
                0x00000000100053d8       0x10 CMakeFiles/vasper_mic.dir/home/ivan/raspberry-pi-pico/pico/pico-sdk/lib/tinyusb/src/device/usbd.c.obj
                0x00000000100053d8                tud_suspended
 .text.tud_inited
                0x00000000100053e8        0xc CMakeFiles/vasper_mic.dir/home/ivan/raspberry-pi-pico/pico/pico-sdk/lib/tinyusb/src/device/usbd.c.obj
                0x00000000100053e8                tud_inited
 .text.tud_init
                0x00000000100053f4       0xcc CMakeFiles/vasper_mic.dir/home/ivan/raspberry-pi-pico/pico/pico-sdk/lib/tinyusb/src/device/usbd.c.obj
                0x00000000100053f4                tud_init
 .text.dcd_event_handler
                0x00000000100054c0      0x1e0 CMakeFiles/vasper_mic.dir/home/ivan/raspberry-pi-pico/pico/pico-sdk/lib/tinyusb/src/device/usbd.c.obj
                0x00000000100054c0                dcd_event_handler
 .text.dcd_event_bus_signal
                0x00000000100056a0       0x26 CMakeFiles/vasper_mic.dir/home/ivan/raspberry-pi-pico/pico/pico-sdk/lib/tinyusb/src/device/usbd.c.obj
                0x00000000100056a0                dcd_event_bus_signal
 .text.dcd_event_bus_reset
                0x00000000100056c6       0x2a CMakeFiles/vasper_mic.dir/home/ivan/raspberry-pi-pico/pico/pico-sdk/lib/tinyusb/src/device/usbd.c.obj
                0x00000000100056c6                dcd_event_bus_reset
 .text.dcd_event_setup_received
                0x00000000100056f0       0x34 CMakeFiles/vasper_mic.dir/home/ivan/raspberry-pi-pico/pico/pico-sdk/lib/tinyusb/src/device/usbd.c.obj
                0x00000000100056f0                dcd_event_setup_received
 .text.dcd_event_xfer_complete
                0x0000000010005724       0x44 CMakeFiles/vasper_mic.dir/home/ivan/raspberry-pi-pico/pico/pico-sdk/lib/tinyusb/src/device/usbd.c.obj
                0x0000000010005724                dcd_event_xfer_complete
 .text.usbd_edpt_open
                0x0000000010005768       0x58 CMakeFiles/vasper_mic.dir/home/ivan/raspberry-pi-pico/pico/pico-sdk/lib/tinyusb/src/device/usbd.c.obj
                0x0000000010005768                usbd_edpt_open
 .text.usbd_open_edpt_pair
                0x00000000100057c0       0x8c CMakeFiles/vasper_mic.dir/home/ivan/raspberry-pi-pico/pico/pico-sdk/lib/tinyusb/src/device/usbd.c.obj
                0x00000000100057c0                usbd_open_edpt_pair
 .text.usbd_edpt_claim
                0x000000001000584c       0x8c CMakeFiles/vasper_mic.dir/home/ivan/raspberry-pi-pico/pico/pico-sdk/lib/tinyusb/src/device/usbd.c.obj
                0x000000001000584c                usbd_edpt_claim
 .text.usbd_edpt_release
                0x00000000100058d8       0x68 CMakeFiles/vasper_mic.dir/home/ivan/raspberry-pi-pico/pico/pico-sdk/lib/tinyusb/src/device/usbd.c.obj
                0x00000000100058d8                usbd_edpt_release
 .text.usbd_edpt_xfer
                0x0000000010005940       0x80 CMakeFiles/vasper_mic.dir/home/ivan/raspberry-pi-pico/pico/pico-sdk/lib/tinyusb/src/device/usbd.c.obj
                0x0000000010005940                usbd_edpt_xfer
 .text.usbd_edpt_stall
                0x00000000100059c0       0x40 CMakeFiles/vasper_mic.dir/home/ivan/raspberry-pi-pico/pico/pico-sdk/lib/tinyusb/src/device/usbd.c.obj
                0x00000000100059c0                usbd_edpt_stall
 .text.usbd_edpt_clear_stall
                0x0000000010005a00       0x40 CMakeFiles/vasper_mic.dir/home/ivan/raspberry-pi-pico/pico/pico-sdk/lib/tinyusb/src/device/usbd.c.obj
                0x0000000010005a00                usbd_edpt_clear_stall
 .text.usbd_edpt_stalled
                0x0000000010005a40       0x1c CMakeFiles/vasper_mic.dir/home/ivan/raspberry-pi-pico/pico/pico-sdk/lib/tinyusb/src/device/usbd.c.obj
                0x0000000010005a40                usbd_edpt_stalled
 .text.process_control_request
                0x0000000010005a5c      0x3b8 CMakeFiles/vasper_mic.dir/home/ivan/raspberry-pi-pico/pico/pico-sdk/lib/tinyusb/src/device/usbd.c.obj
 .text.tud_task
                0x0000000010005e14      0x218 CMakeFiles/vasper_mic.dir/home/ivan/raspberry-pi-pico/pico/pico-sdk/lib/tinyusb/src/device/usbd.c.obj
                0x0000000010005e14                tud_task
 .text._data_stage_xact
                0x000000001000602c       0x58 CMakeFiles/vasper_mic.dir/home/ivan/raspberry-pi-pico/pico/pico-sdk/lib/tinyusb/src/device/usbd_control.c.obj
 .text.tud_control_status
                0x0000000010006084       0x38 CMakeFiles/vasper_mic.dir/home/ivan/raspberry-pi-pico/pico/pico-sdk/lib/tinyusb/src/device/usbd_control.c.obj
                0x0000000010006084                tud_control_status
 .text.tud_control_xfer
                0x00000000100060bc       0xa8 CMakeFiles/vasper_mic.dir/home/ivan/raspberry-pi-pico/pico/pico-sdk/lib/tinyusb/src/device/usbd_control.c.obj
                0x00000000100060bc                tud_control_xfer
 .text.usbd_control_reset
                0x0000000010006164       0x14 CMakeFiles/vasper_mic.dir/home/ivan/raspberry-pi-pico/pico/pico-sdk/lib/tinyusb/src/device/usbd_control.c.obj
                0x0000000010006164                usbd_control_reset
 .text.usbd_control_set_complete_callback
                0x0000000010006178        0xc CMakeFiles/vasper_mic.dir/home/ivan/raspberry-pi-pico/pico/pico-sdk/lib/tinyusb/src/device/usbd_control.c.obj
                0x0000000010006178                usbd_control_set_complete_callback
 .text.usbd_control_set_request
                0x0000000010006184       0x1c CMakeFiles/vasper_mic.dir/home/ivan/raspberry-pi-pico/pico/pico-sdk/lib/tinyusb/src/device/usbd_control.c.obj
                0x0000000010006184                usbd_control_set_request
 .text.usbd_control_xfer_cb
                0x00000000100061a0       0xfc CMakeFiles/vasper_mic.dir/home/ivan/raspberry-pi-pico/pico/pico-sdk/lib/tinyusb/src/device/usbd_control.c.obj
                0x00000000100061a0                usbd_control_xfer_cb
 .text._prep_out_transaction
                0x000000001000629c       0x46 CMakeFiles/vasper_mic.dir/home/ivan/raspberry-pi-pico/pico/pico-sdk/lib/tinyusb/src/class/cdc/cdc_device.c.obj
 *fill*         0x00000000100062e2        0x2 
 .text.tud_cdc_n_connected
                0x00000000100062e4       0x44 CMakeFiles/vasper_mic.dir/home/ivan/raspberry-pi-pico/pico/pico-sdk/lib/tinyusb/src/class/cdc/cdc_device.c.obj
                0x00000000100062e4                tud_cdc_n_connected
 .text.tud_cdc_n_available
                0x0000000010006328       0x18 CMakeFiles/vasper_mic.dir/home/ivan/raspberry-pi-pico/pico/pico-sdk/lib/tinyusb/src/class/cdc/cdc_device.c.obj
                0x0000000010006328                tud_cdc_n_available
 .text.tud_cdc_n_read
                0x0000000010006340       0x28 CMakeFiles/vasper_mic.dir/home/ivan/raspberry-pi-pico/pico/pico-sdk/lib/tinyusb/src/class/cdc/cdc_device.c.obj
                0x0000000010006340                tud_cdc_n_read
 .text.tud_cdc_n_write_flush
                0x0000000010006368       0xcc CMakeFiles/vasper_mic.dir/home/ivan/raspberry-pi-pico/pico/pico-sdk/lib/tinyusb/src/class/cdc/cdc_device.c.obj
                0x0000000010006368                tud_cdc_n_write_flush
 .text.tud_cdc_n_write
                0x0000000010006434       0x38 CMakeFiles/vasper_mic.dir/home/ivan/raspberry-pi-pico/pico/pico-sdk/lib/tinyusb/src/class/cdc/cdc_device.c.obj
                0x0000000010006434                tud_cdc_n_write
 .text.tud_cdc_n_write_available
                0x000000001000646c       0x1c CMakeFiles/vasper_mic.dir/home/ivan/raspberry-pi-pico/pico/pico-sdk/lib/tinyusb/src/class/cdc/cdc_device.c.obj
                0x000000001000646c                tud_cdc_n_write_available
 .text.cdcd_init
                0x0000000010006488       0xbc CMakeFiles/vasper_mic.dir/home/ivan/raspberry-pi-pico/pico/pico-sdk/lib/tinyusb/src/class/cdc/cdc_device.c.obj
                0x0000000010006488                cdcd_init
 .text.cdcd_reset
                0x0000000010006544       0x44 CMakeFiles/vasper_mic.dir/home/ivan/raspberry-pi-pico/pico/pico-sdk/lib/tinyusb/src/class/cdc/cdc_device.c.obj
                0x0000000010006544                cdcd_reset
 .text.cdcd_open
                0x0000000010006588       0xf8 CMakeFiles/vasper_mic.dir/home/ivan/raspberry-pi-pico/pico/pico-sdk/lib/tinyusb/src/class/cdc/cdc_device.c.obj
                0x0000000010006588                cdcd_open
 .text.cdcd_control_xfer_cb
                0x0000000010006680      0x134 CMakeFiles/vasper_mic.dir/home/ivan/raspberry-pi-pico/pico/pico-sdk/lib/tinyusb/src/class/cdc/cdc_device.c.obj
                0x0000000010006680                cdcd_control_xfer_cb
 .text.cdcd_xfer_cb
                0x00000000100067b4      0x144 CMakeFiles/vasper_mic.dir/home/ivan/raspberry-pi-pico/pico/pico-sdk/lib/tinyusb/src/class/cdc/cdc_device.c.obj
                0x00000000100067b4                cdcd_xfer_cb
 .text.tusb_init
                0x00000000100068f8       0x24 CMakeFiles/vasper_mic.dir/home/ivan/raspberry-pi-pico/pico/pico-sdk/lib/tinyusb/src/tusb.c.obj
                0x00000000100068f8                tusb_init
 .text.tusb_inited
                0x000000001000691c        0xe CMakeFiles/vasper_mic.dir/home/ivan/raspberry-pi-pico/pico/pico-sdk/lib/tinyusb/src/tusb.c.obj
                0x000000001000691c                tusb_inited
 *fill*         0x000000001000692a        0x2 
 .text.tu_edpt_validate
                0x000000001000692c       0xa8 CMakeFiles/vasper_mic.dir/home/ivan/raspberry-pi-pico/pico/pico-sdk/lib/tinyusb/src/tusb.c.obj
                0x000000001000692c                tu_edpt_validate
 .text.tu_edpt_bind_driver
                0x00000000100069d4       0x2a CMakeFiles/vasper_mic.dir/home/ivan/raspberry-pi-pico/pico/pico-sdk/lib/tinyusb/src/tusb.c.obj
                0x00000000100069d4                tu_edpt_bind_driver
 .text.advance_pointer
                0x00000000100069fe       0x18 CMakeFiles/vasper_mic.dir/home/ivan/raspberry-pi-pico/pico/pico-sdk/lib/tinyusb/src/common/tusb_fifo.c.obj
 .text.backward_pointer
                0x0000000010006a16       0x1e CMakeFiles/vasper_mic.dir/home/ivan/raspberry-pi-pico/pico/pico-sdk/lib/tinyusb/src/common/tusb_fifo.c.obj
 .text.get_relative_pointer
                0x0000000010006a34       0x10 CMakeFiles/vasper_mic.dir/home/ivan/raspberry-pi-pico/pico/pico-sdk/lib/tinyusb/src/common/tusb_fifo.c.obj
 .text._tu_fifo_peek
                0x0000000010006a44       0x50 CMakeFiles/vasper_mic.dir/home/ivan/raspberry-pi-pico/pico/pico-sdk/lib/tinyusb/src/common/tusb_fifo.c.obj
 .text._ff_pull_const_addr
                0x0000000010006a94       0x4c CMakeFiles/vasper_mic.dir/home/ivan/raspberry-pi-pico/pico/pico-sdk/lib/tinyusb/src/common/tusb_fifo.c.obj
 .text._ff_pull_n
                0x0000000010006ae0      0x10c CMakeFiles/vasper_mic.dir/home/ivan/raspberry-pi-pico/pico/pico-sdk/lib/tinyusb/src/common/tusb_fifo.c.obj
 .text._tu_fifo_peek_n
                0x0000000010006bec       0x5e CMakeFiles/vasper_mic.dir/home/ivan/raspberry-pi-pico/pico/pico-sdk/lib/tinyusb/src/common/tusb_fifo.c.obj
 .text._tu_fifo_read_n
                0x0000000010006c4a       0x4e CMakeFiles/vasper_mic.dir/home/ivan/raspberry-pi-pico/pico/pico-sdk/lib/tinyusb/src/common/tusb_fifo.c.obj
 .text._ff_push_const_addr
                0x0000000010006c98       0x40 CMakeFiles/vasper_mic.dir/home/ivan/raspberry-pi-pico/pico/pico-sdk/lib/tinyusb/src/common/tusb_fifo.c.obj
 .text._ff_push_n
                0x0000000010006cd8      0x106 CMakeFiles/vasper_mic.dir/home/ivan/raspberry-pi-pico/pico/pico-sdk/lib/tinyusb/src/common/tusb_fifo.c.obj
 .text._tu_fifo_write_n
                0x0000000010006dde       0x9e CMakeFiles/vasper_mic.dir/home/ivan/raspberry-pi-pico/pico/pico-sdk/lib/tinyusb/src/common/tusb_fifo.c.obj
 .text.tu_fifo_config
                0x0000000010006e7c       0x72 CMakeFiles/vasper_mic.dir/home/ivan/raspberry-pi-pico/pico/pico-sdk/lib/tinyusb/src/common/tusb_fifo.c.obj
                0x0000000010006e7c                tu_fifo_config
 .text.tu_fifo_count
                0x0000000010006eee       0x26 CMakeFiles/vasper_mic.dir/home/ivan/raspberry-pi-pico/pico/pico-sdk/lib/tinyusb/src/common/tusb_fifo.c.obj
                0x0000000010006eee                tu_fifo_count
 .text.tu_fifo_empty
                0x0000000010006f14        0xe CMakeFiles/vasper_mic.dir/home/ivan/raspberry-pi-pico/pico/pico-sdk/lib/tinyusb/src/common/tusb_fifo.c.obj
                0x0000000010006f14                tu_fifo_empty
 .text.tu_fifo_remaining
                0x0000000010006f22       0x20 CMakeFiles/vasper_mic.dir/home/ivan/raspberry-pi-pico/pico/pico-sdk/lib/tinyusb/src/common/tusb_fifo.c.obj
                0x0000000010006f22                tu_fifo_remaining
 .text.tu_fifo_read
                0x0000000010006f42       0x42 CMakeFiles/vasper_mic.dir/home/ivan/raspberry-pi-pico/pico/pico-sdk/lib/tinyusb/src/common/tusb_fifo.c.obj
                0x0000000010006f42                tu_fifo_read
 .text.tu_fifo_read_n
                0x0000000010006f84        0xa CMakeFiles/vasper_mic.dir/home/ivan/raspberry-pi-pico/pico/pico-sdk/lib/tinyusb/src/common/tusb_fifo.c.obj
                0x0000000010006f84                tu_fifo_read_n
 .text.tu_fifo_write
                0x0000000010006f8e       0x6c CMakeFiles/vasper_mic.dir/home/ivan/raspberry-pi-pico/pico/pico-sdk/lib/tinyusb/src/common/tusb_fifo.c.obj
                0x0000000010006f8e                tu_fifo_write
 .text.tu_fifo_write_n
                0x0000000010006ffa        0xa CMakeFiles/vasper_mic.dir/home/ivan/raspberry-pi-pico/pico/pico-sdk/lib/tinyusb/src/common/tusb_fifo.c.obj
                0x0000000010006ffa                tu_fifo_write_n
 .text.tu_fifo_clear
                0x0000000010007004       0x4c CMakeFiles/vasper_mic.dir/home/ivan/raspberry-pi-pico/pico/pico-sdk/lib/tinyusb/src/common/tusb_fifo.c.obj
                0x0000000010007004                tu_fifo_clear
 .text.tu_fifo_set_overwritable
                0x0000000010007050       0x3c CMakeFiles/vasper_mic.dir/home/ivan/raspberry-pi-pico/pico/pico-sdk/lib/tinyusb/src/common/tusb_fifo.c.obj
                0x0000000010007050                tu_fifo_set_overwritable
 .text._retrieve_unique_id_on_boot
                0x000000001000708c       0x10 CMakeFiles/vasper_mic.dir/home/ivan/raspberry-pi-pico/pico/pico-sdk/src/rp2_common/pico_unique_id/unique_id.c.obj
 .text.pico_get_unique_board_id_string
                0x000000001000709c       0x60 CMakeFiles/vasper_mic.dir/home/ivan/raspberry-pi-pico/pico/pico-sdk/src/rp2_common/pico_unique_id/unique_id.c.obj
                0x000000001000709c                pico_get_unique_board_id_string
 .text.flash_get_unique_id
                0x00000000100070fc       0x46 CMakeFiles/vasper_mic.dir/home/ivan/raspberry-pi-pico/pico/pico-sdk/src/rp2_common/hardware_flash/flash.c.obj
                0x00000000100070fc                flash_get_unique_id
 .text.dormant_source_valid
                0x0000000010007142       0x10 CMakeFiles/vasper_mic.dir/home/ivan/raspberry-pi-pico/pico/pico-extras/src/rp2_common/pico_sleep/sleep.c.obj
                0x0000000010007142                dormant_source_valid
 *fill*         0x0000000010007152        0x2 
 .text._go_dormant
                0x0000000010007154       0x3c CMakeFiles/vasper_mic.dir/home/ivan/raspberry-pi-pico/pico/pico-extras/src/rp2_common/pico_sleep/sleep.c.obj
 .text.sleep_run_from_dormant_source
                0x0000000010007190       0xc4 CMakeFiles/vasper_mic.dir/home/ivan/raspberry-pi-pico/pico/pico-extras/src/rp2_common/pico_sleep/sleep.c.obj
                0x0000000010007190                sleep_run_from_dormant_source
 .text.sleep_goto_dormant_until_pin
                0x0000000010007254       0x74 CMakeFiles/vasper_mic.dir/home/ivan/raspberry-pi-pico/pico/pico-extras/src/rp2_common/pico_sleep/sleep.c.obj
                0x0000000010007254                sleep_goto_dormant_until_pin
 .text.rosc_disable
                0x00000000100072c8       0x64 CMakeFiles/vasper_mic.dir/home/ivan/raspberry-pi-pico/pico/pico-extras/src/rp2_common/hardware_rosc/rosc.c.obj
                0x00000000100072c8                rosc_disable
 .text.rosc_set_dormant
                0x000000001000732c       0x60 CMakeFiles/vasper_mic.dir/home/ivan/raspberry-pi-pico/pico/pico-extras/src/rp2_common/hardware_rosc/rosc.c.obj
                0x000000001000732c                rosc_set_dormant
 .text          0x000000001000738c       0x68 /usr/lib/gcc/arm-none-eabi/9.2.1/../../../arm-none-eabi/lib/thumb/v6-m/nofp/libg.a(lib_a-strlen-stub.o)
                0x000000001000738c                strlen
 *(.fini)
 .fini          0x00000000100073f4        0x4 /usr/lib/gcc/arm-none-eabi/9.2.1/thumb/v6-m/nofp/crti.o
                0x00000000100073f4                _fini
 .fini.__stub   0x00000000100073f8       0x70 linker stubs
 *crtbegin.o(.ctors)
 *crtbegin?.o(.ctors)
 *(EXCLUDE_FILE(*crtend.o *crtend?.o) .ctors)
 *(SORT_BY_NAME(.ctors.*))
 *(.ctors)
 *crtbegin.o(.dtors)
 *crtbegin?.o(.dtors)
 *(EXCLUDE_FILE(*crtend.o *crtend?.o) .dtors)
 *(SORT_BY_NAME(.dtors.*))
 *(.dtors)
 *(.eh_frame*)
 .eh_frame      0x0000000010007468        0x0 /usr/lib/gcc/arm-none-eabi/9.2.1/thumb/v6-m/nofp/crtbegin.o
                0x0000000010007468                . = ALIGN (0x4)

.glue_7         0x0000000010007468        0x0
 .glue_7        0x0000000010007468        0x0 linker stubs

.glue_7t        0x0000000010007468        0x0
 .glue_7t       0x0000000010007468        0x0 linker stubs

.vfp11_veneer   0x0000000010007468        0x0
 .vfp11_veneer  0x0000000010007468        0x0 linker stubs

.v4_bx          0x0000000010007468        0x0
 .v4_bx         0x0000000010007468        0x0 linker stubs

.iplt           0x0000000010007468        0x0
 .iplt          0x0000000010007468        0x0 /usr/lib/gcc/arm-none-eabi/9.2.1/thumb/v6-m/nofp/crtbegin.o

.rodata         0x0000000010007468     0x1884
 *(EXCLUDE_FILE(*libm.a: *libc.a:*lib_a-mem*.o *libgcc.a:) .rodata*)
 .rodata.recover_from_sleep.str1.4
                0x0000000010007468       0x77 CMakeFiles/vasper_mic.dir/vasper_mic.c.obj
 *fill*         0x00000000100074df        0x1 
 .rodata.__func__.6113
                0x00000000100074e0        0xb CMakeFiles/vasper_mic.dir/vasper_mic.c.obj
 *fill*         0x00000000100074eb        0x1 
 .rodata.__bi_102.5099
                0x00000000100074ec        0x8 CMakeFiles/vasper_mic.dir/home/ivan/raspberry-pi-pico/pico/pico-sdk/src/rp2_common/pico_stdlib/stdlib.c.obj
 .rodata.spin_lock_claim_unused.str1.4
                0x00000000100074f4       0x1b CMakeFiles/vasper_mic.dir/home/ivan/raspberry-pi-pico/pico/pico-sdk/src/rp2_common/hardware_sync/sync.c.obj
 *fill*         0x000000001000750f        0x1 
 .rodata.repeating_timer_callback.str1.4
                0x0000000010007510       0x5b CMakeFiles/vasper_mic.dir/home/ivan/raspberry-pi-pico/pico/pico-sdk/src/common/pico_time/time.c.obj
 *fill*         0x000000001000756b        0x1 
 .rodata.alarm_pool_dump_key.str1.4
                0x000000001000756c       0x33 CMakeFiles/vasper_mic.dir/home/ivan/raspberry-pi-pico/pico/pico-sdk/src/common/pico_time/time.c.obj
 *fill*         0x000000001000759f        0x1 
 .rodata.ph_add_child_node.str1.4
                0x00000000100075a0       0xa6 CMakeFiles/vasper_mic.dir/home/ivan/raspberry-pi-pico/pico/pico-sdk/src/common/pico_time/time.c.obj
 *fill*         0x0000000010007646        0x2 
 .rodata.add_alarm_under_lock.str1.4
                0x0000000010007648       0x28 CMakeFiles/vasper_mic.dir/home/ivan/raspberry-pi-pico/pico/pico-sdk/src/common/pico_time/time.c.obj
                                         0x2b (size before relaxing)
 .rodata.alarm_pool_alarm_callback.str1.4
                0x0000000010007670       0xf6 CMakeFiles/vasper_mic.dir/home/ivan/raspberry-pi-pico/pico/pico-sdk/src/common/pico_time/time.c.obj
 *fill*         0x0000000010007766        0x2 
 .rodata.alarm_pool_get_default.str1.4
                0x0000000010007768       0x21 CMakeFiles/vasper_mic.dir/home/ivan/raspberry-pi-pico/pico/pico-sdk/src/common/pico_time/time.c.obj
 *fill*         0x0000000010007789        0x3 
 .rodata.alarm_pool_cancel_alarm.str1.4
                0x000000001000778c       0x27 CMakeFiles/vasper_mic.dir/home/ivan/raspberry-pi-pico/pico/pico-sdk/src/common/pico_time/time.c.obj
 *fill*         0x00000000100077b3        0x1 
 .rodata.__func__.5701
                0x00000000100077b4       0x15 CMakeFiles/vasper_mic.dir/home/ivan/raspberry-pi-pico/pico/pico-sdk/src/common/pico_time/time.c.obj
 *fill*         0x00000000100077c9        0x3 
 .rodata.__func__.6013
                0x00000000100077cc        0xc CMakeFiles/vasper_mic.dir/home/ivan/raspberry-pi-pico/pico/pico-sdk/src/common/pico_time/time.c.obj
 .rodata.__func__.6020
                0x00000000100077d8       0x12 CMakeFiles/vasper_mic.dir/home/ivan/raspberry-pi-pico/pico/pico-sdk/src/common/pico_time/time.c.obj
 *fill*         0x00000000100077ea        0x2 
 .rodata.__func__.6036
                0x00000000100077ec        0xf CMakeFiles/vasper_mic.dir/home/ivan/raspberry-pi-pico/pico/pico-sdk/src/common/pico_time/time.c.obj
 *fill*         0x00000000100077fb        0x1 
 .rodata.__func__.6058
                0x00000000100077fc        0xd CMakeFiles/vasper_mic.dir/home/ivan/raspberry-pi-pico/pico/pico-sdk/src/common/pico_time/time.c.obj
 *fill*         0x0000000010007809        0x3 
 .rodata.__func__.6282
                0x000000001000780c        0xa CMakeFiles/vasper_mic.dir/home/ivan/raspberry-pi-pico/pico/pico-sdk/src/common/pico_time/time.c.obj
 *fill*         0x0000000010007816        0x2 
 .rodata.__func__.6287
                0x0000000010007818       0x12 CMakeFiles/vasper_mic.dir/home/ivan/raspberry-pi-pico/pico/pico-sdk/src/common/pico_time/time.c.obj
 *fill*         0x000000001000782a        0x2 
 .rodata.__func__.6302
                0x000000001000782c       0x17 CMakeFiles/vasper_mic.dir/home/ivan/raspberry-pi-pico/pico/pico-sdk/src/common/pico_time/time.c.obj
 *fill*         0x0000000010007843        0x1 
 .rodata.__func__.6313
                0x0000000010007844       0x15 CMakeFiles/vasper_mic.dir/home/ivan/raspberry-pi-pico/pico/pico-sdk/src/common/pico_time/time.c.obj
 *fill*         0x0000000010007859        0x3 
 .rodata.__func__.6330
                0x000000001000785c       0x1a CMakeFiles/vasper_mic.dir/home/ivan/raspberry-pi-pico/pico/pico-sdk/src/common/pico_time/time.c.obj
 *fill*         0x0000000010007876        0x2 
 .rodata.__func__.6369
                0x0000000010007878       0x18 CMakeFiles/vasper_mic.dir/home/ivan/raspberry-pi-pico/pico/pico-sdk/src/common/pico_time/time.c.obj
 .rodata.hardware_alarm_claim.str1.4
                0x0000000010007890       0x22 CMakeFiles/vasper_mic.dir/home/ivan/raspberry-pi-pico/pico/pico-sdk/src/rp2_common/hardware_timer/timer.c.obj
 *fill*         0x00000000100078b2        0x2 
 .rodata.hardware_alarm_set_target.str1.4
                0x00000000100078b4       0x75 CMakeFiles/vasper_mic.dir/home/ivan/raspberry-pi-pico/pico/pico-sdk/src/rp2_common/hardware_timer/timer.c.obj
 *fill*         0x0000000010007929        0x3 
 .rodata.__func__.4562
                0x000000001000792c       0x1a CMakeFiles/vasper_mic.dir/home/ivan/raspberry-pi-pico/pico/pico-sdk/src/rp2_common/hardware_timer/timer.c.obj
 *fill*         0x0000000010007946        0x2 
 .rodata.str1.4
                0x0000000010007948       0x99 CMakeFiles/vasper_mic.dir/home/ivan/raspberry-pi-pico/pico/pico-sdk/src/common/pico_sync/mutex.c.obj
                                        0x10d (size before relaxing)
 *fill*         0x00000000100079e1        0x3 
 .rodata.__func__.4193
                0x00000000100079e4       0x15 CMakeFiles/vasper_mic.dir/home/ivan/raspberry-pi-pico/pico/pico-sdk/src/common/pico_sync/mutex.c.obj
 *fill*         0x00000000100079f9        0x3 
 .rodata.__func__.4687
                0x00000000100079fc       0x18 CMakeFiles/vasper_mic.dir/home/ivan/raspberry-pi-pico/pico/pico-sdk/src/common/pico_sync/mutex.c.obj
 .rodata.__func__.4706
                0x0000000010007a14        0xb CMakeFiles/vasper_mic.dir/home/ivan/raspberry-pi-pico/pico/pico-sdk/src/common/pico_sync/mutex.c.obj
 .rodata.ph_add_child_node.str1.4
                0x0000000010007a1f       0xa6 CMakeFiles/vasper_mic.dir/home/ivan/raspberry-pi-pico/pico/pico-sdk/src/common/pico_util/pheap.c.obj
 *fill*         0x0000000010007a1f        0x1 
 .rodata.ph_remove_any_head.str1.4
                0x0000000010007a20       0x9c CMakeFiles/vasper_mic.dir/home/ivan/raspberry-pi-pico/pico/pico-sdk/src/common/pico_util/pheap.c.obj
 .rodata.ph_remove_and_free_node.str1.4
                0x0000000010007abc       0x26 CMakeFiles/vasper_mic.dir/home/ivan/raspberry-pi-pico/pico/pico-sdk/src/common/pico_util/pheap.c.obj
 *fill*         0x0000000010007ae2        0x2 
 .rodata.__func__.5711
                0x0000000010007ae4        0xc CMakeFiles/vasper_mic.dir/home/ivan/raspberry-pi-pico/pico/pico-sdk/src/common/pico_util/pheap.c.obj
 .rodata.__func__.5718
                0x0000000010007af0       0x12 CMakeFiles/vasper_mic.dir/home/ivan/raspberry-pi-pico/pico/pico-sdk/src/common/pico_util/pheap.c.obj
 *fill*         0x0000000010007b02        0x2 
 .rodata.__func__.5804
                0x0000000010007b04       0x13 CMakeFiles/vasper_mic.dir/home/ivan/raspberry-pi-pico/pico/pico-sdk/src/common/pico_util/pheap.c.obj
 *fill*         0x0000000010007b17        0x1 
 .rodata.__func__.5822
                0x0000000010007b18       0x18 CMakeFiles/vasper_mic.dir/home/ivan/raspberry-pi-pico/pico/pico-sdk/src/common/pico_util/pheap.c.obj
 .rodata.__assert_func.str1.4
                0x0000000010007b30       0x3f CMakeFiles/vasper_mic.dir/home/ivan/raspberry-pi-pico/pico/pico-sdk/src/rp2_common/pico_runtime/runtime.c.obj
                                         0x43 (size before relaxing)
 *fill*         0x0000000010007b6f        0x1 
 .rodata.runtime_init.str1.4
                0x0000000010007b70       0x71 CMakeFiles/vasper_mic.dir/home/ivan/raspberry-pi-pico/pico/pico-sdk/src/rp2_common/pico_runtime/runtime.c.obj
 *fill*         0x0000000010007be1        0x3 
 .rodata.panic.str1.4
                0x0000000010007be4       0x12 CMakeFiles/vasper_mic.dir/home/ivan/raspberry-pi-pico/pico/pico-sdk/src/rp2_common/pico_runtime/runtime.c.obj
 *fill*         0x0000000010007bf6        0x2 
 .rodata.__func__.5822
                0x0000000010007bf8        0xd CMakeFiles/vasper_mic.dir/home/ivan/raspberry-pi-pico/pico/pico-sdk/src/rp2_common/pico_runtime/runtime.c.obj
 *fill*         0x0000000010007c05        0x3 
 .rodata.clock_configure.str1.4
                0x0000000010007c08       0x67 CMakeFiles/vasper_mic.dir/home/ivan/raspberry-pi-pico/pico/pico-sdk/src/rp2_common/hardware_clocks/clocks.c.obj
 *fill*         0x0000000010007c6f        0x1 
 .rodata.__func__.4709
                0x0000000010007c70       0x10 CMakeFiles/vasper_mic.dir/home/ivan/raspberry-pi-pico/pico/pico-sdk/src/rp2_common/hardware_clocks/clocks.c.obj
 .rodata.make_branch.str1.4
                0x0000000010007c80       0x7d CMakeFiles/vasper_mic.dir/home/ivan/raspberry-pi-pico/pico/pico-sdk/src/rp2_common/hardware_irq/irq.c.obj
 *fill*         0x0000000010007cfd        0x3 
 .rodata.insert_branch_and_link.str1.4
                0x0000000010007d00       0x10 CMakeFiles/vasper_mic.dir/home/ivan/raspberry-pi-pico/pico/pico-sdk/src/rp2_common/hardware_irq/irq.c.obj
 .rodata.irq_set_exclusive_handler.str1.4
                0x0000000010007d10       0x36 CMakeFiles/vasper_mic.dir/home/ivan/raspberry-pi-pico/pico/pico-sdk/src/rp2_common/hardware_irq/irq.c.obj
 *fill*         0x0000000010007d46        0x2 
 .rodata.irq_add_shared_handler.str1.4
                0x0000000010007d48       0xd9 CMakeFiles/vasper_mic.dir/home/ivan/raspberry-pi-pico/pico/pico-sdk/src/rp2_common/hardware_irq/irq.c.obj
 *fill*         0x0000000010007e21        0x3 
 .rodata.irq_remove_handler.str1.4
                0x0000000010007e24       0x2a CMakeFiles/vasper_mic.dir/home/ivan/raspberry-pi-pico/pico/pico-sdk/src/rp2_common/hardware_irq/irq.c.obj
 *fill*         0x0000000010007e4e        0x2 
 .rodata.irq_add_tail_to_free_list.str1.4
                0x0000000010007e50       0x32 CMakeFiles/vasper_mic.dir/home/ivan/raspberry-pi-pico/pico/pico-sdk/src/rp2_common/hardware_irq/irq.c.obj
                                         0x3a (size before relaxing)
 *fill*         0x0000000010007e82        0x2 
 .rodata.__func__.4739
                0x0000000010007e84       0x1a CMakeFiles/vasper_mic.dir/home/ivan/raspberry-pi-pico/pico/pico-sdk/src/rp2_common/hardware_irq/irq.c.obj
 *fill*         0x0000000010007e9e        0x2 
 .rodata.__func__.4753
                0x0000000010007ea0        0xc CMakeFiles/vasper_mic.dir/home/ivan/raspberry-pi-pico/pico/pico-sdk/src/rp2_common/hardware_irq/irq.c.obj
 .rodata.__func__.4761
                0x0000000010007eac       0x17 CMakeFiles/vasper_mic.dir/home/ivan/raspberry-pi-pico/pico/pico-sdk/src/rp2_common/hardware_irq/irq.c.obj
 *fill*         0x0000000010007ec3        0x1 
 .rodata.__func__.4765
                0x0000000010007ec4        0xf CMakeFiles/vasper_mic.dir/home/ivan/raspberry-pi-pico/pico/pico-sdk/src/rp2_common/hardware_irq/irq.c.obj
 *fill*         0x0000000010007ed3        0x1 
 .rodata.__func__.4804
                0x0000000010007ed4       0x13 CMakeFiles/vasper_mic.dir/home/ivan/raspberry-pi-pico/pico/pico-sdk/src/rp2_common/hardware_irq/irq.c.obj
 *fill*         0x0000000010007ee7        0x1 
 .rodata.__func__.4826
                0x0000000010007ee8       0x1a CMakeFiles/vasper_mic.dir/home/ivan/raspberry-pi-pico/pico/pico-sdk/src/rp2_common/hardware_irq/irq.c.obj
 *fill*         0x0000000010007f02        0x2 
 .rodata.pll_init.str1.4
                0x0000000010007f04       0xeb CMakeFiles/vasper_mic.dir/home/ivan/raspberry-pi-pico/pico/pico-sdk/src/rp2_common/hardware_pll/pll.c.obj
 *fill*         0x0000000010007fef        0x1 
 .rodata.__func__.4411
                0x0000000010007ff0        0x9 CMakeFiles/vasper_mic.dir/home/ivan/raspberry-pi-pico/pico/pico-sdk/src/rp2_common/hardware_pll/pll.c.obj
 *fill*         0x0000000010007ff9        0x3 
 .rodata._ftoa.str1.4
                0x0000000010007ffc       0x15 CMakeFiles/vasper_mic.dir/home/ivan/raspberry-pi-pico/pico/pico-sdk/src/rp2_common/pico_printf/printf.c.obj
 *fill*         0x0000000010008011        0x3 
 .rodata._vsnprintf
                0x0000000010008014      0x1e0 CMakeFiles/vasper_mic.dir/home/ivan/raspberry-pi-pico/pico/pico-sdk/src/rp2_common/pico_printf/printf.c.obj
 *fill*         0x00000000100081f4        0x4 
 .rodata.pow10.5425
                0x00000000100081f8       0x50 CMakeFiles/vasper_mic.dir/home/ivan/raspberry-pi-pico/pico/pico-sdk/src/rp2_common/pico_printf/printf.c.obj
 .rodata.__aeabi_double_init.str1.4
                0x0000000010008248       0xb8 CMakeFiles/vasper_mic.dir/home/ivan/raspberry-pi-pico/pico/pico-sdk/src/rp2_common/pico_double/double_init_rom.c.obj
 .rodata.__func__.4722
                0x0000000010008300       0x14 CMakeFiles/vasper_mic.dir/home/ivan/raspberry-pi-pico/pico/pico-sdk/src/rp2_common/pico_double/double_init_rom.c.obj
 .rodata.__aeabi_float_init.str1.4
                0x0000000010008314       0x8a CMakeFiles/vasper_mic.dir/home/ivan/raspberry-pi-pico/pico/pico-sdk/src/rp2_common/pico_float/float_init_rom.c.obj
                                         0x8e (size before relaxing)
 *fill*         0x000000001000839e        0x2 
 .rodata.__func__.4723
                0x00000000100083a0       0x13 CMakeFiles/vasper_mic.dir/home/ivan/raspberry-pi-pico/pico/pico-sdk/src/rp2_common/pico_float/float_init_rom.c.obj
 *fill*         0x00000000100083b3        0x1 
 .rodata.str1.4
                0x00000000100083b4       0x40 CMakeFiles/vasper_mic.dir/home/ivan/raspberry-pi-pico/pico/pico-sdk/src/rp2_common/pico_standard_link/binary_info.c.obj
 .rodata.__bi_44
                0x00000000100083f4        0xc CMakeFiles/vasper_mic.dir/home/ivan/raspberry-pi-pico/pico/pico-sdk/src/rp2_common/pico_standard_link/binary_info.c.obj
 .rodata.__bi_75
                0x0000000010008400        0xc CMakeFiles/vasper_mic.dir/home/ivan/raspberry-pi-pico/pico/pico-sdk/src/rp2_common/pico_standard_link/binary_info.c.obj
 .rodata.__bi_81
                0x000000001000840c        0xc CMakeFiles/vasper_mic.dir/home/ivan/raspberry-pi-pico/pico/pico-sdk/src/rp2_common/pico_standard_link/binary_info.c.obj
 .rodata.crlf_str.5907
                0x0000000010008418        0x2 CMakeFiles/vasper_mic.dir/home/ivan/raspberry-pi-pico/pico/pico-sdk/src/rp2_common/pico_stdio/stdio.c.obj
 *fill*         0x000000001000841a        0x2 
 .rodata._resetd_driver
                0x000000001000841c       0x18 CMakeFiles/vasper_mic.dir/home/ivan/raspberry-pi-pico/pico/pico-sdk/src/rp2_common/pico_stdio_usb/reset_interface.c.obj
 .rodata.stdio_usb_init.str1.4
                0x0000000010008434       0x71 CMakeFiles/vasper_mic.dir/home/ivan/raspberry-pi-pico/pico/pico-sdk/src/rp2_common/pico_stdio_usb/stdio_usb.c.obj
 .rodata.str1.4
                0x0000000010008434       0x13 CMakeFiles/vasper_mic.dir/home/ivan/raspberry-pi-pico/pico/pico-sdk/src/rp2_common/pico_stdio_usb/stdio_usb.c.obj
 *fill*         0x0000000010008447        0x1 
 .rodata.__bi_93.7222
                0x0000000010008448        0xc CMakeFiles/vasper_mic.dir/home/ivan/raspberry-pi-pico/pico/pico-sdk/src/rp2_common/pico_stdio_usb/stdio_usb.c.obj
 .rodata.__func__.5424
                0x0000000010008454       0x15 CMakeFiles/vasper_mic.dir/home/ivan/raspberry-pi-pico/pico/pico-sdk/src/rp2_common/pico_stdio_usb/stdio_usb.c.obj
 *fill*         0x0000000010008469        0x3 
 .rodata.str1.4
                0x000000001000846c       0x2a CMakeFiles/vasper_mic.dir/home/ivan/raspberry-pi-pico/pico/pico-sdk/src/rp2_common/pico_stdio_usb/stdio_usb_descriptors.c.obj
 *fill*         0x0000000010008496        0x2 
 .rodata.usbd_desc_cfg
                0x0000000010008498       0x54 CMakeFiles/vasper_mic.dir/home/ivan/raspberry-pi-pico/pico/pico-sdk/src/rp2_common/pico_stdio_usb/stdio_usb_descriptors.c.obj
 .rodata.usbd_desc_device
                0x00000000100084ec       0x12 CMakeFiles/vasper_mic.dir/home/ivan/raspberry-pi-pico/pico/pico-sdk/src/rp2_common/pico_stdio_usb/stdio_usb_descriptors.c.obj
 *fill*         0x00000000100084fe        0x2 
 .rodata.usbd_desc_str
                0x0000000010008500       0x18 CMakeFiles/vasper_mic.dir/home/ivan/raspberry-pi-pico/pico/pico-sdk/src/rp2_common/pico_stdio_usb/stdio_usb_descriptors.c.obj
 .rodata._hw_endpoint_alloc.str1.4
                0x0000000010008518       0xc5 CMakeFiles/vasper_mic.dir/home/ivan/raspberry-pi-pico/pico/pico-sdk/lib/tinyusb/src/portable/raspberrypi/rp2040/dcd_rp2040.c.obj
 *fill*         0x00000000100085dd        0x3 
 .rodata.dcd_rp2040_irq.str1.4
                0x00000000100085e0       0x14 CMakeFiles/vasper_mic.dir/home/ivan/raspberry-pi-pico/pico/pico-sdk/lib/tinyusb/src/portable/raspberrypi/rp2040/dcd_rp2040.c.obj
 .rodata.dcd_int_enable.str1.4
                0x00000000100085f4        0xc CMakeFiles/vasper_mic.dir/home/ivan/raspberry-pi-pico/pico/pico-sdk/lib/tinyusb/src/portable/raspberrypi/rp2040/dcd_rp2040.c.obj
 .rodata.__func__.6894
                0x0000000010008600       0x13 CMakeFiles/vasper_mic.dir/home/ivan/raspberry-pi-pico/pico/pico-sdk/lib/tinyusb/src/portable/raspberrypi/rp2040/dcd_rp2040.c.obj
 *fill*         0x0000000010008613        0x1 
 .rodata.__func__.6947
                0x0000000010008614        0x9 CMakeFiles/vasper_mic.dir/home/ivan/raspberry-pi-pico/pico/pico-sdk/lib/tinyusb/src/portable/raspberrypi/rp2040/dcd_rp2040.c.obj
 *fill*         0x000000001000861d        0x3 
 .rodata.__func__.6951
                0x0000000010008620        0xf CMakeFiles/vasper_mic.dir/home/ivan/raspberry-pi-pico/pico/pico-sdk/lib/tinyusb/src/portable/raspberrypi/rp2040/dcd_rp2040.c.obj
 *fill*         0x000000001000862f        0x1 
 .rodata.__func__.6960
                0x0000000010008630       0x10 CMakeFiles/vasper_mic.dir/home/ivan/raspberry-pi-pico/pico/pico-sdk/lib/tinyusb/src/portable/raspberrypi/rp2040/dcd_rp2040.c.obj
 .rodata.__func__.6979
                0x0000000010008640        0xe CMakeFiles/vasper_mic.dir/home/ivan/raspberry-pi-pico/pico/pico-sdk/lib/tinyusb/src/portable/raspberrypi/rp2040/dcd_rp2040.c.obj
 *fill*         0x000000001000864e        0x2 
 .rodata.__func__.6989
                0x0000000010008650        0xe CMakeFiles/vasper_mic.dir/home/ivan/raspberry-pi-pico/pico/pico-sdk/lib/tinyusb/src/portable/raspberrypi/rp2040/dcd_rp2040.c.obj
 *fill*         0x000000001000865e        0x2 
 .rodata.sync_ep_buffer.str1.4
                0x0000000010008660       0xa1 CMakeFiles/vasper_mic.dir/home/ivan/raspberry-pi-pico/pico/pico-sdk/lib/tinyusb/src/portable/raspberrypi/rp2040/rp2040_usb.c.obj
 *fill*         0x0000000010008701        0x3 
 .rodata._hw_endpoint_buffer_control_update32.str1.4
                0x0000000010008704       0x1f CMakeFiles/vasper_mic.dir/home/ivan/raspberry-pi-pico/pico/pico-sdk/lib/tinyusb/src/portable/raspberrypi/rp2040/rp2040_usb.c.obj
 *fill*         0x0000000010008723        0x1 
 .rodata.hw_endpoint_xfer_start.str1.4
                0x0000000010008724       0x38 CMakeFiles/vasper_mic.dir/home/ivan/raspberry-pi-pico/pico/pico-sdk/lib/tinyusb/src/portable/raspberrypi/rp2040/rp2040_usb.c.obj
 .rodata.hw_endpoint_xfer_continue.str1.4
                0x000000001000875c       0x29 CMakeFiles/vasper_mic.dir/home/ivan/raspberry-pi-pico/pico/pico-sdk/lib/tinyusb/src/portable/raspberrypi/rp2040/rp2040_usb.c.obj
 *fill*         0x0000000010008785        0x3 
 .rodata.str1.4
                0x0000000010008788        0x7 CMakeFiles/vasper_mic.dir/home/ivan/raspberry-pi-pico/pico/pico-sdk/lib/tinyusb/src/portable/raspberrypi/rp2040/rp2040_usb.c.obj
 *fill*         0x000000001000878f        0x1 
 .rodata.__func__.6658
                0x0000000010008790        0xf CMakeFiles/vasper_mic.dir/home/ivan/raspberry-pi-pico/pico/pico-sdk/lib/tinyusb/src/portable/raspberrypi/rp2040/rp2040_usb.c.obj
 *fill*         0x000000001000879f        0x1 
 .rodata.process_set_config.str1.4
                0x00000000100087a0       0x17 CMakeFiles/vasper_mic.dir/home/ivan/raspberry-pi-pico/pico/pico-sdk/lib/tinyusb/src/device/usbd.c.obj
 *fill*         0x00000000100087b7        0x1 
 .rodata.process_get_descriptor
                0x00000000100087b8       0x40 CMakeFiles/vasper_mic.dir/home/ivan/raspberry-pi-pico/pico/pico-sdk/lib/tinyusb/src/device/usbd.c.obj
 .rodata.process_control_request
                0x00000000100087f8       0x28 CMakeFiles/vasper_mic.dir/home/ivan/raspberry-pi-pico/pico/pico-sdk/lib/tinyusb/src/device/usbd.c.obj
 .rodata.tud_task
                0x0000000010008820       0x24 CMakeFiles/vasper_mic.dir/home/ivan/raspberry-pi-pico/pico/pico-sdk/lib/tinyusb/src/device/usbd.c.obj
 .rodata.__func__.6570
                0x0000000010008844       0x10 CMakeFiles/vasper_mic.dir/home/ivan/raspberry-pi-pico/pico/pico-sdk/lib/tinyusb/src/device/usbd.c.obj
 .rodata.__func__.7368
                0x0000000010008854        0x9 CMakeFiles/vasper_mic.dir/home/ivan/raspberry-pi-pico/pico/pico-sdk/lib/tinyusb/src/device/usbd.c.obj
 *fill*         0x000000001000885d        0x3 
 .rodata.__func__.7389
                0x0000000010008860       0x18 CMakeFiles/vasper_mic.dir/home/ivan/raspberry-pi-pico/pico/pico-sdk/lib/tinyusb/src/device/usbd.c.obj
 .rodata.__func__.7432
                0x0000000010008878       0x13 CMakeFiles/vasper_mic.dir/home/ivan/raspberry-pi-pico/pico/pico-sdk/lib/tinyusb/src/device/usbd.c.obj
 *fill*         0x000000001000888b        0x1 
 .rodata.__func__.7467
                0x000000001000888c       0x17 CMakeFiles/vasper_mic.dir/home/ivan/raspberry-pi-pico/pico/pico-sdk/lib/tinyusb/src/device/usbd.c.obj
 *fill*         0x00000000100088a3        0x1 
 .rodata.__func__.7521
                0x00000000100088a4       0x14 CMakeFiles/vasper_mic.dir/home/ivan/raspberry-pi-pico/pico/pico-sdk/lib/tinyusb/src/device/usbd.c.obj
 .rodata.__func__.7535
                0x00000000100088b8        0xf CMakeFiles/vasper_mic.dir/home/ivan/raspberry-pi-pico/pico/pico-sdk/lib/tinyusb/src/device/usbd.c.obj
 *fill*         0x00000000100088c7        0x1 
 .rodata.__func__.7558
                0x00000000100088c8        0xf CMakeFiles/vasper_mic.dir/home/ivan/raspberry-pi-pico/pico/pico-sdk/lib/tinyusb/src/device/usbd.c.obj
 *fill*         0x00000000100088d7        0x1 
 .rodata._usbd_driver
                0x00000000100088d8       0x18 CMakeFiles/vasper_mic.dir/home/ivan/raspberry-pi-pico/pico/pico-sdk/lib/tinyusb/src/device/usbd.c.obj
 .rodata.tud_control_xfer.str1.4
                0x00000000100088f0       0x17 CMakeFiles/vasper_mic.dir/home/ivan/raspberry-pi-pico/pico/pico-sdk/lib/tinyusb/src/device/usbd_control.c.obj
 .rodata.__func__.7283
                0x00000000100088f0       0x11 CMakeFiles/vasper_mic.dir/home/ivan/raspberry-pi-pico/pico/pico-sdk/lib/tinyusb/src/device/usbd_control.c.obj
 *fill*         0x0000000010008901        0x3 
 .rodata.__func__.7310
                0x0000000010008904       0x15 CMakeFiles/vasper_mic.dir/home/ivan/raspberry-pi-pico/pico/pico-sdk/lib/tinyusb/src/device/usbd_control.c.obj
 .rodata.tud_cdc_n_write_flush.str1.4
                0x0000000010008919       0x17 CMakeFiles/vasper_mic.dir/home/ivan/raspberry-pi-pico/pico/pico-sdk/lib/tinyusb/src/class/cdc/cdc_device.c.obj
 *fill*         0x0000000010008919        0x3 
 .rodata.__func__.7219
                0x000000001000891c       0x16 CMakeFiles/vasper_mic.dir/home/ivan/raspberry-pi-pico/pico/pico-sdk/lib/tinyusb/src/class/cdc/cdc_device.c.obj
 *fill*         0x0000000010008932        0x2 
 .rodata.__func__.7252
                0x0000000010008934        0xa CMakeFiles/vasper_mic.dir/home/ivan/raspberry-pi-pico/pico/pico-sdk/lib/tinyusb/src/class/cdc/cdc_device.c.obj
 *fill*         0x000000001000893e        0x2 
 .rodata.__func__.7287
                0x0000000010008940        0xd CMakeFiles/vasper_mic.dir/home/ivan/raspberry-pi-pico/pico/pico-sdk/lib/tinyusb/src/class/cdc/cdc_device.c.obj
 .rodata.tusb_init.str1.4
                0x000000001000894d       0x17 CMakeFiles/vasper_mic.dir/home/ivan/raspberry-pi-pico/pico/pico-sdk/lib/tinyusb/src/tusb.c.obj
 *fill*         0x000000001000894d        0x3 
 .rodata.__func__.7156
                0x0000000010008950        0xa CMakeFiles/vasper_mic.dir/home/ivan/raspberry-pi-pico/pico/pico-sdk/lib/tinyusb/src/tusb.c.obj
 *fill*         0x000000001000895a        0x2 
 .rodata.__func__.7168
                0x000000001000895c       0x11 CMakeFiles/vasper_mic.dir/home/ivan/raspberry-pi-pico/pico/pico-sdk/lib/tinyusb/src/tusb.c.obj
 *fill*         0x000000001000896d        0x3 
 .rodata.pico_get_unique_board_id_string.str1.4
                0x0000000010008970       0x5d CMakeFiles/vasper_mic.dir/home/ivan/raspberry-pi-pico/pico/pico-sdk/src/rp2_common/pico_unique_id/unique_id.c.obj
 *fill*         0x00000000100089cd        0x3 
 .rodata.__func__.4290
                0x00000000100089d0       0x20 CMakeFiles/vasper_mic.dir/home/ivan/raspberry-pi-pico/pico/pico-sdk/src/rp2_common/pico_unique_id/unique_id.c.obj
 .rodata.str1.4
                0x00000000100089f0      0x16a CMakeFiles/vasper_mic.dir/home/ivan/raspberry-pi-pico/pico/pico-sdk/src/rp2_common/hardware_flash/flash.c.obj
 *fill*         0x0000000010008b5a        0x2 
 .rodata.__func__.4464
                0x0000000010008b5c        0xd CMakeFiles/vasper_mic.dir/home/ivan/raspberry-pi-pico/pico/pico-sdk/src/rp2_common/hardware_flash/flash.c.obj
 *fill*         0x0000000010008b69        0x3 