Archive member included to satisfy reference by file (symbol)

/usr/lib/gcc/arm-none-eabi/9.2.1/thumb/v6-m/nofp/libgcc.a(_dvmd_tls.o)
                              CMakeFiles/blink-led.dir/home/ivan/raspberry-pi-pico/pico/pico-sdk/src/rp2_common/pico_divider/divider.S.obj (__aeabi_idiv0)
/usr/lib/gcc/arm-none-eabi/9.2.1/../../../arm-none-eabi/lib/thumb/v6-m/nofp/libg.a(lib_a-atexit.o)
                              /usr/lib/gcc/arm-none-eabi/9.2.1/../../../arm-none-eabi/lib/thumb/v6-m/nofp/crt0.o (atexit)
/usr/lib/gcc/arm-none-eabi/9.2.1/../../../arm-none-eabi/lib/thumb/v6-m/nofp/libg.a(lib_a-calloc.o)
                              CMakeFiles/blink-led.dir/home/ivan/raspberry-pi-pico/pico/pico-sdk/src/rp2_common/pico_malloc/pico_malloc.c.obj (calloc)
/usr/lib/gcc/arm-none-eabi/9.2.1/../../../arm-none-eabi/lib/thumb/v6-m/nofp/libg.a(lib_a-callocr.o)
                              /usr/lib/gcc/arm-none-eabi/9.2.1/../../../arm-none-eabi/lib/thumb/v6-m/nofp/libg.a(lib_a-calloc.o) (_calloc_r)
/usr/lib/gcc/arm-none-eabi/9.2.1/../../../arm-none-eabi/lib/thumb/v6-m/nofp/libg.a(lib_a-fini.o)
                              /usr/lib/gcc/arm-none-eabi/9.2.1/../../../arm-none-eabi/lib/thumb/v6-m/nofp/crt0.o (__libc_fini_array)
/usr/lib/gcc/arm-none-eabi/9.2.1/../../../arm-none-eabi/lib/thumb/v6-m/nofp/libg.a(lib_a-impure.o)
                              /usr/lib/gcc/arm-none-eabi/9.2.1/../../../arm-none-eabi/lib/thumb/v6-m/nofp/libg.a(lib_a-calloc.o) (_impure_ptr)
/usr/lib/gcc/arm-none-eabi/9.2.1/../../../arm-none-eabi/lib/thumb/v6-m/nofp/libg.a(lib_a-init.o)
                              /usr/lib/gcc/arm-none-eabi/9.2.1/../../../arm-none-eabi/lib/thumb/v6-m/nofp/crt0.o (__libc_init_array)
/usr/lib/gcc/arm-none-eabi/9.2.1/../../../arm-none-eabi/lib/thumb/v6-m/nofp/libg.a(lib_a-malloc.o)
                              CMakeFiles/blink-led.dir/home/ivan/raspberry-pi-pico/pico/pico-sdk/src/rp2_common/pico_malloc/pico_malloc.c.obj (malloc)
/usr/lib/gcc/arm-none-eabi/9.2.1/../../../arm-none-eabi/lib/thumb/v6-m/nofp/libg.a(lib_a-mallocr.o)
                              /usr/lib/gcc/arm-none-eabi/9.2.1/../../../arm-none-eabi/lib/thumb/v6-m/nofp/libg.a(lib_a-callocr.o) (_malloc_r)
/usr/lib/gcc/arm-none-eabi/9.2.1/../../../arm-none-eabi/lib/thumb/v6-m/nofp/libg.a(lib_a-mlock.o)
                              /usr/lib/gcc/arm-none-eabi/9.2.1/../../../arm-none-eabi/lib/thumb/v6-m/nofp/libg.a(lib_a-mallocr.o) (__malloc_lock)
/usr/lib/gcc/arm-none-eabi/9.2.1/../../../arm-none-eabi/lib/thumb/v6-m/nofp/libg.a(lib_a-sbrkr.o)
                              /usr/lib/gcc/arm-none-eabi/9.2.1/../../../arm-none-eabi/lib/thumb/v6-m/nofp/libg.a(lib_a-mallocr.o) (_sbrk_r)
/usr/lib/gcc/arm-none-eabi/9.2.1/../../../arm-none-eabi/lib/thumb/v6-m/nofp/libg.a(lib_a-strlen-stub.o)
                              CMakeFiles/blink-led.dir/home/ivan/raspberry-pi-pico/pico/pico-sdk/src/rp2_common/pico_stdio/stdio.c.obj (strlen)
/usr/lib/gcc/arm-none-eabi/9.2.1/../../../arm-none-eabi/lib/thumb/v6-m/nofp/libg.a(lib_a-__atexit.o)
                              /usr/lib/gcc/arm-none-eabi/9.2.1/../../../arm-none-eabi/lib/thumb/v6-m/nofp/libg.a(lib_a-atexit.o) (__register_exitproc)
/usr/lib/gcc/arm-none-eabi/9.2.1/../../../arm-none-eabi/lib/thumb/v6-m/nofp/libg.a(lib_a-freer.o)
                              /usr/lib/gcc/arm-none-eabi/9.2.1/../../../arm-none-eabi/lib/thumb/v6-m/nofp/libg.a(lib_a-malloc.o) (_free_r)
/usr/lib/gcc/arm-none-eabi/9.2.1/../../../arm-none-eabi/lib/thumb/v6-m/nofp/libg.a(lib_a-reent.o)
                              /usr/lib/gcc/arm-none-eabi/9.2.1/../../../arm-none-eabi/lib/thumb/v6-m/nofp/libg.a(lib_a-sbrkr.o) (errno)

Allocating common symbols
Common symbol       size              file

sf_table            0x100             CMakeFiles/blink-led.dir/home/ivan/raspberry-pi-pico/pico/pico-sdk/src/rp2_common/pico_float/float_init_rom.c.obj
errno               0x4               /usr/lib/gcc/arm-none-eabi/9.2.1/../../../arm-none-eabi/lib/thumb/v6-m/nofp/libg.a(lib_a-reent.o)
sd_table            0x100             CMakeFiles/blink-led.dir/home/ivan/raspberry-pi-pico/pico/pico-sdk/src/rp2_common/pico_double/double_init_rom.c.obj
uart_char_to_line_feed
                    0x4               CMakeFiles/blink-led.dir/home/ivan/raspberry-pi-pico/pico/pico-sdk/src/rp2_common/hardware_uart/uart.c.obj

Discarded input sections

 .text          0x0000000000000000        0x0 /usr/lib/gcc/arm-none-eabi/9.2.1/thumb/v6-m/nofp/crti.o
 .data          0x0000000000000000        0x0 /usr/lib/gcc/arm-none-eabi/9.2.1/thumb/v6-m/nofp/crti.o
 .bss           0x0000000000000000        0x0 /usr/lib/gcc/arm-none-eabi/9.2.1/thumb/v6-m/nofp/crti.o
 .data          0x0000000000000000        0x4 /usr/lib/gcc/arm-none-eabi/9.2.1/thumb/v6-m/nofp/crtbegin.o
 .fini_array    0x0000000000000000        0x4 /usr/lib/gcc/arm-none-eabi/9.2.1/thumb/v6-m/nofp/crtbegin.o
[...]
Memory Configuration

Name             Origin             Length             Attributes
FLASH            0x0000000010000000 0x0000000000200000 xr
RAM              0x0000000020000000 0x0000000000040000 xrw
SCRATCH_X        0x0000000020040000 0x0000000000001000 xrw
SCRATCH_Y        0x0000000020041000 0x0000000000001000 xrw
*default*        0x0000000000000000 0xffffffffffffffff

Linker script and memory map

LOAD /usr/lib/gcc/arm-none-eabi/9.2.1/thumb/v6-m/nofp/crti.o
LOAD /usr/lib/gcc/arm-none-eabi/9.2.1/thumb/v6-m/nofp/crtbegin.o
LOAD /usr/lib/gcc/arm-none-eabi/9.2.1/../../../arm-none-eabi/lib/thumb/v6-m/nofp/crt0.o

.flash_begin    0x0000000010000000        0x0
                0x0000000010000000                __flash_binary_start = .

.boot2          0x0000000010000000      0x100
                0x0000000010000000                __boot2_start__ = .
 *(.boot2)
 .boot2         0x0000000010000000      0x100 /tmp/ccJsB5oR.o
                0x0000000010000100                __boot2_end__ = .
                0x0000000000000001                ASSERT (((__boot2_end__ - __boot2_start__) == 0x100), ERROR: Pico second stage bootloader must be 256 bytes in size)

.text           0x0000000010000100     0x4278
                0x0000000010000100                __logical_binary_start = .
 *(.vectors)
 .vectors       0x0000000010000100       0xd4 CMakeFiles/blink-led.dir/home/ivan/raspberry-pi-pico/pico/pico-sdk/src/rp2_common/pico_standard_link/crt0.S.obj
                0x0000000010000100                __vectors
                0x0000000010000100                __VECTOR_TABLE
                0x00000000100001c0                isr_invalid
                0x00000000100001c0                __default_isrs_start
                0x00000000100001c2                isr_nmi
                0x00000000100001c4                isr_hardfault
                0x00000000100001c6                isr_svcall
                0x00000000100001c8                isr_pendsv
                0x00000000100001ca                isr_systick
                0x00000000100001cc                isr_irq30
                0x00000000100001cc                __unhandled_user_irq
                0x00000000100001cc                isr_irq13
                0x00000000100001cc                isr_irq27
                0x00000000100001cc                isr_irq31
                0x00000000100001cc                isr_irq5
                0x00000000100001cc                isr_irq11
                0x00000000100001cc                isr_irq23
                0x00000000100001cc                isr_irq18
                0x00000000100001cc                isr_irq28
                0x00000000100001cc                isr_irq19
                0x00000000100001cc                isr_irq0
                0x00000000100001cc                isr_irq6
                0x00000000100001cc                isr_irq22
                0x00000000100001cc                isr_irq17
                0x00000000100001cc                isr_irq14
                0x00000000100001cc                isr_irq2
                0x00000000100001cc                isr_irq10
                0x00000000100001cc                isr_irq8
                0x00000000100001cc                isr_irq24
                0x00000000100001cc                isr_irq1
                0x00000000100001cc                isr_irq7
                0x00000000100001cc                isr_irq21
                0x00000000100001cc                isr_irq20
                0x00000000100001cc                isr_irq15
                0x00000000100001cc                isr_irq25
                0x00000000100001cc                isr_irq4
                0x00000000100001cc                isr_irq16
                0x00000000100001cc                isr_irq29
                0x00000000100001cc                isr_irq26
                0x00000000100001cc                __default_isrs_end
                0x00000000100001cc                isr_irq3
                0x00000000100001cc                isr_irq12
                0x00000000100001cc                isr_irq9
                0x00000000100001d2                unhandled_user_irq_num_in_r0
 *(.binary_info_header)
 .binary_info_header
                0x00000000100001d4       0x14 CMakeFiles/blink-led.dir/home/ivan/raspberry-pi-pico/pico/pico-sdk/src/rp2_common/pico_standard_link/crt0.S.obj
                0x00000000100001e8                __binary_info_header_end = .
 *(.reset)
 .reset         0x00000000100001e8       0xa8 CMakeFiles/blink-led.dir/home/ivan/raspberry-pi-pico/pico/pico-sdk/src/rp2_common/pico_standard_link/crt0.S.obj
                0x00000000100001e8                _entry_point
                0x0000000010000266                __get_current_exception
 .reset         0x0000000010000290       0x30 CMakeFiles/blink-led.dir/home/ivan/raspberry-pi-pico/pico/pico-sdk/src/rp2_common/pico_standard_link/binary_info.c.obj
 *(.init)
 .init          0x00000000100002c0        0x4 /usr/lib/gcc/arm-none-eabi/9.2.1/thumb/v6-m/nofp/crti.o
                0x00000000100002c0                _init
 *(EXCLUDE_FILE(*libm.a: *libc.a:*lib_a-mem*.o *libgcc.a:) .text*)
 .text          0x00000000100002c4       0x98 /usr/lib/gcc/arm-none-eabi/9.2.1/thumb/v6-m/nofp/crtbegin.o
 .text.main     0x000000001000035c       0x1c CMakeFiles/blink-led.dir/main.c.obj
                0x000000001000035c                main
 .text.gpio_set_function
                0x0000000010000378       0x30 CMakeFiles/blink-led.dir/home/ivan/raspberry-pi-pico/pico/pico-sdk/src/rp2_common/hardware_gpio/gpio.c.obj
                0x0000000010000378                gpio_set_function
 .text.hw_claim_lock
                0x00000000100003a8       0x18 CMakeFiles/blink-led.dir/home/ivan/raspberry-pi-pico/pico/pico-sdk/src/rp2_common/hardware_claim/claim.c.obj
                0x00000000100003a8                hw_claim_lock
 .text.hw_claim_unlock
                0x00000000100003c0       0x14 CMakeFiles/blink-led.dir/home/ivan/raspberry-pi-pico/pico/pico-sdk/src/rp2_common/hardware_claim/claim.c.obj
                0x00000000100003c0                hw_claim_unlock
 .text.hw_claim_or_assert
                0x00000000100003d4       0x32 CMakeFiles/blink-led.dir/home/ivan/raspberry-pi-pico/pico/pico-sdk/src/rp2_common/hardware_claim/claim.c.obj
                0x00000000100003d4                hw_claim_or_assert
 *fill*         0x0000000010000406        0x2 
 .text.running_on_fpga
                0x0000000010000408       0x14 CMakeFiles/blink-led.dir/home/ivan/raspberry-pi-pico/pico/pico-sdk/src/rp2_common/pico_platform/platform.c.obj
                0x0000000010000408                running_on_fpga
 .text.spin_locks_reset
                0x000000001000041c       0x20 CMakeFiles/blink-led.dir/home/ivan/raspberry-pi-pico/pico/pico-sdk/src/rp2_common/hardware_sync/sync.c.obj
                0x000000001000041c                spin_locks_reset
 .text.next_striped_spin_lock_num
                0x000000001000043c       0x1c CMakeFiles/blink-led.dir/home/ivan/raspberry-pi-pico/pico/pico-sdk/src/rp2_common/hardware_sync/sync.c.obj
                0x000000001000043c                next_striped_spin_lock_num
 .text.uart_set_baudrate
                0x0000000010000458       0x5c CMakeFiles/blink-led.dir/home/ivan/raspberry-pi-pico/pico/pico-sdk/src/rp2_common/hardware_uart/uart.c.obj
                0x0000000010000458                uart_set_baudrate
 .text.uart_set_translate_crlf
                0x00000000100004b4       0x28 CMakeFiles/blink-led.dir/home/ivan/raspberry-pi-pico/pico/pico-sdk/src/rp2_common/hardware_uart/uart.c.obj
                0x00000000100004b4                uart_set_translate_crlf
 .text.uart_init
                0x00000000100004dc       0x80 CMakeFiles/blink-led.dir/home/ivan/raspberry-pi-pico/pico/pico-sdk/src/rp2_common/hardware_uart/uart.c.obj
                0x00000000100004dc                uart_init
 .text.alarm_pool_post_alloc_init
                0x000000001000055c       0x40 CMakeFiles/blink-led.dir/home/ivan/raspberry-pi-pico/pico/pico-sdk/src/common/pico_time/time.c.obj
 .text.sleep_until_callback
                0x000000001000059c       0x30 CMakeFiles/blink-led.dir/home/ivan/raspberry-pi-pico/pico/pico-sdk/src/common/pico_time/time.c.obj
 .text.timer_pool_entry_comparator
                0x00000000100005cc       0x7c CMakeFiles/blink-led.dir/home/ivan/raspberry-pi-pico/pico/pico-sdk/src/common/pico_time/time.c.obj
                0x00000000100005cc                timer_pool_entry_comparator
 .text.ph_add_child_node
                0x0000000010000648       0xa4 CMakeFiles/blink-led.dir/home/ivan/raspberry-pi-pico/pico/pico-sdk/src/common/pico_time/time.c.obj
 .text.ph_merge_nodes
                0x00000000100006ec       0x3e CMakeFiles/blink-led.dir/home/ivan/raspberry-pi-pico/pico/pico-sdk/src/common/pico_time/time.c.obj
 *fill*         0x000000001000072a        0x2 
 .text.add_alarm_under_lock
                0x000000001000072c      0x174 CMakeFiles/blink-led.dir/home/ivan/raspberry-pi-pico/pico/pico-sdk/src/common/pico_time/time.c.obj
 .text.alarm_pool_alarm_callback
                0x00000000100008a0      0x32c CMakeFiles/blink-led.dir/home/ivan/raspberry-pi-pico/pico/pico-sdk/src/common/pico_time/time.c.obj
 .text.alarm_pool_init_default
                0x0000000010000bcc       0x38 CMakeFiles/blink-led.dir/home/ivan/raspberry-pi-pico/pico/pico-sdk/src/common/pico_time/time.c.obj
                0x0000000010000bcc                alarm_pool_init_default
 .text.alarm_pool_get_default
                0x0000000010000c04       0x2c CMakeFiles/blink-led.dir/home/ivan/raspberry-pi-pico/pico/pico-sdk/src/common/pico_time/time.c.obj
                0x0000000010000c04                alarm_pool_get_default
 .text.alarm_pool_add_alarm_at
                0x0000000010000c30      0x170 CMakeFiles/blink-led.dir/home/ivan/raspberry-pi-pico/pico/pico-sdk/src/common/pico_time/time.c.obj
                0x0000000010000c30                alarm_pool_add_alarm_at
 .text.sleep_until
                0x0000000010000da0       0xfc CMakeFiles/blink-led.dir/home/ivan/raspberry-pi-pico/pico/pico-sdk/src/common/pico_time/time.c.obj
                0x0000000010000da0                sleep_until
 .text.sleep_us
                0x0000000010000e9c       0x58 CMakeFiles/blink-led.dir/home/ivan/raspberry-pi-pico/pico/pico-sdk/src/common/pico_time/time.c.obj
                0x0000000010000e9c                sleep_us
 .text.sleep_ms
                0x0000000010000ef4       0x14 CMakeFiles/blink-led.dir/home/ivan/raspberry-pi-pico/pico/pico-sdk/src/common/pico_time/time.c.obj
                0x0000000010000ef4                sleep_ms
 .text.hardware_alarm_irq_handler
                0x0000000010000f08       0x8c CMakeFiles/blink-led.dir/home/ivan/raspberry-pi-pico/pico/pico-sdk/src/rp2_common/hardware_timer/timer.c.obj
 .text.hardware_alarm_claim
                0x0000000010000f94       0x18 CMakeFiles/blink-led.dir/home/ivan/raspberry-pi-pico/pico/pico-sdk/src/rp2_common/hardware_timer/timer.c.obj
                0x0000000010000f94                hardware_alarm_claim
 .text.time_us_64
                0x0000000010000fac       0x18 CMakeFiles/blink-led.dir/home/ivan/raspberry-pi-pico/pico/pico-sdk/src/rp2_common/hardware_timer/timer.c.obj
                0x0000000010000fac                time_us_64
 .text.busy_wait_until
                0x0000000010000fc4       0x24 CMakeFiles/blink-led.dir/home/ivan/raspberry-pi-pico/pico/pico-sdk/src/rp2_common/hardware_timer/timer.c.obj
                0x0000000010000fc4                busy_wait_until
 .text.hardware_alarm_set_callback
                0x0000000010000fe8       0x90 CMakeFiles/blink-led.dir/home/ivan/raspberry-pi-pico/pico/pico-sdk/src/rp2_common/hardware_timer/timer.c.obj
                0x0000000010000fe8                hardware_alarm_set_callback
 .text.hardware_alarm_set_target
                0x0000000010001078       0xe8 CMakeFiles/blink-led.dir/home/ivan/raspberry-pi-pico/pico/pico-sdk/src/rp2_common/hardware_timer/timer.c.obj
                0x0000000010001078                hardware_alarm_set_target
 .text.hardware_alarm_cancel
                0x0000000010001160       0x40 CMakeFiles/blink-led.dir/home/ivan/raspberry-pi-pico/pico/pico-sdk/src/rp2_common/hardware_timer/timer.c.obj
                0x0000000010001160                hardware_alarm_cancel
 .text.lock_init
                0x00000000100011a0       0x10 CMakeFiles/blink-led.dir/home/ivan/raspberry-pi-pico/pico/pico-sdk/src/common/pico_sync/lock_core.c.obj
                0x00000000100011a0                lock_init
 .text.mutex_init
                0x00000000100011b0       0x1a CMakeFiles/blink-led.dir/home/ivan/raspberry-pi-pico/pico/pico-sdk/src/common/pico_sync/mutex.c.obj
                0x00000000100011b0                mutex_init
 .text.recursive_mutex_init
                0x00000000100011ca       0x1e CMakeFiles/blink-led.dir/home/ivan/raspberry-pi-pico/pico/pico-sdk/src/common/pico_sync/mutex.c.obj
                0x00000000100011ca                recursive_mutex_init
 .text.ph_add_child_node
                0x00000000100011e8       0xa4 CMakeFiles/blink-led.dir/home/ivan/raspberry-pi-pico/pico/pico-sdk/src/common/pico_util/pheap.c.obj
 .text.ph_merge_nodes
                0x000000001000128c       0x3e CMakeFiles/blink-led.dir/home/ivan/raspberry-pi-pico/pico/pico-sdk/src/common/pico_util/pheap.c.obj
 *fill*         0x00000000100012ca        0x2 
 .text.ph_clear
                0x00000000100012cc       0x70 CMakeFiles/blink-led.dir/home/ivan/raspberry-pi-pico/pico/pico-sdk/src/common/pico_util/pheap.c.obj
                0x00000000100012cc                ph_clear
 .text.ph_post_alloc_init
                0x000000001000133c        0xe CMakeFiles/blink-led.dir/home/ivan/raspberry-pi-pico/pico/pico-sdk/src/common/pico_util/pheap.c.obj
                0x000000001000133c                ph_post_alloc_init
 *fill*         0x000000001000134a        0x2 
 .text.ph_merge_two_pass
                0x000000001000134c       0xa8 CMakeFiles/blink-led.dir/home/ivan/raspberry-pi-pico/pico/pico-sdk/src/common/pico_util/pheap.c.obj
                0x000000001000134c                ph_merge_two_pass
 .text.ph_remove_any_head
                0x00000000100013f4      0x108 CMakeFiles/blink-led.dir/home/ivan/raspberry-pi-pico/pico/pico-sdk/src/common/pico_util/pheap.c.obj
 .text.ph_remove_head
                0x00000000100014fc       0x14 CMakeFiles/blink-led.dir/home/ivan/raspberry-pi-pico/pico/pico-sdk/src/common/pico_util/pheap.c.obj
                0x00000000100014fc                ph_remove_head
 .text.ph_remove_and_free_node
                0x0000000010001510       0xf8 CMakeFiles/blink-led.dir/home/ivan/raspberry-pi-pico/pico/pico-sdk/src/common/pico_util/pheap.c.obj
                0x0000000010001510                ph_remove_and_free_node
 .text._exit    0x0000000010001608        0x4 CMakeFiles/blink-led.dir/home/ivan/raspberry-pi-pico/pico/pico-sdk/src/rp2_common/pico_runtime/runtime.c.obj
                0x0000000010001608                _exit
 .text.exit     0x000000001000160c        0x6 CMakeFiles/blink-led.dir/home/ivan/raspberry-pi-pico/pico/pico-sdk/src/rp2_common/pico_runtime/runtime.c.obj
                0x000000001000160c                exit
 *fill*         0x0000000010001612        0x2 
 .text.__assert_func
                0x0000000010001614       0x3c CMakeFiles/blink-led.dir/home/ivan/raspberry-pi-pico/pico/pico-sdk/src/rp2_common/pico_runtime/runtime.c.obj
                0x0000000010001614                __assert_func
 .text.runtime_init
                0x0000000010001650       0xf8 CMakeFiles/blink-led.dir/home/ivan/raspberry-pi-pico/pico/pico-sdk/src/rp2_common/pico_runtime/runtime.c.obj
                0x0000000010001650                runtime_init
 .text.panic    0x0000000010001748       0x30 CMakeFiles/blink-led.dir/home/ivan/raspberry-pi-pico/pico/pico-sdk/src/rp2_common/pico_runtime/runtime.c.obj
                0x0000000010001748                panic
 .text.clock_configure
                0x0000000010001778      0x104 CMakeFiles/blink-led.dir/home/ivan/raspberry-pi-pico/pico/pico-sdk/src/rp2_common/hardware_clocks/clocks.c.obj
                0x0000000010001778                clock_configure
 .text.clocks_init
                0x000000001000187c      0x100 CMakeFiles/blink-led.dir/home/ivan/raspberry-pi-pico/pico/pico-sdk/src/rp2_common/hardware_clocks/clocks.c.obj
                0x000000001000187c                clocks_init
 .text.clock_get_hz
                0x000000001000197c        0xc CMakeFiles/blink-led.dir/home/ivan/raspberry-pi-pico/pico/pico-sdk/src/rp2_common/hardware_clocks/clocks.c.obj
                0x000000001000197c                clock_get_hz
 .text.set_raw_irq_handler_and_unlock
                0x0000000010001988       0x28 CMakeFiles/blink-led.dir/home/ivan/raspberry-pi-pico/pico/pico-sdk/src/rp2_common/hardware_irq/irq.c.obj
 .text.make_branch
                0x00000000100019b0       0x48 CMakeFiles/blink-led.dir/home/ivan/raspberry-pi-pico/pico/pico-sdk/src/rp2_common/hardware_irq/irq.c.obj
 .text.insert_branch_and_link
                0x00000000100019f8       0x40 CMakeFiles/blink-led.dir/home/ivan/raspberry-pi-pico/pico/pico-sdk/src/rp2_common/hardware_irq/irq.c.obj
 .text.irq_is_enabled
                0x0000000010001a38       0x18 CMakeFiles/blink-led.dir/home/ivan/raspberry-pi-pico/pico/pico-sdk/src/rp2_common/hardware_irq/irq.c.obj
                0x0000000010001a38                irq_is_enabled
 .text.irq_set_mask_enabled
                0x0000000010001a50       0x20 CMakeFiles/blink-led.dir/home/ivan/raspberry-pi-pico/pico/pico-sdk/src/rp2_common/hardware_irq/irq.c.obj
                0x0000000010001a50                irq_set_mask_enabled
 .text.irq_set_enabled
                0x0000000010001a70        0xe CMakeFiles/blink-led.dir/home/ivan/raspberry-pi-pico/pico/pico-sdk/src/rp2_common/hardware_irq/irq.c.obj
                0x0000000010001a70                irq_set_enabled
 *fill*         0x0000000010001a7e        0x2 
 .text.irq_get_vtable_handler
                0x0000000010001a80       0x10 CMakeFiles/blink-led.dir/home/ivan/raspberry-pi-pico/pico/pico-sdk/src/rp2_common/hardware_irq/irq.c.obj
                0x0000000010001a80                irq_get_vtable_handler
 .text.irq_set_exclusive_handler
                0x0000000010001a90       0x54 CMakeFiles/blink-led.dir/home/ivan/raspberry-pi-pico/pico/pico-sdk/src/rp2_common/hardware_irq/irq.c.obj
                0x0000000010001a90                irq_set_exclusive_handler
 .text.irq_remove_handler
                0x0000000010001ae4      0x1a8 CMakeFiles/blink-led.dir/home/ivan/raspberry-pi-pico/pico/pico-sdk/src/rp2_common/hardware_irq/irq.c.obj
                0x0000000010001ae4                irq_remove_handler
 .text.irq_add_tail_to_free_list
                0x0000000010001c8c       0xf0 CMakeFiles/blink-led.dir/home/ivan/raspberry-pi-pico/pico/pico-sdk/src/rp2_common/hardware_irq/irq.c.obj
                0x0000000010001c8c                irq_add_tail_to_free_list
 .text.irq_init_priorities
                0x0000000010001d7c       0x1c CMakeFiles/blink-led.dir/home/ivan/raspberry-pi-pico/pico/pico-sdk/src/rp2_common/hardware_irq/irq.c.obj
                0x0000000010001d7c                irq_init_priorities
 .text.pll_init
                0x0000000010001d98      0x120 CMakeFiles/blink-led.dir/home/ivan/raspberry-pi-pico/pico/pico-sdk/src/rp2_common/hardware_pll/pll.c.obj
                0x0000000010001d98                pll_init
 .text.watchdog_start_tick
                0x0000000010001eb8       0x10 CMakeFiles/blink-led.dir/home/ivan/raspberry-pi-pico/pico/pico-sdk/src/rp2_common/hardware_watchdog/watchdog.c.obj
                0x0000000010001eb8                watchdog_start_tick
 .text.xosc_init
                0x0000000010001ec8       0x28 CMakeFiles/blink-led.dir/home/ivan/raspberry-pi-pico/pico/pico-sdk/src/rp2_common/hardware_xosc/xosc.c.obj
                0x0000000010001ec8                xosc_init
 .text._out_null
                0x0000000010001ef0        0x2 CMakeFiles/blink-led.dir/home/ivan/raspberry-pi-pico/pico/pico-sdk/src/rp2_common/pico_printf/printf.c.obj
 .text._out_fct
                0x0000000010001ef2        0xe CMakeFiles/blink-led.dir/home/ivan/raspberry-pi-pico/pico/pico-sdk/src/rp2_common/pico_printf/printf.c.obj
 .text._atoi    0x0000000010001f00       0x24 CMakeFiles/blink-led.dir/home/ivan/raspberry-pi-pico/pico/pico-sdk/src/rp2_common/pico_printf/printf.c.obj
 .text._out_rev
                0x0000000010001f24       0xae CMakeFiles/blink-led.dir/home/ivan/raspberry-pi-pico/pico/pico-sdk/src/rp2_common/pico_printf/printf.c.obj
 .text._ntoa_format
                0x0000000010001fd2      0x110 CMakeFiles/blink-led.dir/home/ivan/raspberry-pi-pico/pico/pico-sdk/src/rp2_common/pico_printf/printf.c.obj
 .text._ntoa_long
                0x00000000100020e2       0xbc CMakeFiles/blink-led.dir/home/ivan/raspberry-pi-pico/pico/pico-sdk/src/rp2_common/pico_printf/printf.c.obj
 .text._ntoa_long_long
                0x000000001000219e       0xe2 CMakeFiles/blink-led.dir/home/ivan/raspberry-pi-pico/pico/pico-sdk/src/rp2_common/pico_printf/printf.c.obj
 .text._etoa    0x0000000010002280      0x40c CMakeFiles/blink-led.dir/home/ivan/raspberry-pi-pico/pico/pico-sdk/src/rp2_common/pico_printf/printf.c.obj
 .text._ftoa    0x000000001000268c      0x354 CMakeFiles/blink-led.dir/home/ivan/raspberry-pi-pico/pico/pico-sdk/src/rp2_common/pico_printf/printf.c.obj
 .text._vsnprintf
                0x00000000100029e0      0x628 CMakeFiles/blink-led.dir/home/ivan/raspberry-pi-pico/pico/pico-sdk/src/rp2_common/pico_printf/printf.c.obj
 .text.vfctprintf
                0x0000000010003008       0x20 CMakeFiles/blink-led.dir/home/ivan/raspberry-pi-pico/pico/pico-sdk/src/rp2_common/pico_printf/printf.c.obj
                0x0000000010003008                vfctprintf
 .text          0x0000000010003028       0x10 CMakeFiles/blink-led.dir/home/ivan/raspberry-pi-pico/pico/pico-sdk/src/rp2_common/pico_bit_ops/bit_ops_aeabi.S.obj
 .text.rom_func_lookup
                0x0000000010003038       0x10 CMakeFiles/blink-led.dir/home/ivan/raspberry-pi-pico/pico/pico-sdk/src/rp2_common/pico_bootrom/bootrom.c.obj
                0x0000000010003038                rom_func_lookup
 .text.rom_data_lookup
                0x0000000010003048       0x10 CMakeFiles/blink-led.dir/home/ivan/raspberry-pi-pico/pico/pico-sdk/src/rp2_common/pico_bootrom/bootrom.c.obj
                0x0000000010003048                rom_data_lookup
 .text.rom_funcs_lookup
                0x0000000010003058       0x36 CMakeFiles/blink-led.dir/home/ivan/raspberry-pi-pico/pico/pico-sdk/src/rp2_common/pico_bootrom/bootrom.c.obj
                0x0000000010003058                rom_funcs_lookup
 *fill*         0x000000001000308e        0x2 
 .text.__wrap___aeabi_idiv
                0x0000000010003090       0x50 CMakeFiles/blink-led.dir/home/ivan/raspberry-pi-pico/pico/pico-sdk/src/rp2_common/pico_divider/divider.S.obj
                0x0000000010003090                __wrap___aeabi_idivmod
                0x0000000010003090                divmod_s32s32
                0x0000000010003090                div_s32s32
                0x0000000010003090                __wrap___aeabi_idiv
                0x0000000010003098                divmod_s32s32_unsafe
                0x00000000100030c4                divmod_s32s32_savestate
 .text.__wrap___aeabi_uidiv
                0x00000000100030e0       0x4c CMakeFiles/blink-led.dir/home/ivan/raspberry-pi-pico/pico/pico-sdk/src/rp2_common/pico_divider/divider.S.obj
                0x00000000100030e0                __wrap___aeabi_uidiv
                0x00000000100030e0                __wrap___aeabi_uidivmod
                0x00000000100030e0                div_u32u32
                0x00000000100030e0                divmod_u32u32
                0x00000000100030e8                divmod_u32u32_unsafe
                0x0000000010003110                divmod_u32u32_savestate
 .text.__wrap___aeabi_ldiv
                0x000000001000312c      0x434 CMakeFiles/blink-led.dir/home/ivan/raspberry-pi-pico/pico/pico-sdk/src/rp2_common/pico_divider/divider.S.obj
                0x000000001000312c                div_s64s64
                0x000000001000312c                divmod_s64s64
                0x000000001000312c                __wrap___aeabi_ldivmod
                0x0000000010003164                div_u64u64
                0x0000000010003164                divmod_u64u64
                0x0000000010003164                __wrap___aeabi_uldivmod
                0x0000000010003174                divmod_u64u64_savestate
                0x000000001000319c                divmod_s64s64_unsafe
                0x0000000010003224                divmod_u64u64_unsafe
 .text.__wrap___aeabi_darithmetic
                0x0000000010003560       0x80 CMakeFiles/blink-led.dir/home/ivan/raspberry-pi-pico/pico/pico-sdk/src/rp2_common/pico_double/double_aeabi.S.obj
                0x0000000010003560                __wrap___aeabi_drsub
                0x0000000010003566                __wrap___aeabi_dsub
                0x0000000010003578                __wrap___aeabi_dadd
                0x000000001000358a                __wrap___aeabi_ddiv
                0x00000000100035c6                __wrap___aeabi_dmul
 .text.__wrap___aeabi_cdcmple
                0x00000000100035e0       0x6c CMakeFiles/blink-led.dir/home/ivan/raspberry-pi-pico/pico/pico-sdk/src/rp2_common/pico_double/double_aeabi.S.obj
                0x00000000100035e0                __wrap___aeabi_cdrcmple
                0x00000000100035f0                __wrap___aeabi_cdcmple
                0x00000000100035f0                __wrap___aeabi_cdcmpeq
 .text.__wrap___aeabi_dcmplt
                0x000000001000364c        0xc CMakeFiles/blink-led.dir/home/ivan/raspberry-pi-pico/pico/pico-sdk/src/rp2_common/pico_double/double_aeabi.S.obj
                0x000000001000364c                __wrap___aeabi_dcmplt
 .text.__wrap___aeabi_dcmple
                0x0000000010003658       0x10 CMakeFiles/blink-led.dir/home/ivan/raspberry-pi-pico/pico/pico-sdk/src/rp2_common/pico_double/double_aeabi.S.obj
                0x0000000010003658                __wrap___aeabi_dcmple
 .text.__wrap___aeabi_dcmpge
                0x0000000010003668       0x10 CMakeFiles/blink-led.dir/home/ivan/raspberry-pi-pico/pico/pico-sdk/src/rp2_common/pico_double/double_aeabi.S.obj
                0x0000000010003668                __wrap___aeabi_dcmpge
 .text.__wrap___aeabi_dcmpgt
                0x0000000010003678        0xa CMakeFiles/blink-led.dir/home/ivan/raspberry-pi-pico/pico/pico-sdk/src/rp2_common/pico_double/double_aeabi.S.obj
                0x0000000010003678                __wrap___aeabi_dcmpgt
 .text.__wrap___aeabi_dcmpun
                0x0000000010003682       0x1c CMakeFiles/blink-led.dir/home/ivan/raspberry-pi-pico/pico/pico-sdk/src/rp2_common/pico_double/double_aeabi.S.obj
                0x0000000010003682                __wrap___aeabi_dcmpun
 *fill*         0x000000001000369e        0x2 
 .text.__wrap___aeabi_i2d
                0x00000000100036a0       0x38 CMakeFiles/blink-led.dir/home/ivan/raspberry-pi-pico/pico/pico-sdk/src/rp2_common/pico_double/double_aeabi.S.obj
                0x00000000100036a0                __wrap___aeabi_ui2d
                0x00000000100036a8                __wrap___aeabi_i2d
 .text.__wrap___aeabi_d2iz
                0x00000000100036d8       0x48 CMakeFiles/blink-led.dir/home/ivan/raspberry-pi-pico/pico/pico-sdk/src/rp2_common/pico_double/double_aeabi.S.obj
                0x00000000100036d8                __wrap___aeabi_d2iz
                0x00000000100036d8                double2int_z
 .text.__wrap___aeabi_d2uiz
                0x0000000010003720       0x18 CMakeFiles/blink-led.dir/home/ivan/raspberry-pi-pico/pico/pico-sdk/src/rp2_common/pico_double/double_aeabi.S.obj
                0x0000000010003720                double2uint
                0x0000000010003720                __wrap___aeabi_d2uiz
 .text.__aeabi_double_init
                0x0000000010003738       0xc8 CMakeFiles/blink-led.dir/home/ivan/raspberry-pi-pico/pico/pico-sdk/src/rp2_common/pico_double/double_init_rom.c.obj
                0x0000000010003738                __aeabi_double_init
 .text.double_table_shim_on_use_helper
                0x0000000010003800       0x34 CMakeFiles/blink-led.dir/home/ivan/raspberry-pi-pico/pico/pico-sdk/src/rp2_common/pico_double/double_v1_rom_shim.S.obj
                0x0000000010003800                double_table_shim_on_use_helper
 .text.__wrap___aeabi_dsub
                0x0000000010003834       0x10 CMakeFiles/blink-led.dir/home/ivan/raspberry-pi-pico/pico/pico-sdk/src/rp2_common/pico_double/double_v1_rom_shim.S.obj
                0x0000000010003834                drsub_shim
                0x000000001000383a                dsub_shim
 .text.dadd_shim
                0x0000000010003844      0x15c CMakeFiles/blink-led.dir/home/ivan/raspberry-pi-pico/pico/pico-sdk/src/rp2_common/pico_double/double_v1_rom_shim.S.obj
                0x0000000010003844                dadd_shim
 .text.dmul_shim
                0x00000000100039a0      0x15c CMakeFiles/blink-led.dir/home/ivan/raspberry-pi-pico/pico/pico-sdk/src/rp2_common/pico_double/double_v1_rom_shim.S.obj
                0x00000000100039a0                dmul_shim
 .text.ddiv_shim
                0x0000000010003afc      0x1b0 CMakeFiles/blink-led.dir/home/ivan/raspberry-pi-pico/pico/pico-sdk/src/rp2_common/pico_double/double_v1_rom_shim.S.obj
                0x0000000010003afc                ddiv_shim
 .text.double2uint_shim
                0x0000000010003cac        0xe CMakeFiles/blink-led.dir/home/ivan/raspberry-pi-pico/pico/pico-sdk/src/rp2_common/pico_double/double_v1_rom_shim.S.obj
                0x0000000010003cac                double2uint_shim
                0x0000000010003cae                double2ufix_shim
 *fill*         0x0000000010003cba        0x2 
 .text.double2uint64_shim
                0x0000000010003cbc       0x70 CMakeFiles/blink-led.dir/home/ivan/raspberry-pi-pico/pico/pico-sdk/src/rp2_common/pico_double/double_v1_rom_shim.S.obj
                0x0000000010003cbc                double2uint64_shim
                0x0000000010003cbe                double2ufix64_shim
                0x0000000010003cde                d2fix_a
 .text.dunpacks
                0x0000000010003d2c       0x3c CMakeFiles/blink-led.dir/home/ivan/raspberry-pi-pico/pico/pico-sdk/src/rp2_common/pico_double/double_v1_rom_shim.S.obj
                0x0000000010003d2c                dunpacks
 .text.__aeabi_lmul
                0x0000000010003d68       0x32 CMakeFiles/blink-led.dir/home/ivan/raspberry-pi-pico/pico/pico-sdk/src/rp2_common/pico_int64_ops/pico_int64_ops_aeabi.S.obj
                0x0000000010003d68                __wrap___aeabi_lmul
 *fill*         0x0000000010003d9a        0x2 
 .text.__aeabi_float_init
                0x0000000010003d9c       0xfc CMakeFiles/blink-led.dir/home/ivan/raspberry-pi-pico/pico/pico-sdk/src/rp2_common/pico_float/float_init_rom.c.obj
                0x0000000010003d9c                __aeabi_float_init
 .text.float_table_shim_on_use_helper
                0x0000000010003e98       0x34 CMakeFiles/blink-led.dir/home/ivan/raspberry-pi-pico/pico/pico-sdk/src/rp2_common/pico_float/float_v1_rom_shim.S.obj
                0x0000000010003e98                float_table_shim_on_use_helper
 .text          0x0000000010003ecc       0x10 CMakeFiles/blink-led.dir/home/ivan/raspberry-pi-pico/pico/pico-sdk/src/rp2_common/pico_mem_ops/mem_ops_aeabi.S.obj
                0x0000000010003ecc                __aeabi_mem_init
 .text.memset   0x0000000010003edc        0xc CMakeFiles/blink-led.dir/home/ivan/raspberry-pi-pico/pico/pico-sdk/src/rp2_common/pico_mem_ops/mem_ops_aeabi.S.obj
                0x0000000010003edc                __wrap_memset
 .text.memcpy   0x0000000010003ee8        0xc CMakeFiles/blink-led.dir/home/ivan/raspberry-pi-pico/pico/pico-sdk/src/rp2_common/pico_mem_ops/mem_ops_aeabi.S.obj
                0x0000000010003ee8                __wrap___aeabi_memcpy
                0x0000000010003ee8                __wrap_memcpy
 .text.stdio_out_chars_no_crlf
                0x0000000010003ef4        0xe CMakeFiles/blink-led.dir/home/ivan/raspberry-pi-pico/pico/pico-sdk/src/rp2_common/pico_stdio/stdio.c.obj
 *fill*         0x0000000010003f02        0x2 
 .text.stdio_out_chars_crlf
                0x0000000010003f04       0x80 CMakeFiles/blink-led.dir/home/ivan/raspberry-pi-pico/pico/pico-sdk/src/rp2_common/pico_stdio/stdio.c.obj
 .text.stdio_stack_buffer_flush
                0x0000000010003f84       0x44 CMakeFiles/blink-led.dir/home/ivan/raspberry-pi-pico/pico/pico-sdk/src/rp2_common/pico_stdio/stdio.c.obj
 .text.stdio_buffered_printer
                0x0000000010003fc8       0x20 CMakeFiles/blink-led.dir/home/ivan/raspberry-pi-pico/pico/pico-sdk/src/rp2_common/pico_stdio/stdio.c.obj
 .text.stdout_serialize_begin
                0x0000000010003fe8       0x30 CMakeFiles/blink-led.dir/home/ivan/raspberry-pi-pico/pico/pico-sdk/src/rp2_common/pico_stdio/stdio.c.obj
                0x0000000010003fe8                stdout_serialize_begin
 .text.stdout_serialize_end
                0x0000000010004018       0x10 CMakeFiles/blink-led.dir/home/ivan/raspberry-pi-pico/pico/pico-sdk/src/rp2_common/pico_stdio/stdio.c.obj
                0x0000000010004018                stdout_serialize_end
 .text.stdio_put_string
                0x0000000010004028       0x98 CMakeFiles/blink-led.dir/home/ivan/raspberry-pi-pico/pico/pico-sdk/src/rp2_common/pico_stdio/stdio.c.obj
 .text.stdio_set_driver_enabled
                0x00000000100040c0       0x2c CMakeFiles/blink-led.dir/home/ivan/raspberry-pi-pico/pico/pico-sdk/src/rp2_common/pico_stdio/stdio.c.obj
                0x00000000100040c0                stdio_set_driver_enabled
 .text.stdio_flush
                0x00000000100040ec       0x20 CMakeFiles/blink-led.dir/home/ivan/raspberry-pi-pico/pico/pico-sdk/src/rp2_common/pico_stdio/stdio.c.obj
                0x00000000100040ec                stdio_flush
 .text.__wrap_puts
                0x000000001000410c       0x1e CMakeFiles/blink-led.dir/home/ivan/raspberry-pi-pico/pico/pico-sdk/src/rp2_common/pico_stdio/stdio.c.obj
                0x000000001000410c                __wrap_puts
 *fill*         0x000000001000412a        0x2 
 .text.__wrap_vprintf
                0x000000001000412c       0x44 CMakeFiles/blink-led.dir/home/ivan/raspberry-pi-pico/pico/pico-sdk/src/rp2_common/pico_stdio/stdio.c.obj
                0x000000001000412c                __wrap_vprintf
 .text.__wrap_printf
                0x0000000010004170       0x18 CMakeFiles/blink-led.dir/home/ivan/raspberry-pi-pico/pico/pico-sdk/src/rp2_common/pico_stdio/stdio.c.obj
                0x0000000010004170                __wrap_printf
 .text.stdio_init_all
                0x0000000010004188        0x8 CMakeFiles/blink-led.dir/home/ivan/raspberry-pi-pico/pico/pico-sdk/src/rp2_common/pico_stdio/stdio.c.obj
                0x0000000010004188                stdio_init_all
 .text.stdio_uart_out_chars
                0x0000000010004190       0x74 CMakeFiles/blink-led.dir/home/ivan/raspberry-pi-pico/pico/pico-sdk/src/rp2_common/pico_stdio_uart/stdio_uart.c.obj
 .text.stdio_uart_in_chars
                0x0000000010004204       0x54 CMakeFiles/blink-led.dir/home/ivan/raspberry-pi-pico/pico/pico-sdk/src/rp2_common/pico_stdio_uart/stdio_uart.c.obj
                0x0000000010004204                stdio_uart_in_chars
 .text.stdio_uart_init_full
                0x0000000010004258       0x3c CMakeFiles/blink-led.dir/home/ivan/raspberry-pi-pico/pico/pico-sdk/src/rp2_common/pico_stdio_uart/stdio_uart.c.obj
                0x0000000010004258                stdio_uart_init_full
 .text.stdio_uart_init
                0x0000000010004294       0x28 CMakeFiles/blink-led.dir/home/ivan/raspberry-pi-pico/pico/pico-sdk/src/rp2_common/pico_stdio_uart/stdio_uart.c.obj
                0x0000000010004294                stdio_uart_init
 .text          0x00000000100042bc       0x68 /usr/lib/gcc/arm-none-eabi/9.2.1/../../../arm-none-eabi/lib/thumb/v6-m/nofp/libg.a(lib_a-strlen-stub.o)
                0x00000000100042bc                strlen
 *(.fini)
 .fini          0x0000000010004324        0x4 /usr/lib/gcc/arm-none-eabi/9.2.1/thumb/v6-m/nofp/crti.o
                0x0000000010004324                _fini
 .fini.__stub   0x0000000010004328       0x50 linker stubs
 *crtbegin.o(.ctors)
 *crtbegin?.o(.ctors)
 *(EXCLUDE_FILE(*crtend.o *crtend?.o) .ctors)
 *(SORT_BY_NAME(.ctors.*))
 *(.ctors)
 *crtbegin.o(.dtors)
 *crtbegin?.o(.dtors)
 *(EXCLUDE_FILE(*crtend.o *crtend?.o) .dtors)
 *(SORT_BY_NAME(.dtors.*))
 *(.dtors)
 *(.eh_frame*)
 .eh_frame      0x0000000010004378        0x0 /usr/lib/gcc/arm-none-eabi/9.2.1/thumb/v6-m/nofp/crtbegin.o
                0x0000000010004378                . = ALIGN (0x4)

.glue_7         0x0000000010004378        0x0
 .glue_7        0x0000000010004378        0x0 linker stubs

.glue_7t        0x0000000010004378        0x0
 .glue_7t       0x0000000010004378        0x0 linker stubs

.vfp11_veneer   0x0000000010004378        0x0
 .vfp11_veneer  0x0000000010004378        0x0 linker stubs

.v4_bx          0x0000000010004378        0x0
 .v4_bx         0x0000000010004378        0x0 linker stubs

.iplt           0x0000000010004378        0x0
 .iplt          0x0000000010004378        0x0 /usr/lib/gcc/arm-none-eabi/9.2.1/thumb/v6-m/nofp/crtbegin.o

.rodata         0x0000000010004378      0xf3c
 *(EXCLUDE_FILE(*libm.a: *libc.a:*lib_a-mem*.o *libgcc.a:) .rodata*)
 .rodata.main.str1.4
                0x0000000010004378        0xe CMakeFiles/blink-led.dir/main.c.obj
 *fill*         0x0000000010004386        0x2 
 .rodata.repeating_timer_callback.str1.4
                0x0000000010004388       0x5b CMakeFiles/blink-led.dir/home/ivan/raspberry-pi-pico/pico/pico-sdk/src/common/pico_time/time.c.obj
 *fill*         0x00000000100043e3        0x1 
 .rodata.alarm_pool_dump_key.str1.4
                0x00000000100043e4       0x33 CMakeFiles/blink-led.dir/home/ivan/raspberry-pi-pico/pico/pico-sdk/src/common/pico_time/time.c.obj
 *fill*         0x0000000010004417        0x1 
 .rodata.ph_add_child_node.str1.4
                0x0000000010004418       0xa6 CMakeFiles/blink-led.dir/home/ivan/raspberry-pi-pico/pico/pico-sdk/src/common/pico_time/time.c.obj
 *fill*         0x00000000100044be        0x2 
 .rodata.add_alarm_under_lock.str1.4
                0x00000000100044c0       0x28 CMakeFiles/blink-led.dir/home/ivan/raspberry-pi-pico/pico/pico-sdk/src/common/pico_time/time.c.obj
                                         0x2b (size before relaxing)
 .rodata.alarm_pool_alarm_callback.str1.4
                0x00000000100044e8       0xf6 CMakeFiles/blink-led.dir/home/ivan/raspberry-pi-pico/pico/pico-sdk/src/common/pico_time/time.c.obj
 *fill*         0x00000000100045de        0x2 
 .rodata.alarm_pool_get_default.str1.4
                0x00000000100045e0       0x21 CMakeFiles/blink-led.dir/home/ivan/raspberry-pi-pico/pico/pico-sdk/src/common/pico_time/time.c.obj
 *fill*         0x0000000010004601        0x3 
 .rodata.sleep_until.str1.4
                0x0000000010004604       0x4d CMakeFiles/blink-led.dir/home/ivan/raspberry-pi-pico/pico/pico-sdk/src/common/pico_time/time.c.obj
 *fill*         0x0000000010004651        0x3 
 .rodata.__func__.5701
                0x0000000010004654       0x15 CMakeFiles/blink-led.dir/home/ivan/raspberry-pi-pico/pico/pico-sdk/src/common/pico_time/time.c.obj
 *fill*         0x0000000010004669        0x3 
 .rodata.__func__.6013
                0x000000001000466c        0xc CMakeFiles/blink-led.dir/home/ivan/raspberry-pi-pico/pico/pico-sdk/src/common/pico_time/time.c.obj
 .rodata.__func__.6020
                0x0000000010004678       0x12 CMakeFiles/blink-led.dir/home/ivan/raspberry-pi-pico/pico/pico-sdk/src/common/pico_time/time.c.obj
 *fill*         0x000000001000468a        0x2 
 .rodata.__func__.6036
                0x000000001000468c        0xf CMakeFiles/blink-led.dir/home/ivan/raspberry-pi-pico/pico/pico-sdk/src/common/pico_time/time.c.obj
 *fill*         0x000000001000469b        0x1 
 .rodata.__func__.6058
                0x000000001000469c        0xd CMakeFiles/blink-led.dir/home/ivan/raspberry-pi-pico/pico/pico-sdk/src/common/pico_time/time.c.obj
 *fill*         0x00000000100046a9        0x3 
 .rodata.__func__.6282
                0x00000000100046ac        0xa CMakeFiles/blink-led.dir/home/ivan/raspberry-pi-pico/pico/pico-sdk/src/common/pico_time/time.c.obj
 *fill*         0x00000000100046b6        0x2 
 .rodata.__func__.6287
                0x00000000100046b8       0x12 CMakeFiles/blink-led.dir/home/ivan/raspberry-pi-pico/pico/pico-sdk/src/common/pico_time/time.c.obj
 *fill*         0x00000000100046ca        0x2 
 .rodata.__func__.6302
                0x00000000100046cc       0x17 CMakeFiles/blink-led.dir/home/ivan/raspberry-pi-pico/pico/pico-sdk/src/common/pico_time/time.c.obj
 *fill*         0x00000000100046e3        0x1 
 .rodata.__func__.6313
                0x00000000100046e4       0x15 CMakeFiles/blink-led.dir/home/ivan/raspberry-pi-pico/pico/pico-sdk/src/common/pico_time/time.c.obj
 *fill*         0x00000000100046f9        0x3 
 .rodata.__func__.6330
                0x00000000100046fc       0x1a CMakeFiles/blink-led.dir/home/ivan/raspberry-pi-pico/pico/pico-sdk/src/common/pico_time/time.c.obj
 *fill*         0x0000000010004716        0x2 
 .rodata.hardware_alarm_claim.str1.4
                0x0000000010004718       0x22 CMakeFiles/blink-led.dir/home/ivan/raspberry-pi-pico/pico/pico-sdk/src/rp2_common/hardware_timer/timer.c.obj
 *fill*         0x000000001000473a        0x2 
 .rodata.hardware_alarm_set_target.str1.4
                0x000000001000473c       0x75 CMakeFiles/blink-led.dir/home/ivan/raspberry-pi-pico/pico/pico-sdk/src/rp2_common/hardware_timer/timer.c.obj
 *fill*         0x00000000100047b1        0x3 
 .rodata.__func__.4562
                0x00000000100047b4       0x1a CMakeFiles/blink-led.dir/home/ivan/raspberry-pi-pico/pico/pico-sdk/src/rp2_common/hardware_timer/timer.c.obj
 *fill*         0x00000000100047ce        0x2 
 .rodata.str1.4
                0x00000000100047d0       0x99 CMakeFiles/blink-led.dir/home/ivan/raspberry-pi-pico/pico/pico-sdk/src/common/pico_sync/mutex.c.obj
                                        0x10d (size before relaxing)
 *fill*         0x0000000010004869        0x3 
 .rodata.__func__.4706
                0x000000001000486c        0xb CMakeFiles/blink-led.dir/home/ivan/raspberry-pi-pico/pico/pico-sdk/src/common/pico_sync/mutex.c.obj
 .rodata.ph_add_child_node.str1.4
                0x0000000010004877       0xa6 CMakeFiles/blink-led.dir/home/ivan/raspberry-pi-pico/pico/pico-sdk/src/common/pico_util/pheap.c.obj
 *fill*         0x0000000010004877        0x1 
 .rodata.ph_remove_any_head.str1.4
                0x0000000010004878       0x9c CMakeFiles/blink-led.dir/home/ivan/raspberry-pi-pico/pico/pico-sdk/src/common/pico_util/pheap.c.obj
 .rodata.ph_remove_and_free_node.str1.4
                0x0000000010004914       0x26 CMakeFiles/blink-led.dir/home/ivan/raspberry-pi-pico/pico/pico-sdk/src/common/pico_util/pheap.c.obj
 *fill*         0x000000001000493a        0x2 
 .rodata.__func__.5711
                0x000000001000493c        0xc CMakeFiles/blink-led.dir/home/ivan/raspberry-pi-pico/pico/pico-sdk/src/common/pico_util/pheap.c.obj
 .rodata.__func__.5718
                0x0000000010004948       0x12 CMakeFiles/blink-led.dir/home/ivan/raspberry-pi-pico/pico/pico-sdk/src/common/pico_util/pheap.c.obj
 *fill*         0x000000001000495a        0x2 
 .rodata.__func__.5804
                0x000000001000495c       0x13 CMakeFiles/blink-led.dir/home/ivan/raspberry-pi-pico/pico/pico-sdk/src/common/pico_util/pheap.c.obj
 *fill*         0x000000001000496f        0x1 
 .rodata.__func__.5822
                0x0000000010004970       0x18 CMakeFiles/blink-led.dir/home/ivan/raspberry-pi-pico/pico/pico-sdk/src/common/pico_util/pheap.c.obj
 .rodata.__assert_func.str1.4
                0x0000000010004988       0x3f CMakeFiles/blink-led.dir/home/ivan/raspberry-pi-pico/pico/pico-sdk/src/rp2_common/pico_runtime/runtime.c.obj
                                         0x43 (size before relaxing)
 *fill*         0x00000000100049c7        0x1 
 .rodata.runtime_init.str1.4
                0x00000000100049c8       0x71 CMakeFiles/blink-led.dir/home/ivan/raspberry-pi-pico/pico/pico-sdk/src/rp2_common/pico_runtime/runtime.c.obj
 *fill*         0x0000000010004a39        0x3 
 .rodata.panic.str1.4
                0x0000000010004a3c       0x12 CMakeFiles/blink-led.dir/home/ivan/raspberry-pi-pico/pico/pico-sdk/src/rp2_common/pico_runtime/runtime.c.obj
 *fill*         0x0000000010004a4e        0x2 
 .rodata.__func__.5822
                0x0000000010004a50        0xd CMakeFiles/blink-led.dir/home/ivan/raspberry-pi-pico/pico/pico-sdk/src/rp2_common/pico_runtime/runtime.c.obj
 *fill*         0x0000000010004a5d        0x3 
 .rodata.clock_configure.str1.4
                0x0000000010004a60       0x67 CMakeFiles/blink-led.dir/home/ivan/raspberry-pi-pico/pico/pico-sdk/src/rp2_common/hardware_clocks/clocks.c.obj
 *fill*         0x0000000010004ac7        0x1 
 .rodata.__func__.4709
                0x0000000010004ac8       0x10 CMakeFiles/blink-led.dir/home/ivan/raspberry-pi-pico/pico/pico-sdk/src/rp2_common/hardware_clocks/clocks.c.obj
 .rodata.make_branch.str1.4
                0x0000000010004ad8       0x7d CMakeFiles/blink-led.dir/home/ivan/raspberry-pi-pico/pico/pico-sdk/src/rp2_common/hardware_irq/irq.c.obj
 *fill*         0x0000000010004b55        0x3 
 .rodata.insert_branch_and_link.str1.4
                0x0000000010004b58       0x10 CMakeFiles/blink-led.dir/home/ivan/raspberry-pi-pico/pico/pico-sdk/src/rp2_common/hardware_irq/irq.c.obj
 .rodata.irq_set_exclusive_handler.str1.4
                0x0000000010004b68       0x36 CMakeFiles/blink-led.dir/home/ivan/raspberry-pi-pico/pico/pico-sdk/src/rp2_common/hardware_irq/irq.c.obj
 *fill*         0x0000000010004b9e        0x2 
 .rodata.irq_add_shared_handler.str1.4
                0x0000000010004ba0       0xd9 CMakeFiles/blink-led.dir/home/ivan/raspberry-pi-pico/pico/pico-sdk/src/rp2_common/hardware_irq/irq.c.obj
 *fill*         0x0000000010004c79        0x3 
 .rodata.irq_remove_handler.str1.4
                0x0000000010004c7c       0x2a CMakeFiles/blink-led.dir/home/ivan/raspberry-pi-pico/pico/pico-sdk/src/rp2_common/hardware_irq/irq.c.obj
 *fill*         0x0000000010004ca6        0x2 
 .rodata.irq_add_tail_to_free_list.str1.4
                0x0000000010004ca8       0x32 CMakeFiles/blink-led.dir/home/ivan/raspberry-pi-pico/pico/pico-sdk/src/rp2_common/hardware_irq/irq.c.obj
                                         0x3a (size before relaxing)
 *fill*         0x0000000010004cda        0x2 
 .rodata.__func__.4739
                0x0000000010004cdc       0x1a CMakeFiles/blink-led.dir/home/ivan/raspberry-pi-pico/pico/pico-sdk/src/rp2_common/hardware_irq/irq.c.obj
 *fill*         0x0000000010004cf6        0x2 
 .rodata.__func__.4753
                0x0000000010004cf8        0xc CMakeFiles/blink-led.dir/home/ivan/raspberry-pi-pico/pico/pico-sdk/src/rp2_common/hardware_irq/irq.c.obj
 .rodata.__func__.4761
                0x0000000010004d04       0x17 CMakeFiles/blink-led.dir/home/ivan/raspberry-pi-pico/pico/pico-sdk/src/rp2_common/hardware_irq/irq.c.obj
 *fill*         0x0000000010004d1b        0x1 
 .rodata.__func__.4765
                0x0000000010004d1c        0xf CMakeFiles/blink-led.dir/home/ivan/raspberry-pi-pico/pico/pico-sdk/src/rp2_common/hardware_irq/irq.c.obj
 *fill*         0x0000000010004d2b        0x1 
 .rodata.__func__.4804
                0x0000000010004d2c       0x13 CMakeFiles/blink-led.dir/home/ivan/raspberry-pi-pico/pico/pico-sdk/src/rp2_common/hardware_irq/irq.c.obj
 *fill*         0x0000000010004d3f        0x1 
 .rodata.__func__.4826
                0x0000000010004d40       0x1a CMakeFiles/blink-led.dir/home/ivan/raspberry-pi-pico/pico/pico-sdk/src/rp2_common/hardware_irq/irq.c.obj
 *fill*         0x0000000010004d5a        0x2 
 .rodata.pll_init.str1.4
                0x0000000010004d5c       0xeb CMakeFiles/blink-led.dir/home/ivan/raspberry-pi-pico/pico/pico-sdk/src/rp2_common/hardware_pll/pll.c.obj
 *fill*         0x0000000010004e47        0x1 
 .rodata.__func__.4411
                0x0000000010004e48        0x9 CMakeFiles/blink-led.dir/home/ivan/raspberry-pi-pico/pico/pico-sdk/src/rp2_common/hardware_pll/pll.c.obj
 *fill*         0x0000000010004e51        0x3 
 .rodata._ftoa.str1.4
                0x0000000010004e54       0x15 CMakeFiles/blink-led.dir/home/ivan/raspberry-pi-pico/pico/pico-sdk/src/rp2_common/pico_printf/printf.c.obj
 *fill*         0x0000000010004e69        0x3 
 .rodata._vsnprintf
                0x0000000010004e6c      0x1e0 CMakeFiles/blink-led.dir/home/ivan/raspberry-pi-pico/pico/pico-sdk/src/rp2_common/pico_printf/printf.c.obj
 *fill*         0x000000001000504c        0x4 
 .rodata.pow10.5425
                0x0000000010005050       0x50 CMakeFiles/blink-led.dir/home/ivan/raspberry-pi-pico/pico/pico-sdk/src/rp2_common/pico_printf/printf.c.obj
 .rodata.__aeabi_double_init.str1.4
                0x00000000100050a0       0xb8 CMakeFiles/blink-led.dir/home/ivan/raspberry-pi-pico/pico/pico-sdk/src/rp2_common/pico_double/double_init_rom.c.obj
 .rodata.__func__.4722
                0x0000000010005158       0x14 CMakeFiles/blink-led.dir/home/ivan/raspberry-pi-pico/pico/pico-sdk/src/rp2_common/pico_double/double_init_rom.c.obj
 .rodata.__aeabi_float_init.str1.4
                0x000000001000516c       0x8a CMakeFiles/blink-led.dir/home/ivan/raspberry-pi-pico/pico/pico-sdk/src/rp2_common/pico_float/float_init_rom.c.obj
                                         0x8e (size before relaxing)
 *fill*         0x00000000100051f6        0x2 
 .rodata.__func__.4723
                0x00000000100051f8       0x13 CMakeFiles/blink-led.dir/home/ivan/raspberry-pi-pico/pico/pico-sdk/src/rp2_common/pico_float/float_init_rom.c.obj
 *fill*         0x000000001000520b        0x1 
 .rodata.str1.4
                0x000000001000520c       0x40 CMakeFiles/blink-led.dir/home/ivan/raspberry-pi-pico/pico/pico-sdk/src/rp2_common/pico_standard_link/binary_info.c.obj
 .rodata.__bi_44
                0x000000001000524c        0xc CMakeFiles/blink-led.dir/home/ivan/raspberry-pi-pico/pico/pico-sdk/src/rp2_common/pico_standard_link/binary_info.c.obj
 .rodata.__bi_75
                0x0000000010005258        0xc CMakeFiles/blink-led.dir/home/ivan/raspberry-pi-pico/pico/pico-sdk/src/rp2_common/pico_standard_link/binary_info.c.obj
 .rodata.__bi_81
                0x0000000010005264        0xc CMakeFiles/blink-led.dir/home/ivan/raspberry-pi-pico/pico/pico-sdk/src/rp2_common/pico_standard_link/binary_info.c.obj
 .rodata.crlf_str.6057
                0x0000000010005270        0x2 CMakeFiles/blink-led.dir/home/ivan/raspberry-pi-pico/pico/pico-sdk/src/rp2_common/pico_stdio/stdio.c.obj
 *fill*         0x0000000010005272        0x2 
 .rodata.str1.4
                0x0000000010005274       0x2c CMakeFiles/blink-led.dir/home/ivan/raspberry-pi-pico/pico/pico-sdk/src/rp2_common/pico_stdio_uart/stdio_uart.c.obj
 .rodata.__bi_28.4773
                0x00000000100052a0        0xc CMakeFiles/blink-led.dir/home/ivan/raspberry-pi-pico/pico/pico-sdk/src/rp2_common/pico_stdio_uart/stdio_uart.c.obj
 .rodata.__bi_29.4777
                0x00000000100052ac        0x8 CMakeFiles/blink-led.dir/home/ivan/raspberry-pi-pico/pico/pico-sdk/src/rp2_common/pico_stdio_uart/stdio_uart.c.obj
                0x00000000100052b4                . = ALIGN (0x4)
 *(SORT_BY_ALIGNMENT(SORT_BY_NAME(.flashdata*)))
                0x00000000100052b4                . = ALIGN (0x4)

.rel.dyn        0x00000000100052b4        0x0
 .rel.iplt      0x00000000100052b4        0x0 /usr/lib/gcc/arm-none-eabi/9.2.1/thumb/v6-m/nofp/crtbegin.o

.ARM.extab
 *(.ARM.extab* .gnu.linkonce.armextab.*)
                0x00000000100052b4                __exidx_start = .

.ARM.exidx
 *(.ARM.exidx* .gnu.linkonce.armexidx.*)
                0x00000000100052b4                __exidx_end = .
                0x00000000100052b4                . = ALIGN (0x4)
                0x00000000100052b4                __binary_info_start = .

.binary_info    0x00000000100052b4       0x24
 *(.binary_info.keep.*)
 .binary_info.keep.__bi_ptr22
                0x00000000100052b4        0x4 CMakeFiles/blink-led.dir/home/ivan/raspberry-pi-pico/pico/pico-sdk/src/rp2_common/pico_standard_link/binary_info.c.obj
 .binary_info.keep.__bi_ptr30
                0x00000000100052b8        0x4 CMakeFiles/blink-led.dir/home/ivan/raspberry-pi-pico/pico/pico-sdk/src/rp2_common/pico_standard_link/binary_info.c.obj
 .binary_info.keep.__bi_ptr38
                0x00000000100052bc        0x4 CMakeFiles/blink-led.dir/home/ivan/raspberry-pi-pico/pico/pico-sdk/src/rp2_common/pico_standard_link/binary_info.c.obj
 .binary_info.keep.__bi_ptr44
                0x00000000100052c0        0x4 CMakeFiles/blink-led.dir/home/ivan/raspberry-pi-pico/pico/pico-sdk/src/rp2_common/pico_standard_link/binary_info.c.obj
 .binary_info.keep.__bi_ptr50
                0x00000000100052c4        0x4 CMakeFiles/blink-led.dir/home/ivan/raspberry-pi-pico/pico/pico-sdk/src/rp2_common/pico_standard_link/binary_info.c.obj
 .binary_info.keep.__bi_ptr75
                0x00000000100052c8        0x4 CMakeFiles/blink-led.dir/home/ivan/raspberry-pi-pico/pico/pico-sdk/src/rp2_common/pico_standard_link/binary_info.c.obj
 .binary_info.keep.__bi_ptr81
                0x00000000100052cc        0x4 CMakeFiles/blink-led.dir/home/ivan/raspberry-pi-pico/pico/pico-sdk/src/rp2_common/pico_standard_link/binary_info.c.obj
 *(.binary_info.*)
 .binary_info.__bi_ptr28
                0x00000000100052d0        0x4 CMakeFiles/blink-led.dir/home/ivan/raspberry-pi-pico/pico/pico-sdk/src/rp2_common/pico_stdio_uart/stdio_uart.c.obj
 .binary_info.__bi_ptr29
                0x00000000100052d4        0x4 CMakeFiles/blink-led.dir/home/ivan/raspberry-pi-pico/pico/pico-sdk/src/rp2_common/pico_stdio_uart/stdio_uart.c.obj
                0x00000000100052d8                __binary_info_end = .
                0x00000000100052d8                . = ALIGN (0x4)
                0x00000000100052d8                __etext = .

.ram_vector_table
                0x0000000020000000       0xc0
 *(.ram_vector_table)
 .ram_vector_table
                0x0000000020000000       0xc0 CMakeFiles/blink-led.dir/home/ivan/raspberry-pi-pico/pico/pico-sdk/src/rp2_common/pico_runtime/runtime.c.obj
                0x0000000020000000                ram_vector_table

.data           0x00000000200000c0      0x1c0 load address 0x00000000100052d8
                0x00000000200000c0                __data_start__ = .
 *(vtable)
 *(.time_critical*)
 .time_critical.mutex_enter_blocking
                0x00000000200000c0       0x48 CMakeFiles/blink-led.dir/home/ivan/raspberry-pi-pico/pico/pico-sdk/src/common/pico_sync/mutex.c.obj
                0x00000000200000c0                mutex_enter_blocking
 .time_critical.mutex_try_enter
                0x0000000020000108       0x48 CMakeFiles/blink-led.dir/home/ivan/raspberry-pi-pico/pico/pico-sdk/src/common/pico_sync/mutex.c.obj
                0x0000000020000108                mutex_try_enter
 .time_critical.mutex_exit
                0x0000000020000150       0x4c CMakeFiles/blink-led.dir/home/ivan/raspberry-pi-pico/pico/pico-sdk/src/common/pico_sync/mutex.c.obj
                0x0000000020000150                mutex_exit
 *(.text*)
 .text          0x000000002000019c        0x4 /usr/lib/gcc/arm-none-eabi/9.2.1/thumb/v6-m/nofp/libgcc.a(_dvmd_tls.o)
                0x000000002000019c                __aeabi_ldiv0
                0x000000002000019c                __aeabi_idiv0
 .text.__stub   0x00000000200001a0       0x10 linker stubs
                0x00000000200001b0                . = ALIGN (0x4)
 *(.rodata*)
                0x00000000200001b0                . = ALIGN (0x4)
 *(.data*)
 .data.striped_spin_lock_num
                0x00000000200001b0        0x1 CMakeFiles/blink-led.dir/home/ivan/raspberry-pi-pico/pico/pico-sdk/src/rp2_common/hardware_sync/sync.c.obj
 *fill*         0x00000000200001b1        0x3 
 .data.default_alarm_pool
                0x00000000200001b4       0x18 CMakeFiles/blink-led.dir/home/ivan/raspberry-pi-pico/pico/pico-sdk/src/common/pico_time/time.c.obj
 .data.default_alarm_pool_heap
                0x00000000200001cc       0x10 CMakeFiles/blink-led.dir/home/ivan/raspberry-pi-pico/pico/pico-sdk/src/common/pico_time/time.c.obj
 .data          0x00000000200001dc       0x48 CMakeFiles/blink-led.dir/home/ivan/raspberry-pi-pico/pico/pico-sdk/src/rp2_common/hardware_irq/irq_handler_chain.S.obj
                0x00000000200001dc                irq_handler_chain_slots
                0x000000002000020c                irq_handler_chain_first_slot
                0x0000000020000216                irq_handler_chain_remove_tail
 *fill*         0x0000000020000224        0xc 
 .data.aeabi_bits_funcs
                0x0000000020000230       0x10 CMakeFiles/blink-led.dir/home/ivan/raspberry-pi-pico/pico/pico-sdk/src/rp2_common/pico_bit_ops/bit_ops_aeabi.S.obj
                0x0000000020000230                aeabi_bits_funcs
                0x0000000020000240                aeabi_bits_funcs_end
 .data.aeabi_mem_funcs
                0x0000000020000240       0x10 CMakeFiles/blink-led.dir/home/ivan/raspberry-pi-pico/pico/pico-sdk/src/rp2_common/pico_mem_ops/mem_ops_aeabi.S.obj
                0x0000000020000240                aeabi_mem_funcs
                0x0000000020000250                aeabi_mem_funcs_end
 .data.stdio_uart
                0x0000000020000250       0x14 CMakeFiles/blink-led.dir/home/ivan/raspberry-pi-pico/pico/pico-sdk/src/rp2_common/pico_stdio_uart/stdio_uart.c.obj
                0x0000000020000250                stdio_uart
                0x0000000020000264                . = ALIGN (0x4)
 *(.after_data.*)
                0x0000000020000264                . = ALIGN (0x4)
                0x0000000020000264                PROVIDE (__mutex_array_start = .)
 *(SORT_BY_NAME(.mutex_array.*))
 *(.mutex_array)
 .mutex_array   0x0000000020000264        0x8 CMakeFiles/blink-led.dir/home/ivan/raspberry-pi-pico/pico/pico-sdk/src/rp2_common/pico_stdio/stdio.c.obj
                0x000000002000026c                PROVIDE (__mutex_array_end = .)
                0x000000002000026c                . = ALIGN (0x4)
                0x000000002000026c                PROVIDE (__preinit_array_start = .)
 *(SORT_BY_NAME(.preinit_array.*))
 .preinit_array.00001
                0x000000002000026c        0x4 CMakeFiles/blink-led.dir/home/ivan/raspberry-pi-pico/pico/pico-sdk/src/rp2_common/pico_mem_ops/mem_ops_aeabi.S.obj
 .preinit_array.00010
                0x0000000020000270        0x4 CMakeFiles/blink-led.dir/home/ivan/raspberry-pi-pico/pico/pico-sdk/src/rp2_common/pico_bit_ops/bit_ops_aeabi.S.obj
 .preinit_array.00020
                0x0000000020000274        0x4 CMakeFiles/blink-led.dir/home/ivan/raspberry-pi-pico/pico/pico-sdk/src/rp2_common/pico_double/double_aeabi.S.obj
 .preinit_array.00020
                0x0000000020000278        0x4 CMakeFiles/blink-led.dir/home/ivan/raspberry-pi-pico/pico/pico-sdk/src/rp2_common/pico_float/float_aeabi.S.obj
 *(.preinit_array)
                0x000000002000027c                PROVIDE (__preinit_array_end = .)
                0x000000002000027c                . = ALIGN (0x4)
                0x000000002000027c                PROVIDE (__init_array_start = .)
 *(SORT_BY_NAME(.init_array.*))
 *(.init_array)
 .init_array    0x000000002000027c        0x4 /usr/lib/gcc/arm-none-eabi/9.2.1/thumb/v6-m/nofp/crtbegin.o
                0x0000000020000280                PROVIDE (__init_array_end = .)
                0x0000000020000280                . = ALIGN (0x4)
                0x0000000020000280                PROVIDE (__fini_array_start = .)
 *(SORT_BY_NAME(.fini_array.*))
 *(.fini_array)
                0x0000000020000280                PROVIDE (__fini_array_end = .)
 *(.jcr)
                0x0000000020000280                . = ALIGN (0x4)
                0x0000000020000280                __data_end__ = .

.tm_clone_table
                0x0000000020000280        0x0 load address 0x0000000010005498
 .tm_clone_table
                0x0000000020000280        0x0 /usr/lib/gcc/arm-none-eabi/9.2.1/thumb/v6-m/nofp/crtbegin.o
 .tm_clone_table
                0x0000000020000280        0x0 /usr/lib/gcc/arm-none-eabi/9.2.1/thumb/v6-m/nofp/crtend.o

.igot.plt       0x0000000020000280        0x0 load address 0x0000000010005498
 .igot.plt      0x0000000020000280        0x0 /usr/lib/gcc/arm-none-eabi/9.2.1/thumb/v6-m/nofp/crtbegin.o

.uninitialized_data
                0x0000000020000280        0x0 load address 0x0000000010005498
                0x0000000020000280                . = ALIGN (0x4)
 *(.uninitialized_data*)

.scratch_x      0x0000000020040000        0x0 load address 0x0000000010005498
                0x0000000020040000                __scratch_x_start__ = .
 *(.scratch_x.*)
                0x0000000020040000                . = ALIGN (0x4)
                0x0000000020040000                __scratch_x_end__ = .
                0x0000000010005498                __scratch_x_source__ = LOADADDR (.scratch_x)

.scratch_y      0x0000000020041000        0x0 load address 0x0000000010005498
                0x0000000020041000                __scratch_y_start__ = .
 *(.scratch_y.*)
                0x0000000020041000                . = ALIGN (0x4)
                0x0000000020041000                __scratch_y_end__ = .
                0x0000000010005498                __scratch_y_source__ = LOADADDR (.scratch_y)

.bss            0x0000000020000280      0x3d0
                0x0000000020000280                . = ALIGN (0x4)
                0x0000000020000280                __bss_start__ = .
 *(SORT_BY_ALIGNMENT(SORT_BY_NAME(.bss*)))
 .bss.default_alarm_pool_entries
                0x0000000020000280      0x100 CMakeFiles/blink-led.dir/home/ivan/raspberry-pi-pico/pico/pico-sdk/src/common/pico_time/time.c.obj
 .bss           0x0000000020000380       0x1c /usr/lib/gcc/arm-none-eabi/9.2.1/thumb/v6-m/nofp/crtbegin.o
 .bss.alarm_callbacks
                0x000000002000039c       0x10 CMakeFiles/blink-led.dir/home/ivan/raspberry-pi-pico/pico/pico-sdk/src/rp2_common/hardware_timer/timer.c.obj
 .bss.configured_freq
                0x00000000200003ac       0x28 CMakeFiles/blink-led.dir/home/ivan/raspberry-pi-pico/pico/pico-sdk/src/rp2_common/hardware_clocks/clocks.c.obj
 .bss.default_alarm_pool_entry_ids_high
                0x00000000200003d4       0x10 CMakeFiles/blink-led.dir/home/ivan/raspberry-pi-pico/pico/pico-sdk/src/common/pico_time/time.c.obj
 .bss.default_alarm_pool_heap_nodes
                0x00000000200003e4       0x30 CMakeFiles/blink-led.dir/home/ivan/raspberry-pi-pico/pico/pico-sdk/src/common/pico_time/time.c.obj
 .bss.drivers   0x0000000020000414        0x4 CMakeFiles/blink-led.dir/home/ivan/raspberry-pi-pico/pico/pico-sdk/src/rp2_common/pico_stdio/stdio.c.obj
 .bss.filter    0x0000000020000418        0x4 CMakeFiles/blink-led.dir/home/ivan/raspberry-pi-pico/pico/pico-sdk/src/rp2_common/pico_stdio/stdio.c.obj
 .bss.pools     0x000000002000041c       0x10 CMakeFiles/blink-led.dir/home/ivan/raspberry-pi-pico/pico/pico-sdk/src/common/pico_time/time.c.obj
 .bss.sf_clz_func
                0x000000002000042c        0x4 CMakeFiles/blink-led.dir/home/ivan/raspberry-pi-pico/pico/pico-sdk/src/rp2_common/pico_double/double_init_rom.c.obj
                0x000000002000042c                sf_clz_func
 .bss.sleep_notifier
                0x0000000020000430        0x4 CMakeFiles/blink-led.dir/home/ivan/raspberry-pi-pico/pico/pico-sdk/src/common/pico_time/time.c.obj
 .bss.target_hi
                0x0000000020000434       0x10 CMakeFiles/blink-led.dir/home/ivan/raspberry-pi-pico/pico/pico-sdk/src/rp2_common/hardware_timer/timer.c.obj
 .bss.uart_instance
                0x0000000020000444        0x4 CMakeFiles/blink-led.dir/home/ivan/raspberry-pi-pico/pico/pico-sdk/src/rp2_common/pico_stdio_uart/stdio_uart.c.obj
 .bss.claimed   0x0000000020000448        0x1 CMakeFiles/blink-led.dir/home/ivan/raspberry-pi-pico/pico/pico-sdk/src/rp2_common/hardware_timer/timer.c.obj
 .bss.irq_hander_chain_free_slot_head
                0x0000000020000449        0x1 CMakeFiles/blink-led.dir/home/ivan/raspberry-pi-pico/pico/pico-sdk/src/rp2_common/hardware_irq/irq.c.obj
 .bss.timer_callbacks_pending
                0x000000002000044a        0x1 CMakeFiles/blink-led.dir/home/ivan/raspberry-pi-pico/pico/pico-sdk/src/rp2_common/hardware_timer/timer.c.obj
 *(COMMON)
 *fill*         0x000000002000044b        0x1 
 COMMON         0x000000002000044c        0x4 CMakeFiles/blink-led.dir/home/ivan/raspberry-pi-pico/pico/pico-sdk/src/rp2_common/hardware_uart/uart.c.obj
                0x000000002000044c                uart_char_to_line_feed
 COMMON         0x0000000020000450      0x100 CMakeFiles/blink-led.dir/home/ivan/raspberry-pi-pico/pico/pico-sdk/src/rp2_common/pico_double/double_init_rom.c.obj
                0x0000000020000450                sd_table
 COMMON         0x0000000020000550      0x100 CMakeFiles/blink-led.dir/home/ivan/raspberry-pi-pico/pico/pico-sdk/src/rp2_common/pico_float/float_init_rom.c.obj
                0x0000000020000550                sf_table
                0x0000000020000650                . = ALIGN (0x4)
                0x0000000020000650                __bss_end__ = .

.heap           0x0000000020000650      0x800
                0x0000000020000650                __end__ = .
                0x0000000020000650                end = __end__
 *(.heap*)
 .heap          0x0000000020000650      0x800 CMakeFiles/blink-led.dir/home/ivan/raspberry-pi-pico/pico/pico-sdk/src/rp2_common/pico_standard_link/crt0.S.obj
                0x0000000020000e50                __HeapLimit = .

.stack1_dummy   0x0000000020040000        0x0
 *(.stack1*)

.stack_dummy    0x0000000020041000      0x800
 *(.stack*)
 .stack         0x0000000020041000      0x800 CMakeFiles/blink-led.dir/home/ivan/raspberry-pi-pico/pico/pico-sdk/src/rp2_common/pico_standard_link/crt0.S.obj

.flash_end      0x0000000010005498        0x0
                0x0000000010005498                __flash_binary_end = .
                0x0000000020040000                __StackLimit = (ORIGIN (RAM) + LENGTH (RAM))
                0x0000000020041000                __StackOneTop = (ORIGIN (SCRATCH_X) + LENGTH (SCRATCH_X))
                0x0000000020042000                __StackTop = (ORIGIN (SCRATCH_Y) + LENGTH (SCRATCH_Y))
                0x0000000020041000                __StackOneBottom = (__StackOneTop - SIZEOF (.stack1_dummy))
                0x0000000020041800                __StackBottom = (__StackTop - SIZEOF (.stack_dummy))
                0x0000000020042000                PROVIDE (__stack = __StackTop)
                0x0000000000000001                ASSERT ((__StackLimit >= __HeapLimit), region RAM overflowed)
                0x0000000000000001                ASSERT (((__binary_info_header_end - __logical_binary_start) <= 0x100), Binary info must be in first 256 bytes of the binary)
LOAD CMakeFiles/blink-led.dir/main.c.obj
LOAD CMakeFiles/blink-led.dir/home/ivan/raspberry-pi-pico/pico/pico-sdk/src/rp2_common/pico_stdlib/stdlib.c.obj
LOAD CMakeFiles/blink-led.dir/home/ivan/raspberry-pi-pico/pico/pico-sdk/src/rp2_common/hardware_gpio/gpio.c.obj
LOAD CMakeFiles/blink-led.dir/home/ivan/raspberry-pi-pico/pico/pico-sdk/src/rp2_common/hardware_claim/claim.c.obj
LOAD CMakeFiles/blink-led.dir/home/ivan/raspberry-pi-pico/pico/pico-sdk/src/rp2_common/pico_platform/platform.c.obj
LOAD CMakeFiles/blink-led.dir/home/ivan/raspberry-pi-pico/pico/pico-sdk/src/rp2_common/hardware_sync/sync.c.obj
LOAD CMakeFiles/blink-led.dir/home/ivan/raspberry-pi-pico/pico/pico-sdk/src/rp2_common/hardware_uart/uart.c.obj
LOAD CMakeFiles/blink-led.dir/home/ivan/raspberry-pi-pico/pico/pico-sdk/src/rp2_common/hardware_divider/divider.S.obj
LOAD CMakeFiles/blink-led.dir/home/ivan/raspberry-pi-pico/pico/pico-sdk/src/common/pico_time/time.c.obj
LOAD CMakeFiles/blink-led.dir/home/ivan/raspberry-pi-pico/pico/pico-sdk/src/common/pico_time/timeout_helper.c.obj
LOAD CMakeFiles/blink-led.dir/home/ivan/raspberry-pi-pico/pico/pico-sdk/src/rp2_common/hardware_timer/timer.c.obj
LOAD CMakeFiles/blink-led.dir/home/ivan/raspberry-pi-pico/pico/pico-sdk/src/common/pico_sync/sem.c.obj
LOAD CMakeFiles/blink-led.dir/home/ivan/raspberry-pi-pico/pico/pico-sdk/src/common/pico_sync/lock_core.c.obj
LOAD CMakeFiles/blink-led.dir/home/ivan/raspberry-pi-pico/pico/pico-sdk/src/common/pico_sync/mutex.c.obj
LOAD CMakeFiles/blink-led.dir/home/ivan/raspberry-pi-pico/pico/pico-sdk/src/common/pico_sync/critical_section.c.obj
LOAD CMakeFiles/blink-led.dir/home/ivan/raspberry-pi-pico/pico/pico-sdk/src/common/pico_util/datetime.c.obj
LOAD CMakeFiles/blink-led.dir/home/ivan/raspberry-pi-pico/pico/pico-sdk/src/common/pico_util/pheap.c.obj
LOAD CMakeFiles/blink-led.dir/home/ivan/raspberry-pi-pico/pico/pico-sdk/src/common/pico_util/queue.c.obj
LOAD CMakeFiles/blink-led.dir/home/ivan/raspberry-pi-pico/pico/pico-sdk/src/rp2_common/pico_runtime/runtime.c.obj
LOAD CMakeFiles/blink-led.dir/home/ivan/raspberry-pi-pico/pico/pico-sdk/src/rp2_common/hardware_clocks/clocks.c.obj
LOAD CMakeFiles/blink-led.dir/home/ivan/raspberry-pi-pico/pico/pico-sdk/src/rp2_common/hardware_irq/irq.c.obj
LOAD CMakeFiles/blink-led.dir/home/ivan/raspberry-pi-pico/pico/pico-sdk/src/rp2_common/hardware_irq/irq_handler_chain.S.obj
LOAD CMakeFiles/blink-led.dir/home/ivan/raspberry-pi-pico/pico/pico-sdk/src/rp2_common/hardware_pll/pll.c.obj
LOAD CMakeFiles/blink-led.dir/home/ivan/raspberry-pi-pico/pico/pico-sdk/src/rp2_common/hardware_vreg/vreg.c.obj
LOAD CMakeFiles/blink-led.dir/home/ivan/raspberry-pi-pico/pico/pico-sdk/src/rp2_common/hardware_watchdog/watchdog.c.obj
LOAD CMakeFiles/blink-led.dir/home/ivan/raspberry-pi-pico/pico/pico-sdk/src/rp2_common/hardware_xosc/xosc.c.obj
LOAD CMakeFiles/blink-led.dir/home/ivan/raspberry-pi-pico/pico/pico-sdk/src/rp2_common/pico_printf/printf.c.obj
LOAD CMakeFiles/blink-led.dir/home/ivan/raspberry-pi-pico/pico/pico-sdk/src/rp2_common/pico_bit_ops/bit_ops_aeabi.S.obj
LOAD CMakeFiles/blink-led.dir/home/ivan/raspberry-pi-pico/pico/pico-sdk/src/rp2_common/pico_bootrom/bootrom.c.obj
LOAD CMakeFiles/blink-led.dir/home/ivan/raspberry-pi-pico/pico/pico-sdk/src/rp2_common/pico_divider/divider.S.obj
LOAD CMakeFiles/blink-led.dir/home/ivan/raspberry-pi-pico/pico/pico-sdk/src/rp2_common/pico_double/double_aeabi.S.obj
LOAD CMakeFiles/blink-led.dir/home/ivan/raspberry-pi-pico/pico/pico-sdk/src/rp2_common/pico_double/double_init_rom.c.obj
LOAD CMakeFiles/blink-led.dir/home/ivan/raspberry-pi-pico/pico/pico-sdk/src/rp2_common/pico_double/double_math.c.obj
LOAD CMakeFiles/blink-led.dir/home/ivan/raspberry-pi-pico/pico/pico-sdk/src/rp2_common/pico_double/double_v1_rom_shim.S.obj
LOAD CMakeFiles/blink-led.dir/home/ivan/raspberry-pi-pico/pico/pico-sdk/src/rp2_common/pico_int64_ops/pico_int64_ops_aeabi.S.obj
LOAD CMakeFiles/blink-led.dir/home/ivan/raspberry-pi-pico/pico/pico-sdk/src/rp2_common/pico_float/float_aeabi.S.obj
LOAD CMakeFiles/blink-led.dir/home/ivan/raspberry-pi-pico/pico/pico-sdk/src/rp2_common/pico_float/float_init_rom.c.obj
LOAD CMakeFiles/blink-led.dir/home/ivan/raspberry-pi-pico/pico/pico-sdk/src/rp2_common/pico_float/float_math.c.obj
LOAD CMakeFiles/blink-led.dir/home/ivan/raspberry-pi-pico/pico/pico-sdk/src/rp2_common/pico_float/float_v1_rom_shim.S.obj
LOAD CMakeFiles/blink-led.dir/home/ivan/raspberry-pi-pico/pico/pico-sdk/src/rp2_common/pico_malloc/pico_malloc.c.obj
LOAD CMakeFiles/blink-led.dir/home/ivan/raspberry-pi-pico/pico/pico-sdk/src/rp2_common/pico_mem_ops/mem_ops_aeabi.S.obj
LOAD CMakeFiles/blink-led.dir/home/ivan/raspberry-pi-pico/pico/pico-sdk/src/rp2_common/pico_standard_link/crt0.S.obj
LOAD CMakeFiles/blink-led.dir/home/ivan/raspberry-pi-pico/pico/pico-sdk/src/rp2_common/pico_standard_link/new_delete.cpp.obj
LOAD CMakeFiles/blink-led.dir/home/ivan/raspberry-pi-pico/pico/pico-sdk/src/rp2_common/pico_standard_link/binary_info.c.obj
LOAD CMakeFiles/blink-led.dir/home/ivan/raspberry-pi-pico/pico/pico-sdk/src/rp2_common/pico_stdio/stdio.c.obj
LOAD CMakeFiles/blink-led.dir/home/ivan/raspberry-pi-pico/pico/pico-sdk/src/rp2_common/pico_stdio_uart/stdio_uart.c.obj
LOAD /tmp/ccJsB5oR.o
LOAD /usr/lib/gcc/arm-none-eabi/9.2.1/../../../arm-none-eabi/lib/thumb/v6-m/nofp/libstdc++.a
LOAD /usr/lib/gcc/arm-none-eabi/9.2.1/../../../arm-none-eabi/lib/thumb/v6-m/nofp/libm.a
START GROUP
LOAD /usr/lib/gcc/arm-none-eabi/9.2.1/thumb/v6-m/nofp/libgcc.a
LOAD /usr/lib/gcc/arm-none-eabi/9.2.1/../../../arm-none-eabi/lib/thumb/v6-m/nofp/libg.a
LOAD /usr/lib/gcc/arm-none-eabi/9.2.1/../../../arm-none-eabi/lib/thumb/v6-m/nofp/libc.a
END GROUP
START GROUP
LOAD /usr/lib/gcc/arm-none-eabi/9.2.1/thumb/v6-m/nofp/libgcc.a
LOAD /usr/lib/gcc/arm-none-eabi/9.2.1/../../../arm-none-eabi/lib/thumb/v6-m/nofp/libc.a
LOAD /usr/lib/gcc/arm-none-eabi/9.2.1/../../../arm-none-eabi/lib/thumb/v6-m/nofp/libnosys.a
END GROUP
LOAD /usr/lib/gcc/arm-none-eabi/9.2.1/thumb/v6-m/nofp/crtend.o
LOAD /usr/lib/gcc/arm-none-eabi/9.2.1/thumb/v6-m/nofp/crtn.o
OUTPUT(blink-led.elf elf32-littlearm)
LOAD linker stubs

.ARM.attributes
                0x0000000000000000       0x28
 .ARM.attributes
                0x0000000000000000       0x1e /usr/lib/gcc/arm-none-eabi/9.2.1/thumb/v6-m/nofp/crti.o
 .ARM.attributes
                0x000000000000001e       0x2c /usr/lib/gcc/arm-none-eabi/9.2.1/thumb/v6-m/nofp/crtbegin.o
 .ARM.attributes
                0x000000000000004a       0x2c CMakeFiles/blink-led.dir/main.c.obj
 .ARM.attributes
                0x0000000000000076       0x2c CMakeFiles/blink-led.dir/home/ivan/raspberry-pi-pico/pico/pico-sdk/src/rp2_common/hardware_gpio/gpio.c.obj
 .ARM.attributes
                0x00000000000000a2       0x2c CMakeFiles/blink-led.dir/home/ivan/raspberry-pi-pico/pico/pico-sdk/src/rp2_common/hardware_claim/claim.c.obj
 .ARM.attributes
                0x00000000000000ce       0x2c CMakeFiles/blink-led.dir/home/ivan/raspberry-pi-pico/pico/pico-sdk/src/rp2_common/pico_platform/platform.c.obj
 .ARM.attributes
                0x00000000000000fa       0x2c CMakeFiles/blink-led.dir/home/ivan/raspberry-pi-pico/pico/pico-sdk/src/rp2_common/hardware_sync/sync.c.obj
 .ARM.attributes
                0x0000000000000126       0x2c CMakeFiles/blink-led.dir/home/ivan/raspberry-pi-pico/pico/pico-sdk/src/rp2_common/hardware_uart/uart.c.obj
 .ARM.attributes
                0x0000000000000152       0x2c CMakeFiles/blink-led.dir/home/ivan/raspberry-pi-pico/pico/pico-sdk/src/common/pico_time/time.c.obj
 .ARM.attributes
                0x000000000000017e       0x2c CMakeFiles/blink-led.dir/home/ivan/raspberry-pi-pico/pico/pico-sdk/src/rp2_common/hardware_timer/timer.c.obj
 .ARM.attributes
                0x00000000000001aa       0x2c CMakeFiles/blink-led.dir/home/ivan/raspberry-pi-pico/pico/pico-sdk/src/common/pico_sync/lock_core.c.obj
 .ARM.attributes
                0x00000000000001d6       0x2c CMakeFiles/blink-led.dir/home/ivan/raspberry-pi-pico/pico/pico-sdk/src/common/pico_sync/mutex.c.obj
 .ARM.attributes
                0x0000000000000202       0x2c CMakeFiles/blink-led.dir/home/ivan/raspberry-pi-pico/pico/pico-sdk/src/common/pico_util/pheap.c.obj
 .ARM.attributes
                0x000000000000022e       0x2c CMakeFiles/blink-led.dir/home/ivan/raspberry-pi-pico/pico/pico-sdk/src/rp2_common/pico_runtime/runtime.c.obj
 .ARM.attributes
                0x000000000000025a       0x2c CMakeFiles/blink-led.dir/home/ivan/raspberry-pi-pico/pico/pico-sdk/src/rp2_common/hardware_clocks/clocks.c.obj
 .ARM.attributes
                0x0000000000000286       0x2c CMakeFiles/blink-led.dir/home/ivan/raspberry-pi-pico/pico/pico-sdk/src/rp2_common/hardware_irq/irq.c.obj
 .ARM.attributes
                0x00000000000002b2       0x22 CMakeFiles/blink-led.dir/home/ivan/raspberry-pi-pico/pico/pico-sdk/src/rp2_common/hardware_irq/irq_handler_chain.S.obj
 .ARM.attributes
                0x00000000000002d4       0x2c CMakeFiles/blink-led.dir/home/ivan/raspberry-pi-pico/pico/pico-sdk/src/rp2_common/hardware_pll/pll.c.obj
 .ARM.attributes
                0x0000000000000300       0x2c CMakeFiles/blink-led.dir/home/ivan/raspberry-pi-pico/pico/pico-sdk/src/rp2_common/hardware_watchdog/watchdog.c.obj
 .ARM.attributes
                0x000000000000032c       0x2c CMakeFiles/blink-led.dir/home/ivan/raspberry-pi-pico/pico/pico-sdk/src/rp2_common/hardware_xosc/xosc.c.obj
 .ARM.attributes
                0x0000000000000358       0x2c CMakeFiles/blink-led.dir/home/ivan/raspberry-pi-pico/pico/pico-sdk/src/rp2_common/pico_printf/printf.c.obj
 .ARM.attributes
                0x0000000000000384       0x22 CMakeFiles/blink-led.dir/home/ivan/raspberry-pi-pico/pico/pico-sdk/src/rp2_common/pico_bit_ops/bit_ops_aeabi.S.obj
 .ARM.attributes
                0x00000000000003a6       0x2c CMakeFiles/blink-led.dir/home/ivan/raspberry-pi-pico/pico/pico-sdk/src/rp2_common/pico_bootrom/bootrom.c.obj
 .ARM.attributes
                0x00000000000003d2       0x22 CMakeFiles/blink-led.dir/home/ivan/raspberry-pi-pico/pico/pico-sdk/src/rp2_common/pico_divider/divider.S.obj
 .ARM.attributes
                0x00000000000003f4       0x22 CMakeFiles/blink-led.dir/home/ivan/raspberry-pi-pico/pico/pico-sdk/src/rp2_common/pico_double/double_aeabi.S.obj
 .ARM.attributes
                0x0000000000000416       0x2c CMakeFiles/blink-led.dir/home/ivan/raspberry-pi-pico/pico/pico-sdk/src/rp2_common/pico_double/double_init_rom.c.obj
 .ARM.attributes
                0x0000000000000442       0x22 CMakeFiles/blink-led.dir/home/ivan/raspberry-pi-pico/pico/pico-sdk/src/rp2_common/pico_double/double_v1_rom_shim.S.obj
 .ARM.attributes
                0x0000000000000464       0x22 CMakeFiles/blink-led.dir/home/ivan/raspberry-pi-pico/pico/pico-sdk/src/rp2_common/pico_int64_ops/pico_int64_ops_aeabi.S.obj
 .ARM.attributes
                0x0000000000000486       0x22 CMakeFiles/blink-led.dir/home/ivan/raspberry-pi-pico/pico/pico-sdk/src/rp2_common/pico_float/float_aeabi.S.obj
 .ARM.attributes
                0x00000000000004a8       0x2c CMakeFiles/blink-led.dir/home/ivan/raspberry-pi-pico/pico/pico-sdk/src/rp2_common/pico_float/float_init_rom.c.obj
 .ARM.attributes
                0x00000000000004d4       0x22 CMakeFiles/blink-led.dir/home/ivan/raspberry-pi-pico/pico/pico-sdk/src/rp2_common/pico_float/float_v1_rom_shim.S.obj
 .ARM.attributes
                0x00000000000004f6       0x22 CMakeFiles/blink-led.dir/home/ivan/raspberry-pi-pico/pico/pico-sdk/src/rp2_common/pico_mem_ops/mem_ops_aeabi.S.obj
 .ARM.attributes
                0x0000000000000518       0x22 CMakeFiles/blink-led.dir/home/ivan/raspberry-pi-pico/pico/pico-sdk/src/rp2_common/pico_standard_link/crt0.S.obj
 .ARM.attributes
                0x000000000000053a       0x32 CMakeFiles/blink-led.dir/home/ivan/raspberry-pi-pico/pico/pico-sdk/src/rp2_common/pico_standard_link/binary_info.c.obj
 .ARM.attributes
                0x000000000000056c       0x2c CMakeFiles/blink-led.dir/home/ivan/raspberry-pi-pico/pico/pico-sdk/src/rp2_common/pico_stdio/stdio.c.obj
 .ARM.attributes
                0x0000000000000598       0x2c CMakeFiles/blink-led.dir/home/ivan/raspberry-pi-pico/pico/pico-sdk/src/rp2_common/pico_stdio_uart/stdio_uart.c.obj
 .ARM.attributes
                0x00000000000005c4       0x22 /tmp/ccJsB5oR.o
 .ARM.attributes
                0x00000000000005e6       0x1e /usr/lib/gcc/arm-none-eabi/9.2.1/thumb/v6-m/nofp/libgcc.a(_dvmd_tls.o)
 .ARM.attributes
                0x0000000000000604       0x2c /usr/lib/gcc/arm-none-eabi/9.2.1/../../../arm-none-eabi/lib/thumb/v6-m/nofp/libg.a(lib_a-strlen-stub.o)
 .ARM.attributes
                0x0000000000000630       0x2c /usr/lib/gcc/arm-none-eabi/9.2.1/thumb/v6-m/nofp/crtend.o

.comment        0x0000000000000000       0xa7
 .comment       0x0000000000000000       0x59 /usr/lib/gcc/arm-none-eabi/9.2.1/thumb/v6-m/nofp/crtbegin.o
                                         0x5a (size before relaxing)
 .comment       0x0000000000000059       0x5a CMakeFiles/blink-led.dir/main.c.obj
 .comment       0x0000000000000059       0x5a CMakeFiles/blink-led.dir/home/ivan/raspberry-pi-pico/pico/pico-sdk/src/rp2_common/hardware_gpio/gpio.c.obj
 .comment       0x0000000000000059       0x5a CMakeFiles/blink-led.dir/home/ivan/raspberry-pi-pico/pico/pico-sdk/src/rp2_common/hardware_claim/claim.c.obj
 .comment       0x0000000000000059       0x5a CMakeFiles/blink-led.dir/home/ivan/raspberry-pi-pico/pico/pico-sdk/src/rp2_common/pico_platform/platform.c.obj
 .comment       0x0000000000000059       0x5a CMakeFiles/blink-led.dir/home/ivan/raspberry-pi-pico/pico/pico-sdk/src/rp2_common/hardware_sync/sync.c.obj
 .comment       0x0000000000000059       0x5a CMakeFiles/blink-led.dir/home/ivan/raspberry-pi-pico/pico/pico-sdk/src/rp2_common/hardware_uart/uart.c.obj
 .comment       0x0000000000000059       0x5a CMakeFiles/blink-led.dir/home/ivan/raspberry-pi-pico/pico/pico-sdk/src/common/pico_time/time.c.obj
 .comment       0x0000000000000059       0x5a CMakeFiles/blink-led.dir/home/ivan/raspberry-pi-pico/pico/pico-sdk/src/rp2_common/hardware_timer/timer.c.obj
 .comment       0x0000000000000059       0x5a CMakeFiles/blink-led.dir/home/ivan/raspberry-pi-pico/pico/pico-sdk/src/common/pico_sync/lock_core.c.obj
 .comment       0x0000000000000059       0x5a CMakeFiles/blink-led.dir/home/ivan/raspberry-pi-pico/pico/pico-sdk/src/common/pico_sync/mutex.c.obj
 .comment       0x0000000000000059       0x5a CMakeFiles/blink-led.dir/home/ivan/raspberry-pi-pico/pico/pico-sdk/src/common/pico_util/pheap.c.obj
 .comment       0x0000000000000059       0x5a CMakeFiles/blink-led.dir/home/ivan/raspberry-pi-pico/pico/pico-sdk/src/rp2_common/pico_runtime/runtime.c.obj
 .comment       0x0000000000000059       0x5a CMakeFiles/blink-led.dir/home/ivan/raspberry-pi-pico/pico/pico-sdk/src/rp2_common/hardware_clocks/clocks.c.obj
 .comment       0x0000000000000059       0x5a CMakeFiles/blink-led.dir/home/ivan/raspberry-pi-pico/pico/pico-sdk/src/rp2_common/hardware_irq/irq.c.obj
 .comment       0x0000000000000059       0x5a CMakeFiles/blink-led.dir/home/ivan/raspberry-pi-pico/pico/pico-sdk/src/rp2_common/hardware_pll/pll.c.obj
 .comment       0x0000000000000059       0x5a CMakeFiles/blink-led.dir/home/ivan/raspberry-pi-pico/pico/pico-sdk/src/rp2_common/hardware_watchdog/watchdog.c.obj
 .comment       0x0000000000000059       0x5a CMakeFiles/blink-led.dir/home/ivan/raspberry-pi-pico/pico/pico-sdk/src/rp2_common/hardware_xosc/xosc.c.obj
 .comment       0x0000000000000059       0x5a CMakeFiles/blink-led.dir/home/ivan/raspberry-pi-pico/pico/pico-sdk/src/rp2_common/pico_printf/printf.c.obj
 .comment       0x0000000000000059       0x5a CMakeFiles/blink-led.dir/home/ivan/raspberry-pi-pico/pico/pico-sdk/src/rp2_common/pico_bootrom/bootrom.c.obj
 .comment       0x0000000000000059       0x5a CMakeFiles/blink-led.dir/home/ivan/raspberry-pi-pico/pico/pico-sdk/src/rp2_common/pico_double/double_init_rom.c.obj
 .comment       0x0000000000000059       0x5a CMakeFiles/blink-led.dir/home/ivan/raspberry-pi-pico/pico/pico-sdk/src/rp2_common/pico_float/float_init_rom.c.obj
 .comment       0x0000000000000059       0x5a CMakeFiles/blink-led.dir/home/ivan/raspberry-pi-pico/pico/pico-sdk/src/rp2_common/pico_standard_link/binary_info.c.obj
 .comment       0x0000000000000059       0x5a CMakeFiles/blink-led.dir/home/ivan/raspberry-pi-pico/pico/pico-sdk/src/rp2_common/pico_stdio/stdio.c.obj
 .comment       0x0000000000000059       0x5a CMakeFiles/blink-led.dir/home/ivan/raspberry-pi-pico/pico/pico-sdk/src/rp2_common/pico_stdio_uart/stdio_uart.c.obj
 .comment       0x0000000000000059       0x4e /usr/lib/gcc/arm-none-eabi/9.2.1/../../../arm-none-eabi/lib/thumb/v6-m/nofp/libg.a(lib_a-strlen-stub.o)
                                         0x4f (size before relaxing)
 .comment       0x00000000000000a7       0x5a /usr/lib/gcc/arm-none-eabi/9.2.1/thumb/v6-m/nofp/crtend.o

.debug_info     0x0000000000000000    0x185e9
 .debug_info    0x0000000000000000      0x9f5 CMakeFiles/blink-led.dir/main.c.obj
 .debug_info    0x00000000000009f5     0x14ba CMakeFiles/blink-led.dir/home/ivan/raspberry-pi-pico/pico/pico-sdk/src/rp2_common/hardware_gpio/gpio.c.obj
 .debug_info    0x0000000000001eaf      0x6a3 CMakeFiles/blink-led.dir/home/ivan/raspberry-pi-pico/pico/pico-sdk/src/rp2_common/hardware_claim/claim.c.obj
 .debug_info    0x0000000000002552      0x1cb CMakeFiles/blink-led.dir/home/ivan/raspberry-pi-pico/pico/pico-sdk/src/rp2_common/pico_platform/platform.c.obj
 .debug_info    0x000000000000271d      0x576 CMakeFiles/blink-led.dir/home/ivan/raspberry-pi-pico/pico/pico-sdk/src/rp2_common/hardware_sync/sync.c.obj
 .debug_info    0x0000000000002c93      0xb2e CMakeFiles/blink-led.dir/home/ivan/raspberry-pi-pico/pico/pico-sdk/src/rp2_common/hardware_uart/uart.c.obj
 .debug_info    0x00000000000037c1     0x435e CMakeFiles/blink-led.dir/home/ivan/raspberry-pi-pico/pico/pico-sdk/src/common/pico_time/time.c.obj
 .debug_info    0x0000000000007b1f     0x10e6 CMakeFiles/blink-led.dir/home/ivan/raspberry-pi-pico/pico/pico-sdk/src/rp2_common/hardware_timer/timer.c.obj
 .debug_info    0x0000000000008c05      0x1e4 CMakeFiles/blink-led.dir/home/ivan/raspberry-pi-pico/pico/pico-sdk/src/common/pico_sync/lock_core.c.obj
 .debug_info    0x0000000000008de9     0x1feb CMakeFiles/blink-led.dir/home/ivan/raspberry-pi-pico/pico/pico-sdk/src/common/pico_sync/mutex.c.obj
 .debug_info    0x000000000000add4     0x1aa5 CMakeFiles/blink-led.dir/home/ivan/raspberry-pi-pico/pico/pico-sdk/src/common/pico_util/pheap.c.obj
 .debug_info    0x000000000000c879     0x1355 CMakeFiles/blink-led.dir/home/ivan/raspberry-pi-pico/pico/pico-sdk/src/rp2_common/pico_runtime/runtime.c.obj
 .debug_info    0x000000000000dbce      0xf02 CMakeFiles/blink-led.dir/home/ivan/raspberry-pi-pico/pico/pico-sdk/src/rp2_common/hardware_clocks/clocks.c.obj
 .debug_info    0x000000000000ead0     0x1945 CMakeFiles/blink-led.dir/home/ivan/raspberry-pi-pico/pico/pico-sdk/src/rp2_common/hardware_irq/irq.c.obj
 .debug_info    0x0000000000010415       0x26 CMakeFiles/blink-led.dir/home/ivan/raspberry-pi-pico/pico/pico-sdk/src/rp2_common/hardware_irq/irq_handler_chain.S.obj
 .debug_info    0x000000000001043b      0x4e8 CMakeFiles/blink-led.dir/home/ivan/raspberry-pi-pico/pico/pico-sdk/src/rp2_common/hardware_pll/pll.c.obj
 .debug_info    0x0000000000010923      0xd7e CMakeFiles/blink-led.dir/home/ivan/raspberry-pi-pico/pico/pico-sdk/src/rp2_common/hardware_watchdog/watchdog.c.obj
 .debug_info    0x00000000000116a1      0x1c0 CMakeFiles/blink-led.dir/home/ivan/raspberry-pi-pico/pico/pico-sdk/src/rp2_common/hardware_xosc/xosc.c.obj
 .debug_info    0x0000000000011861     0x1fbf CMakeFiles/blink-led.dir/home/ivan/raspberry-pi-pico/pico/pico-sdk/src/rp2_common/pico_printf/printf.c.obj
 .debug_info    0x0000000000013820       0x22 CMakeFiles/blink-led.dir/home/ivan/raspberry-pi-pico/pico/pico-sdk/src/rp2_common/pico_bit_ops/bit_ops_aeabi.S.obj
 .debug_info    0x0000000000013842      0x258 CMakeFiles/blink-led.dir/home/ivan/raspberry-pi-pico/pico/pico-sdk/src/rp2_common/pico_bootrom/bootrom.c.obj
 .debug_info    0x0000000000013a9a       0x22 CMakeFiles/blink-led.dir/home/ivan/raspberry-pi-pico/pico/pico-sdk/src/rp2_common/pico_divider/divider.S.obj
 .debug_info    0x0000000000013abc       0x22 CMakeFiles/blink-led.dir/home/ivan/raspberry-pi-pico/pico/pico-sdk/src/rp2_common/pico_double/double_aeabi.S.obj
 .debug_info    0x0000000000013ade      0xb2a CMakeFiles/blink-led.dir/home/ivan/raspberry-pi-pico/pico/pico-sdk/src/rp2_common/pico_double/double_init_rom.c.obj
 .debug_info    0x0000000000014608       0x22 CMakeFiles/blink-led.dir/home/ivan/raspberry-pi-pico/pico/pico-sdk/src/rp2_common/pico_double/double_v1_rom_shim.S.obj
 .debug_info    0x000000000001462a       0x26 CMakeFiles/blink-led.dir/home/ivan/raspberry-pi-pico/pico/pico-sdk/src/rp2_common/pico_int64_ops/pico_int64_ops_aeabi.S.obj
 .debug_info    0x0000000000014650       0x22 CMakeFiles/blink-led.dir/home/ivan/raspberry-pi-pico/pico/pico-sdk/src/rp2_common/pico_float/float_aeabi.S.obj
 .debug_info    0x0000000000014672      0xb44 CMakeFiles/blink-led.dir/home/ivan/raspberry-pi-pico/pico/pico-sdk/src/rp2_common/pico_float/float_init_rom.c.obj
 .debug_info    0x00000000000151b6       0x22 CMakeFiles/blink-led.dir/home/ivan/raspberry-pi-pico/pico/pico-sdk/src/rp2_common/pico_float/float_v1_rom_shim.S.obj
 .debug_info    0x00000000000151d8       0x22 CMakeFiles/blink-led.dir/home/ivan/raspberry-pi-pico/pico/pico-sdk/src/rp2_common/pico_mem_ops/mem_ops_aeabi.S.obj
 .debug_info    0x00000000000151fa       0x22 CMakeFiles/blink-led.dir/home/ivan/raspberry-pi-pico/pico/pico-sdk/src/rp2_common/pico_standard_link/crt0.S.obj
 .debug_info    0x000000000001521c      0x2c6 CMakeFiles/blink-led.dir/home/ivan/raspberry-pi-pico/pico/pico-sdk/src/rp2_common/pico_standard_link/binary_info.c.obj
 .debug_info    0x00000000000154e2     0x1b63 CMakeFiles/blink-led.dir/home/ivan/raspberry-pi-pico/pico/pico-sdk/src/rp2_common/pico_stdio/stdio.c.obj
 .debug_info    0x0000000000017045      0xc0b CMakeFiles/blink-led.dir/home/ivan/raspberry-pi-pico/pico/pico-sdk/src/rp2_common/pico_stdio_uart/stdio_uart.c.obj
 .debug_info    0x0000000000017c50       0x26 /usr/lib/gcc/arm-none-eabi/9.2.1/thumb/v6-m/nofp/libgcc.a(_dvmd_tls.o)
 .debug_info    0x0000000000017c76      0x973 /usr/lib/gcc/arm-none-eabi/9.2.1/../../../arm-none-eabi/lib/thumb/v6-m/nofp/libg.a(lib_a-strlen-stub.o)

.debug_abbrev   0x0000000000000000     0x4b0d
 .debug_abbrev  0x0000000000000000      0x224 CMakeFiles/blink-led.dir/main.c.obj
 .debug_abbrev  0x0000000000000224      0x2c4 CMakeFiles/blink-led.dir/home/ivan/raspberry-pi-pico/pico/pico-sdk/src/rp2_common/hardware_gpio/gpio.c.obj
 .debug_abbrev  0x00000000000004e8      0x2e9 CMakeFiles/blink-led.dir/home/ivan/raspberry-pi-pico/pico/pico-sdk/src/rp2_common/hardware_claim/claim.c.obj
 .debug_abbrev  0x00000000000007d1       0xeb CMakeFiles/blink-led.dir/home/ivan/raspberry-pi-pico/pico/pico-sdk/src/rp2_common/pico_platform/platform.c.obj
 .debug_abbrev  0x00000000000008bc      0x21b CMakeFiles/blink-led.dir/home/ivan/raspberry-pi-pico/pico/pico-sdk/src/rp2_common/hardware_sync/sync.c.obj
 .debug_abbrev  0x0000000000000ad7      0x2d8 CMakeFiles/blink-led.dir/home/ivan/raspberry-pi-pico/pico/pico-sdk/src/rp2_common/hardware_uart/uart.c.obj
 .debug_abbrev  0x0000000000000daf      0x628 CMakeFiles/blink-led.dir/home/ivan/raspberry-pi-pico/pico/pico-sdk/src/common/pico_time/time.c.obj
 .debug_abbrev  0x00000000000013d7      0x3b1 CMakeFiles/blink-led.dir/home/ivan/raspberry-pi-pico/pico/pico-sdk/src/rp2_common/hardware_timer/timer.c.obj
 .debug_abbrev  0x0000000000001788      0x138 CMakeFiles/blink-led.dir/home/ivan/raspberry-pi-pico/pico/pico-sdk/src/common/pico_sync/lock_core.c.obj
 .debug_abbrev  0x00000000000018c0      0x3aa CMakeFiles/blink-led.dir/home/ivan/raspberry-pi-pico/pico/pico-sdk/src/common/pico_sync/mutex.c.obj
 .debug_abbrev  0x0000000000001c6a      0x3ad CMakeFiles/blink-led.dir/home/ivan/raspberry-pi-pico/pico/pico-sdk/src/common/pico_util/pheap.c.obj
 .debug_abbrev  0x0000000000002017      0x4a1 CMakeFiles/blink-led.dir/home/ivan/raspberry-pi-pico/pico/pico-sdk/src/rp2_common/pico_runtime/runtime.c.obj
 .debug_abbrev  0x00000000000024b8      0x3b6 CMakeFiles/blink-led.dir/home/ivan/raspberry-pi-pico/pico/pico-sdk/src/rp2_common/hardware_clocks/clocks.c.obj
 .debug_abbrev  0x000000000000286e      0x4dc CMakeFiles/blink-led.dir/home/ivan/raspberry-pi-pico/pico/pico-sdk/src/rp2_common/hardware_irq/irq.c.obj
 .debug_abbrev  0x0000000000002d4a       0x14 CMakeFiles/blink-led.dir/home/ivan/raspberry-pi-pico/pico/pico-sdk/src/rp2_common/hardware_irq/irq_handler_chain.S.obj
 .debug_abbrev  0x0000000000002d5e      0x1ee CMakeFiles/blink-led.dir/home/ivan/raspberry-pi-pico/pico/pico-sdk/src/rp2_common/hardware_pll/pll.c.obj
 .debug_abbrev  0x0000000000002f4c      0x2cf CMakeFiles/blink-led.dir/home/ivan/raspberry-pi-pico/pico/pico-sdk/src/rp2_common/hardware_watchdog/watchdog.c.obj
 .debug_abbrev  0x000000000000321b      0x109 CMakeFiles/blink-led.dir/home/ivan/raspberry-pi-pico/pico/pico-sdk/src/rp2_common/hardware_xosc/xosc.c.obj
 .debug_abbrev  0x0000000000003324      0x4a1 CMakeFiles/blink-led.dir/home/ivan/raspberry-pi-pico/pico/pico-sdk/src/rp2_common/pico_printf/printf.c.obj
 .debug_abbrev  0x00000000000037c5       0x12 CMakeFiles/blink-led.dir/home/ivan/raspberry-pi-pico/pico/pico-sdk/src/rp2_common/pico_bit_ops/bit_ops_aeabi.S.obj
 .debug_abbrev  0x00000000000037d7      0x13b CMakeFiles/blink-led.dir/home/ivan/raspberry-pi-pico/pico/pico-sdk/src/rp2_common/pico_bootrom/bootrom.c.obj
 .debug_abbrev  0x0000000000003912       0x12 CMakeFiles/blink-led.dir/home/ivan/raspberry-pi-pico/pico/pico-sdk/src/rp2_common/pico_divider/divider.S.obj
 .debug_abbrev  0x0000000000003924       0x12 CMakeFiles/blink-led.dir/home/ivan/raspberry-pi-pico/pico/pico-sdk/src/rp2_common/pico_double/double_aeabi.S.obj
 .debug_abbrev  0x0000000000003936      0x2c2 CMakeFiles/blink-led.dir/home/ivan/raspberry-pi-pico/pico/pico-sdk/src/rp2_common/pico_double/double_init_rom.c.obj
 .debug_abbrev  0x0000000000003bf8       0x12 CMakeFiles/blink-led.dir/home/ivan/raspberry-pi-pico/pico/pico-sdk/src/rp2_common/pico_double/double_v1_rom_shim.S.obj
 .debug_abbrev  0x0000000000003c0a       0x14 CMakeFiles/blink-led.dir/home/ivan/raspberry-pi-pico/pico/pico-sdk/src/rp2_common/pico_int64_ops/pico_int64_ops_aeabi.S.obj
 .debug_abbrev  0x0000000000003c1e       0x12 CMakeFiles/blink-led.dir/home/ivan/raspberry-pi-pico/pico/pico-sdk/src/rp2_common/pico_float/float_aeabi.S.obj
 .debug_abbrev  0x0000000000003c30      0x2d5 CMakeFiles/blink-led.dir/home/ivan/raspberry-pi-pico/pico/pico-sdk/src/rp2_common/pico_float/float_init_rom.c.obj
 .debug_abbrev  0x0000000000003f05       0x12 CMakeFiles/blink-led.dir/home/ivan/raspberry-pi-pico/pico/pico-sdk/src/rp2_common/pico_float/float_v1_rom_shim.S.obj
 .debug_abbrev  0x0000000000003f17       0x12 CMakeFiles/blink-led.dir/home/ivan/raspberry-pi-pico/pico/pico-sdk/src/rp2_common/pico_mem_ops/mem_ops_aeabi.S.obj
 .debug_abbrev  0x0000000000003f29       0x12 CMakeFiles/blink-led.dir/home/ivan/raspberry-pi-pico/pico/pico-sdk/src/rp2_common/pico_standard_link/crt0.S.obj
 .debug_abbrev  0x0000000000003f3b       0xad CMakeFiles/blink-led.dir/home/ivan/raspberry-pi-pico/pico/pico-sdk/src/rp2_common/pico_standard_link/binary_info.c.obj